[0.007s][info][gc,init] CardTable entry size: 512
[0.007s][info][gc     ] Using G1
[0.008s][info][gc,init] Version: 25.0.1+8-LTS-27 (release)
[0.008s][info][gc,init] CPUs: 14 total, 14 available
[0.008s][info][gc,init] Memory: 32217M
[0.008s][info][gc,init] Large Page Support: Disabled
[0.008s][info][gc,init] NUMA Support: Disabled
[0.008s][info][gc,init] Compressed Oops: Enabled (32-bit)
[0.008s][info][gc,init] Heap Region Size: 1M
[0.008s][info][gc,init] Heap Min Capacity: 8M
[0.008s][info][gc,init] Heap Initial Capacity: 256M
[0.008s][info][gc,init] Heap Max Capacity: 256M
[0.008s][info][gc,init] Pre-touch: Disabled
[0.008s][info][gc,init] Parallel Workers: 11
[0.008s][info][gc,init] Concurrent Workers: 3
[0.009s][info][gc,init] Concurrent Refinement Workers: 11
[0.009s][info][gc,init] Periodic GC: Disabled
[0.016s][info][gc,metaspace] CDS archive(s) mapped at: [0x0000000093000000-0x0000000093dd0000-0x0000000093dd0000), size 14483456, SharedBaseAddress: 0x0000000093000000, ArchiveRelocationMode: 1.
[0.016s][info][gc,metaspace] Compressed class space mapped at: 0x0000000094000000-0x00000000d4000000, reserved size: 1073741824
[0.016s][info][gc,metaspace] UseCompressedClassPointers 1, UseCompactObjectHeaders 0
[0.016s][info][gc,metaspace] Narrow klass pointer bits 32, Max shift 3
[0.016s][info][gc,metaspace] Narrow klass base: 0x0000000093000000, Narrow klass shift: 0
[0.016s][info][gc,metaspace] Encoding Range: [0x0000000093000000 - 0x0000000193000000), (4294967296 bytes)
[0.016s][info][gc,metaspace] Klass Range:    [0x0000000093010000 - 0x00000000d4000000), (1090453504 bytes)
[0.016s][info][gc,metaspace] Klass ID Range:  [65536 - 1090519033) (1090453497)
[0.016s][info][gc,metaspace] Protection zone: [0x0000000093000000 - 0x0000000093010000), (65536 bytes)
[11.597s][info][gc,start    ] GC(0) Pause Young (Concurrent Start) (G1 Humongous Allocation)
[11.597s][info][gc,task     ] GC(0) Using 6 workers of 11 for evacuation
[11.599s][info][gc,phases   ] GC(0)   Pre Evacuate Collection Set: 0.49ms
[11.599s][info][gc,phases   ] GC(0)   Merge Heap Roots: 0.11ms
[11.600s][info][gc,phases   ] GC(0)   Evacuate Collection Set: 1.06ms
[11.600s][info][gc,phases   ] GC(0)   Post Evacuate Collection Set: 0.52ms
[11.600s][info][gc,phases   ] GC(0)   Other: 0.46ms
[11.600s][info][gc,heap     ] GC(0) Eden regions: 2->0(57)
[11.600s][info][gc,heap     ] GC(0) Survivor regions: 0->1(6)
[11.600s][info][gc,heap     ] GC(0) Old regions: 2->2
[11.600s][info][gc,heap     ] GC(0) Humongous regions: 114->114
[11.600s][info][gc,metaspace] GC(0) Metaspace: 421K(640K)->421K(640K) NonClass: 401K(512K)->401K(512K) Class: 19K(128K)->19K(128K)
[11.600s][info][gc          ] GC(0) Pause Young (Concurrent Start) (G1 Humongous Allocation) 117M->115M(256M) 3.125ms
[11.600s][info][gc,cpu      ] GC(0) User=0.00s Sys=0.00s Real=0.00s
[11.600s][info][gc          ] GC(1) Concurrent Mark Cycle
[11.600s][info][gc,marking  ] GC(1) Concurrent Scan Root Regions
[11.601s][info][gc,marking  ] GC(1) Concurrent Scan Root Regions 1.104ms
[11.601s][info][gc,marking  ] GC(1) Concurrent Mark
[11.601s][info][gc,marking  ] GC(1) Concurrent Mark From Roots
[11.601s][info][gc,task     ] GC(1) Using 3 workers of 3 for marking
[11.602s][info][gc,marking  ] GC(1) Concurrent Mark From Roots 1.396ms
[11.602s][info][gc,marking  ] GC(1) Concurrent Preclean
[11.602s][info][gc,marking  ] GC(1) Concurrent Preclean 0.008ms
[11.602s][info][gc,start    ] GC(1) Pause Remark
[11.603s][info][gc          ] GC(1) Pause Remark 118M->118M(256M) 0.721ms
[11.603s][info][gc,cpu      ] GC(1) User=0.00s Sys=0.00s Real=0.00s
[11.603s][info][gc,marking  ] GC(1) Concurrent Mark 2.284ms
[11.603s][info][gc,marking  ] GC(1) Concurrent Rebuild Remembered Sets and Scrub Regions
[11.604s][info][gc,marking  ] GC(1) Concurrent Rebuild Remembered Sets and Scrub Regions 0.395ms
[11.604s][info][gc,start    ] GC(1) Pause Cleanup
[11.604s][info][gc          ] GC(1) Pause Cleanup 118M->118M(256M) 0.025ms
[11.604s][info][gc,cpu      ] GC(1) User=0.00s Sys=0.00s Real=0.00s
[11.604s][info][gc,marking  ] GC(1) Concurrent Clear Claimed Marks
[11.604s][info][gc,marking  ] GC(1) Concurrent Clear Claimed Marks 0.010ms
[11.604s][info][gc,marking  ] GC(1) Concurrent Cleanup for Next Mark
[11.604s][info][gc,marking  ] GC(1) Concurrent Cleanup for Next Mark 0.722ms
[11.604s][info][gc          ] GC(1) Concurrent Mark Cycle 4.795ms
[25.346s][info][gc,start    ] GC(2) Pause Young (Prepare Mixed) (G1 Humongous Allocation)
[25.346s][info][gc,task     ] GC(2) Using 6 workers of 11 for evacuation
[25.347s][info][gc,phases   ] GC(2)   Pre Evacuate Collection Set: 0.24ms
[25.347s][info][gc,phases   ] GC(2)   Merge Heap Roots: 0.16ms
[25.347s][info][gc,phases   ] GC(2)   Evacuate Collection Set: 0.49ms
[25.347s][info][gc,phases   ] GC(2)   Post Evacuate Collection Set: 0.57ms
[25.347s][info][gc,phases   ] GC(2)   Other: 0.05ms
[25.347s][info][gc,heap     ] GC(2) Eden regions: 1->0(3)
[25.347s][info][gc,heap     ] GC(2) Survivor regions: 1->1(2)
[25.347s][info][gc,heap     ] GC(2) Old regions: 2->2
[25.347s][info][gc,heap     ] GC(2) Humongous regions: 250->250
[25.347s][info][gc,metaspace] GC(2) Metaspace: 451K(640K)->451K(640K) NonClass: 431K(512K)->431K(512K) Class: 19K(128K)->19K(128K)
[25.347s][info][gc          ] GC(2) Pause Young (Prepare Mixed) (G1 Humongous Allocation) 252M->251M(256M) 1.684ms
[25.347s][info][gc,cpu      ] GC(2) User=0.00s Sys=0.00s Real=0.00s
[25.550s][info][gc,start    ] GC(3) Pause Young (Mixed) (G1 Humongous Allocation)
[25.550s][info][gc,task     ] GC(3) Using 6 workers of 11 for evacuation
[25.552s][info][gc,phases   ] GC(3)   Pre Evacuate Collection Set: 0.53ms
[25.553s][info][gc,phases   ] GC(3)   Merge Heap Roots: 0.16ms
[25.553s][info][gc,phases   ] GC(3)   Evacuate Collection Set: 0.83ms
[25.553s][info][gc,phases   ] GC(3)   Post Evacuate Collection Set: 0.87ms
[25.553s][info][gc,phases   ] GC(3)   Other: 0.09ms
[25.553s][info][gc,heap     ] GC(3) Eden regions: 1->0(1)
[25.553s][info][gc,heap     ] GC(3) Survivor regions: 1->0(0)
[25.553s][info][gc,heap     ] GC(3) Old regions: 2->3
[25.553s][info][gc,heap     ] GC(3) Humongous regions: 252->252
[25.553s][info][gc,metaspace] GC(3) Metaspace: 451K(640K)->451K(640K) NonClass: 431K(512K)->431K(512K) Class: 19K(128K)->19K(128K)
[25.553s][info][gc          ] GC(3) Pause Young (Mixed) (G1 Humongous Allocation) (Evacuation Failure: Allocation) 254M->253M(256M) 2.968ms
[25.553s][info][gc,cpu      ] GC(3) User=0.00s Sys=0.00s Real=0.00s
[25.553s][info][gc,ergo     ] Attempting full compaction
[25.553s][info][gc,start    ] GC(4) Pause Full (G1 Compaction Pause)
[25.553s][info][gc,task     ] GC(4) Using 6 workers of 11 for full compaction
[25.553s][info][gc,phases,start] GC(4) Phase 1: Mark live objects
[25.554s][info][gc,phases      ] GC(4) Phase 1: Mark live objects 1.319ms
[25.554s][info][gc,phases,start] GC(4) Phase 2: Prepare compaction
[25.555s][info][gc,phases      ] GC(4) Phase 2: Prepare compaction 0.138ms
[25.555s][info][gc,phases,start] GC(4) Phase 3: Adjust pointers
[25.555s][info][gc,phases      ] GC(4) Phase 3: Adjust pointers 0.386ms
[25.555s][info][gc,phases,start] GC(4) Phase 4: Compact heap
[25.555s][info][gc,phases      ] GC(4) Phase 4: Compact heap 0.396ms
[25.555s][info][gc,phases,start] GC(4) Phase 5: Reset Metadata
[25.556s][info][gc,phases      ] GC(4) Phase 5: Reset Metadata 0.255ms
[25.556s][info][gc,heap        ] GC(4) Eden regions: 0->0(2)
[25.556s][info][gc,heap        ] GC(4) Survivor regions: 0->0(0)
[25.556s][info][gc,heap        ] GC(4) Old regions: 3->2
[25.556s][info][gc,heap        ] GC(4) Humongous regions: 252->252
[25.556s][info][gc,metaspace   ] GC(4) Metaspace: 451K(640K)->449K(640K) NonClass: 431K(512K)->430K(512K) Class: 19K(128K)->19K(128K)
[25.556s][info][gc             ] GC(4) Pause Full (G1 Compaction Pause) 253M->253M(256M) 3.447ms
[25.556s][info][gc,cpu         ] GC(4) User=0.00s Sys=0.00s Real=0.00s
[25.556s][info][gc,ergo        ] Attempting maximal full compaction clearing soft references
[25.556s][info][gc,start       ] GC(5) Pause Full (G1 Compaction Pause)
[25.556s][info][gc,task        ] GC(5) Using 6 workers of 11 for full compaction
[25.557s][info][gc,phases,start] GC(5) Phase 1: Mark live objects
[25.557s][info][gc,phases      ] GC(5) Phase 1: Mark live objects 0.789ms
[25.557s][info][gc,phases,start] GC(5) Phase 2: Prepare compaction
[25.558s][info][gc,phases      ] GC(5) Phase 2: Prepare compaction 0.685ms
[25.558s][info][gc,phases,start] GC(5) Phase 3: Adjust pointers
[25.559s][info][gc,phases      ] GC(5) Phase 3: Adjust pointers 0.463ms
[25.559s][info][gc,phases,start] GC(5) Phase 4: Compact heap
[25.559s][info][gc,phases      ] GC(5) Phase 4: Compact heap 0.386ms
[25.559s][info][gc,phases,start] GC(5) Phase 5: Reset Metadata
[25.559s][info][gc,phases      ] GC(5) Phase 5: Reset Metadata 0.091ms
[25.559s][info][gc,heap        ] GC(5) Eden regions: 0->0(2)
[25.559s][info][gc,heap        ] GC(5) Survivor regions: 0->0(0)
[25.559s][info][gc,heap        ] GC(5) Old regions: 2->2
[25.559s][info][gc,heap        ] GC(5) Humongous regions: 252->252
[25.559s][info][gc,metaspace   ] GC(5) Metaspace: 449K(640K)->449K(640K) NonClass: 430K(512K)->430K(512K) Class: 19K(128K)->19K(128K)
[25.560s][info][gc             ] GC(5) Pause Full (G1 Compaction Pause) 253M->253M(256M) 3.179ms
[25.560s][info][gc,cpu         ] GC(5) User=0.00s Sys=0.00s Real=0.00s
[25.560s][info][gc,start       ] GC(6) Pause Young (Concurrent Start) (G1 Evacuation Pause)
[25.560s][info][gc,task        ] GC(6) Using 6 workers of 11 for evacuation
[25.560s][info][gc,phases      ] GC(6)   Pre Evacuate Collection Set: 0.14ms
[25.560s][info][gc,phases      ] GC(6)   Merge Heap Roots: 0.07ms
[25.560s][info][gc,phases      ] GC(6)   Evacuate Collection Set: 0.18ms
[25.560s][info][gc,phases      ] GC(6)   Post Evacuate Collection Set: 0.22ms
[25.560s][info][gc,phases      ] GC(6)   Other: 0.05ms
[25.560s][info][gc,heap        ] GC(6) Eden regions: 0->0(1)
[25.561s][info][gc,heap        ] GC(6) Survivor regions: 0->0(0)
[25.561s][info][gc,heap        ] GC(6) Old regions: 2->2
[25.561s][info][gc,heap        ] GC(6) Humongous regions: 254->254
[25.561s][info][gc,metaspace   ] GC(6) Metaspace: 449K(640K)->449K(640K) NonClass: 430K(512K)->430K(512K) Class: 19K(128K)->19K(128K)
[25.561s][info][gc             ] GC(6) Pause Young (Concurrent Start) (G1 Evacuation Pause) 255M->255M(256M) 0.819ms
[25.561s][info][gc,cpu         ] GC(6) User=0.00s Sys=0.02s Real=0.00s
[25.561s][info][gc             ] GC(7) Concurrent Mark Cycle
[25.561s][info][gc,ergo        ] Attempting full compaction
[25.561s][info][gc,marking     ] GC(7) Concurrent Scan Root Regions
[25.561s][info][gc,start       ] GC(8) Pause Full (G1 Compaction Pause)
[25.561s][info][gc,marking     ] GC(7) Concurrent Scan Root Regions 0.031ms
[25.561s][info][gc,marking     ] GC(7) Concurrent Mark
[25.561s][info][gc,marking     ] GC(7) Concurrent Mark From Roots
[25.561s][info][gc,task        ] GC(7) Using 3 workers of 3 for marking
[25.561s][info][gc,task        ] GC(8) Using 6 workers of 11 for full compaction
[25.561s][info][gc,phases,start] GC(8) Phase 1: Mark live objects
[25.562s][info][gc,phases      ] GC(8) Phase 1: Mark live objects 0.667ms
[25.562s][info][gc,phases,start] GC(8) Phase 2: Prepare compaction
[25.562s][info][gc,phases      ] GC(8) Phase 2: Prepare compaction 0.103ms
[25.562s][info][gc,phases,start] GC(8) Phase 3: Adjust pointers
[25.562s][info][gc,phases      ] GC(8) Phase 3: Adjust pointers 0.358ms
[25.562s][info][gc,phases,start] GC(8) Phase 4: Compact heap
[25.562s][info][gc,phases      ] GC(8) Phase 4: Compact heap 0.088ms
[25.562s][info][gc,phases,start] GC(8) Phase 5: Reset Metadata
[25.562s][info][gc,phases      ] GC(8) Phase 5: Reset Metadata 0.185ms
[25.563s][info][gc,heap        ] GC(8) Eden regions: 0->0(1)
[25.563s][info][gc,heap        ] GC(8) Survivor regions: 0->0(0)
[25.563s][info][gc,heap        ] GC(8) Old regions: 2->2
[25.563s][info][gc,heap        ] GC(8) Humongous regions: 254->254
[25.563s][info][gc,metaspace   ] GC(8) Metaspace: 449K(640K)->449K(640K) NonClass: 430K(512K)->430K(512K) Class: 19K(128K)->19K(128K)
[25.563s][info][gc             ] GC(8) Pause Full (G1 Compaction Pause) 255M->255M(256M) 2.119ms
[25.563s][info][gc,cpu         ] GC(8) User=0.00s Sys=0.00s Real=0.00s
[25.563s][info][gc,ergo        ] Attempting maximal full compaction clearing soft references
[25.563s][info][gc,start       ] GC(9) Pause Full (G1 Compaction Pause)
[25.563s][info][gc,task        ] GC(9) Using 6 workers of 11 for full compaction
[25.563s][info][gc,phases,start] GC(9) Phase 1: Mark live objects
[25.564s][info][gc,phases      ] GC(9) Phase 1: Mark live objects 0.749ms
[25.564s][info][gc,phases,start] GC(9) Phase 2: Prepare compaction
[25.564s][info][gc,phases      ] GC(9) Phase 2: Prepare compaction 0.266ms
[25.564s][info][gc,phases,start] GC(9) Phase 3: Adjust pointers
[25.565s][info][gc,phases      ] GC(9) Phase 3: Adjust pointers 0.480ms
[25.565s][info][gc,phases,start] GC(9) Phase 4: Compact heap
[25.565s][info][gc,phases      ] GC(9) Phase 4: Compact heap 0.239ms
[25.565s][info][gc,phases,start] GC(9) Phase 5: Reset Metadata
[25.565s][info][gc,phases      ] GC(9) Phase 5: Reset Metadata 0.073ms
[25.565s][info][gc,heap        ] GC(9) Eden regions: 0->0(1)
[25.565s][info][gc,heap        ] GC(9) Survivor regions: 0->0(0)
[25.565s][info][gc,heap        ] GC(9) Old regions: 2->2
[25.565s][info][gc,heap        ] GC(9) Humongous regions: 254->254
[25.565s][info][gc,metaspace   ] GC(9) Metaspace: 449K(640K)->449K(640K) NonClass: 430K(512K)->430K(512K) Class: 19K(128K)->19K(128K)
[25.565s][info][gc             ] GC(9) Pause Full (G1 Compaction Pause) 255M->255M(256M) 2.383ms
[25.565s][info][gc,cpu         ] GC(9) User=0.00s Sys=0.00s Real=0.00s
[25.565s][info][gc,marking     ] GC(7) Concurrent Mark From Roots 4.530ms
[25.565s][info][gc,marking     ] GC(7) Concurrent Mark Abort
[25.565s][info][gc             ] GC(7) Concurrent Mark Cycle 4.643ms
[25.565s][info][gc,start       ] GC(10) Pause Young (Normal) (G1 Evacuation Pause)
[25.565s][info][gc,task        ] GC(10) Using 6 workers of 11 for evacuation
[25.566s][info][gc,phases      ] GC(10)   Pre Evacuate Collection Set: 0.05ms
[25.566s][info][gc,phases      ] GC(10)   Merge Heap Roots: 0.02ms
[25.566s][info][gc,phases      ] GC(10)   Evacuate Collection Set: 0.06ms
[25.566s][info][gc,phases      ] GC(10)   Post Evacuate Collection Set: 0.14ms
[25.566s][info][gc,phases      ] GC(10)   Other: 0.04ms
[25.566s][info][gc,heap        ] GC(10) Eden regions: 0->0(1)
[25.566s][info][gc,heap        ] GC(10) Survivor regions: 0->0(0)
[25.566s][info][gc,heap        ] GC(10) Old regions: 2->2
[25.566s][info][gc,heap        ] GC(10) Humongous regions: 254->254
[25.566s][info][gc,metaspace   ] GC(10) Metaspace: 449K(640K)->449K(640K) NonClass: 430K(512K)->430K(512K) Class: 19K(128K)->19K(128K)
[25.566s][info][gc             ] GC(10) Pause Young (Normal) (G1 Evacuation Pause) 255M->255M(256M) 0.432ms
[25.566s][info][gc,cpu         ] GC(10) User=0.00s Sys=0.00s Real=0.00s
[25.566s][info][gc,ergo        ] Attempting full compaction
[25.566s][info][gc,start       ] GC(11) Pause Full (G1 Compaction Pause)
[25.566s][info][gc,task        ] GC(11) Using 6 workers of 11 for full compaction
[25.566s][info][gc,phases,start] GC(11) Phase 1: Mark live objects
[25.566s][info][gc,phases      ] GC(11) Phase 1: Mark live objects 0.601ms
[25.566s][info][gc,phases,start] GC(11) Phase 2: Prepare compaction
[25.566s][info][gc,phases      ] GC(11) Phase 2: Prepare compaction 0.079ms
[25.566s][info][gc,phases,start] GC(11) Phase 3: Adjust pointers
[25.567s][info][gc,phases      ] GC(11) Phase 3: Adjust pointers 0.452ms
[25.567s][info][gc,phases,start] GC(11) Phase 4: Compact heap
[25.567s][info][gc,phases      ] GC(11) Phase 4: Compact heap 0.128ms
[25.567s][info][gc,phases,start] GC(11) Phase 5: Reset Metadata
[25.567s][info][gc,phases      ] GC(11) Phase 5: Reset Metadata 0.183ms
[25.568s][info][gc,heap        ] GC(11) Eden regions: 0->0(1)
[25.568s][info][gc,heap        ] GC(11) Survivor regions: 0->0(0)
[25.568s][info][gc,heap        ] GC(11) Old regions: 2->2
[25.568s][info][gc,heap        ] GC(11) Humongous regions: 254->254
[25.568s][info][gc,metaspace   ] GC(11) Metaspace: 449K(640K)->449K(640K) NonClass: 430K(512K)->430K(512K) Class: 19K(128K)->19K(128K)
[25.568s][info][gc             ] GC(11) Pause Full (G1 Compaction Pause) 255M->255M(256M) 1.954ms
[25.568s][info][gc,cpu         ] GC(11) User=0.00s Sys=0.00s Real=0.00s
[25.568s][info][gc,ergo        ] Attempting maximal full compaction clearing soft references
[25.568s][info][gc,start       ] GC(12) Pause Full (G1 Compaction Pause)
[25.568s][info][gc,task        ] GC(12) Using 6 workers of 11 for full compaction
[25.568s][info][gc,phases,start] GC(12) Phase 1: Mark live objects
[25.568s][info][gc,phases      ] GC(12) Phase 1: Mark live objects 0.629ms
[25.568s][info][gc,phases,start] GC(12) Phase 2: Prepare compaction
[25.569s][info][gc,phases      ] GC(12) Phase 2: Prepare compaction 0.232ms
[25.569s][info][gc,phases,start] GC(12) Phase 3: Adjust pointers
[25.569s][info][gc,phases      ] GC(12) Phase 3: Adjust pointers 0.461ms
[25.569s][info][gc,phases,start] GC(12) Phase 4: Compact heap
[25.569s][info][gc,phases      ] GC(12) Phase 4: Compact heap 0.193ms
[25.569s][info][gc,phases,start] GC(12) Phase 5: Reset Metadata
[25.569s][info][gc,phases      ] GC(12) Phase 5: Reset Metadata 0.054ms
[25.570s][info][gc,heap        ] GC(12) Eden regions: 0->0(1)
[25.570s][info][gc,heap        ] GC(12) Survivor regions: 0->0(0)
[25.570s][info][gc,heap        ] GC(12) Old regions: 2->2
[25.570s][info][gc,heap        ] GC(12) Humongous regions: 254->254
[25.570s][info][gc,metaspace   ] GC(12) Metaspace: 449K(640K)->449K(640K) NonClass: 430K(512K)->430K(512K) Class: 19K(128K)->19K(128K)
[25.570s][info][gc             ] GC(12) Pause Full (G1 Compaction Pause) 255M->255M(256M) 2.025ms
[25.570s][info][gc,cpu         ] GC(12) User=0.00s Sys=0.00s Real=0.00s
[25.570s][info][gc,start       ] GC(13) Pause Young (Concurrent Start) (G1 Evacuation Pause)
[25.570s][info][gc,task        ] GC(13) Using 6 workers of 11 for evacuation
[25.570s][info][gc,phases      ] GC(13)   Pre Evacuate Collection Set: 0.11ms
[25.570s][info][gc,phases      ] GC(13)   Merge Heap Roots: 0.02ms
[25.570s][info][gc,phases      ] GC(13)   Evacuate Collection Set: 0.08ms
[25.570s][info][gc,phases      ] GC(13)   Post Evacuate Collection Set: 0.08ms
[25.570s][info][gc,phases      ] GC(13)   Other: 0.03ms
[25.570s][info][gc,heap        ] GC(13) Eden regions: 0->0(1)
[25.570s][info][gc,heap        ] GC(13) Survivor regions: 0->0(0)
[25.570s][info][gc,heap        ] GC(13) Old regions: 2->2
[25.570s][info][gc,heap        ] GC(13) Humongous regions: 254->254
[25.570s][info][gc,metaspace   ] GC(13) Metaspace: 449K(640K)->449K(640K) NonClass: 430K(512K)->430K(512K) Class: 19K(128K)->19K(128K)
[25.570s][info][gc             ] GC(13) Pause Young (Concurrent Start) (G1 Evacuation Pause) 255M->255M(256M) 0.421ms
[25.570s][info][gc,cpu         ] GC(13) User=0.00s Sys=0.00s Real=0.00s
[25.570s][info][gc             ] GC(14) Concurrent Mark Cycle
[25.570s][info][gc,ergo        ] Attempting full compaction
[25.570s][info][gc,marking     ] GC(14) Concurrent Scan Root Regions
[25.570s][info][gc,start       ] GC(15) Pause Full (G1 Compaction Pause)
[25.570s][info][gc,marking     ] GC(14) Concurrent Scan Root Regions 0.023ms
[25.570s][info][gc,task        ] GC(15) Using 6 workers of 11 for full compaction
[25.570s][info][gc,marking     ] GC(14) Concurrent Mark
[25.570s][info][gc,marking     ] GC(14) Concurrent Mark From Roots
[25.570s][info][gc,task        ] GC(14) Using 3 workers of 3 for marking
[25.570s][info][gc,phases,start] GC(15) Phase 1: Mark live objects
[25.571s][info][gc,phases      ] GC(15) Phase 1: Mark live objects 0.625ms
[25.571s][info][gc,phases,start] GC(15) Phase 2: Prepare compaction
[25.571s][info][gc,phases      ] GC(15) Phase 2: Prepare compaction 0.084ms
[25.571s][info][gc,phases,start] GC(15) Phase 3: Adjust pointers
[25.572s][info][gc,phases      ] GC(15) Phase 3: Adjust pointers 0.336ms
[25.572s][info][gc,phases,start] GC(15) Phase 4: Compact heap
[25.572s][info][gc,phases      ] GC(15) Phase 4: Compact heap 0.072ms
[25.572s][info][gc,phases,start] GC(15) Phase 5: Reset Metadata
[25.572s][info][gc,phases      ] GC(15) Phase 5: Reset Metadata 0.161ms
[25.572s][info][gc,heap        ] GC(15) Eden regions: 0->0(1)
[25.572s][info][gc,heap        ] GC(15) Survivor regions: 0->0(0)
[25.572s][info][gc,heap        ] GC(15) Old regions: 2->2
[25.572s][info][gc,heap        ] GC(15) Humongous regions: 254->254
[25.572s][info][gc,metaspace   ] GC(15) Metaspace: 449K(640K)->449K(640K) NonClass: 430K(512K)->430K(512K) Class: 19K(128K)->19K(128K)
[25.572s][info][gc             ] GC(15) Pause Full (G1 Compaction Pause) 255M->255M(256M) 1.887ms
[25.572s][info][gc,cpu         ] GC(15) User=0.00s Sys=0.00s Real=0.00s
[25.572s][info][gc,ergo        ] Attempting maximal full compaction clearing soft references
[25.572s][info][gc,start       ] GC(16) Pause Full (G1 Compaction Pause)
[25.572s][info][gc,task        ] GC(16) Using 6 workers of 11 for full compaction
[25.572s][info][gc,phases,start] GC(16) Phase 1: Mark live objects
[25.573s][info][gc,phases      ] GC(16) Phase 1: Mark live objects 0.695ms
[25.573s][info][gc,phases,start] GC(16) Phase 2: Prepare compaction
[25.573s][info][gc,phases      ] GC(16) Phase 2: Prepare compaction 0.209ms
[25.573s][info][gc,phases,start] GC(16) Phase 3: Adjust pointers
[25.574s][info][gc,phases      ] GC(16) Phase 3: Adjust pointers 0.321ms
[25.574s][info][gc,phases,start] GC(16) Phase 4: Compact heap
[25.574s][info][gc,phases      ] GC(16) Phase 4: Compact heap 0.252ms
[25.574s][info][gc,phases,start] GC(16) Phase 5: Reset Metadata
[25.574s][info][gc,phases      ] GC(16) Phase 5: Reset Metadata 0.063ms
[25.574s][info][gc,heap        ] GC(16) Eden regions: 0->0(1)
[25.574s][info][gc,heap        ] GC(16) Survivor regions: 0->0(0)
[25.574s][info][gc,heap        ] GC(16) Old regions: 2->2
[25.574s][info][gc,heap        ] GC(16) Humongous regions: 254->254
[25.574s][info][gc,metaspace   ] GC(16) Metaspace: 449K(640K)->449K(640K) NonClass: 430K(512K)->430K(512K) Class: 19K(128K)->19K(128K)
[25.574s][info][gc             ] GC(16) Pause Full (G1 Compaction Pause) 255M->255M(256M) 2.177ms
[25.574s][info][gc,cpu         ] GC(16) User=0.00s Sys=0.00s Real=0.00s
[25.574s][info][gc,marking     ] GC(14) Concurrent Mark From Roots 4.103ms
[25.574s][info][gc,marking     ] GC(14) Concurrent Mark Abort
[25.574s][info][gc             ] GC(14) Concurrent Mark Cycle 4.215ms
[25.574s][info][gc,start       ] GC(17) Pause Young (Normal) (G1 Evacuation Pause)
[25.574s][info][gc,task        ] GC(17) Using 6 workers of 11 for evacuation
[25.575s][info][gc,phases      ] GC(17)   Pre Evacuate Collection Set: 0.06ms
[25.575s][info][gc,phases      ] GC(17)   Merge Heap Roots: 0.02ms
[25.575s][info][gc,phases      ] GC(17)   Evacuate Collection Set: 0.04ms
[25.575s][info][gc,phases      ] GC(17)   Post Evacuate Collection Set: 0.07ms
[25.575s][info][gc,phases      ] GC(17)   Other: 0.04ms
[25.575s][info][gc,heap        ] GC(17) Eden regions: 0->0(1)
[25.575s][info][gc,heap        ] GC(17) Survivor regions: 0->0(0)
[25.575s][info][gc,heap        ] GC(17) Old regions: 2->2
[25.575s][info][gc,heap        ] GC(17) Humongous regions: 254->254
[25.575s][info][gc,metaspace   ] GC(17) Metaspace: 449K(640K)->449K(640K) NonClass: 430K(512K)->430K(512K) Class: 19K(128K)->19K(128K)
[25.575s][info][gc             ] GC(17) Pause Young (Normal) (G1 Evacuation Pause) 255M->255M(256M) 0.384ms
[25.575s][info][gc,cpu         ] GC(17) User=0.00s Sys=0.00s Real=0.00s
[25.575s][info][gc,ergo        ] Attempting full compaction
[25.575s][info][gc,start       ] GC(18) Pause Full (G1 Compaction Pause)
[25.575s][info][gc,task        ] GC(18) Using 6 workers of 11 for full compaction
[25.575s][info][gc,phases,start] GC(18) Phase 1: Mark live objects
[25.576s][info][gc,phases      ] GC(18) Phase 1: Mark live objects 0.647ms
[25.576s][info][gc,phases,start] GC(18) Phase 2: Prepare compaction
[25.576s][info][gc,phases      ] GC(18) Phase 2: Prepare compaction 0.076ms
[25.576s][info][gc,phases,start] GC(18) Phase 3: Adjust pointers
[25.576s][info][gc,phases      ] GC(18) Phase 3: Adjust pointers 0.431ms
[25.576s][info][gc,phases,start] GC(18) Phase 4: Compact heap
[25.576s][info][gc,phases      ] GC(18) Phase 4: Compact heap 0.108ms
[25.576s][info][gc,phases,start] GC(18) Phase 5: Reset Metadata
[25.576s][info][gc,phases      ] GC(18) Phase 5: Reset Metadata 0.161ms
[25.577s][info][gc,heap        ] GC(18) Eden regions: 0->0(1)
[25.577s][info][gc,heap        ] GC(18) Survivor regions: 0->0(0)
[25.577s][info][gc,heap        ] GC(18) Old regions: 2->2
[25.577s][info][gc,heap        ] GC(18) Humongous regions: 254->254
[25.577s][info][gc,metaspace   ] GC(18) Metaspace: 449K(640K)->449K(640K) NonClass: 430K(512K)->430K(512K) Class: 19K(128K)->19K(128K)
[25.577s][info][gc             ] GC(18) Pause Full (G1 Compaction Pause) 255M->255M(256M) 1.834ms
[25.577s][info][gc,cpu         ] GC(18) User=0.00s Sys=0.02s Real=0.00s
[25.577s][info][gc,ergo        ] Attempting maximal full compaction clearing soft references
[25.577s][info][gc,start       ] GC(19) Pause Full (G1 Compaction Pause)
[25.577s][info][gc,task        ] GC(19) Using 6 workers of 11 for full compaction
[25.577s][info][gc,phases,start] GC(19) Phase 1: Mark live objects
[25.577s][info][gc,phases      ] GC(19) Phase 1: Mark live objects 0.602ms
[25.577s][info][gc,phases,start] GC(19) Phase 2: Prepare compaction
[25.578s][info][gc,phases      ] GC(19) Phase 2: Prepare compaction 0.266ms
[25.578s][info][gc,phases,start] GC(19) Phase 3: Adjust pointers
[25.578s][info][gc,phases      ] GC(19) Phase 3: Adjust pointers 0.320ms
[25.578s][info][gc,phases,start] GC(19) Phase 4: Compact heap
[25.578s][info][gc,phases      ] GC(19) Phase 4: Compact heap 0.185ms
[25.578s][info][gc,phases,start] GC(19) Phase 5: Reset Metadata
[25.578s][info][gc,phases      ] GC(19) Phase 5: Reset Metadata 0.059ms
[25.579s][info][gc,heap        ] GC(19) Eden regions: 0->0(1)
[25.579s][info][gc,heap        ] GC(19) Survivor regions: 0->0(0)
[25.579s][info][gc,heap        ] GC(19) Old regions: 2->2
[25.579s][info][gc,heap        ] GC(19) Humongous regions: 254->254
[25.579s][info][gc,metaspace   ] GC(19) Metaspace: 449K(640K)->449K(640K) NonClass: 430K(512K)->430K(512K) Class: 19K(128K)->19K(128K)
[25.579s][info][gc             ] GC(19) Pause Full (G1 Compaction Pause) 255M->255M(256M) 1.891ms
[25.579s][info][gc,cpu         ] GC(19) User=0.00s Sys=0.00s Real=0.00s
[25.579s][info][gc,start       ] GC(20) Pause Young (Concurrent Start) (G1 Evacuation Pause)
[25.579s][info][gc,task        ] GC(20) Using 6 workers of 11 for evacuation
[25.579s][info][gc,phases      ] GC(20)   Pre Evacuate Collection Set: 0.12ms
[25.579s][info][gc,phases      ] GC(20)   Merge Heap Roots: 0.03ms
[25.579s][info][gc,phases      ] GC(20)   Evacuate Collection Set: 0.06ms
[25.579s][info][gc,phases      ] GC(20)   Post Evacuate Collection Set: 0.08ms
[25.579s][info][gc,phases      ] GC(20)   Other: 0.03ms
[25.579s][info][gc,heap        ] GC(20) Eden regions: 0->0(1)
[25.579s][info][gc,heap        ] GC(20) Survivor regions: 0->0(0)
[25.579s][info][gc,heap        ] GC(20) Old regions: 2->2
[25.579s][info][gc,heap        ] GC(20) Humongous regions: 254->254
[25.579s][info][gc,metaspace   ] GC(20) Metaspace: 449K(640K)->449K(640K) NonClass: 430K(512K)->430K(512K) Class: 19K(128K)->19K(128K)
[25.579s][info][gc             ] GC(20) Pause Young (Concurrent Start) (G1 Evacuation Pause) 255M->255M(256M) 0.419ms
[25.579s][info][gc,cpu         ] GC(20) User=0.00s Sys=0.00s Real=0.00s
[25.579s][info][gc             ] GC(21) Concurrent Mark Cycle
[25.579s][info][gc,ergo        ] Attempting full compaction
[25.579s][info][gc,marking     ] GC(21) Concurrent Scan Root Regions
[25.579s][info][gc,start       ] GC(22) Pause Full (G1 Compaction Pause)
[25.579s][info][gc,marking     ] GC(21) Concurrent Scan Root Regions 0.024ms
[25.579s][info][gc,task        ] GC(22) Using 6 workers of 11 for full compaction
[25.579s][info][gc,marking     ] GC(21) Concurrent Mark
[25.579s][info][gc,marking     ] GC(21) Concurrent Mark From Roots
[25.579s][info][gc,task        ] GC(21) Using 3 workers of 3 for marking
[25.579s][info][gc,phases,start] GC(22) Phase 1: Mark live objects
[25.580s][info][gc,phases      ] GC(22) Phase 1: Mark live objects 0.523ms
[25.580s][info][gc,phases,start] GC(22) Phase 2: Prepare compaction
[25.580s][info][gc,phases      ] GC(22) Phase 2: Prepare compaction 0.159ms
[25.580s][info][gc,phases,start] GC(22) Phase 3: Adjust pointers
[25.581s][info][gc,phases      ] GC(22) Phase 3: Adjust pointers 0.487ms
[25.581s][info][gc,phases,start] GC(22) Phase 4: Compact heap
[25.581s][info][gc,phases      ] GC(22) Phase 4: Compact heap 0.177ms
[25.581s][info][gc,phases,start] GC(22) Phase 5: Reset Metadata
[25.581s][info][gc,phases      ] GC(22) Phase 5: Reset Metadata 0.175ms
[25.581s][info][gc,heap        ] GC(22) Eden regions: 0->0(3)
[25.581s][info][gc,heap        ] GC(22) Survivor regions: 0->0(0)
[25.581s][info][gc,heap        ] GC(22) Old regions: 2->2
[25.581s][info][gc,heap        ] GC(22) Humongous regions: 254->0
[25.581s][info][gc,metaspace   ] GC(22) Metaspace: 449K(640K)->449K(640K) NonClass: 430K(512K)->430K(512K) Class: 19K(128K)->19K(128K)
[25.581s][info][gc             ] GC(22) Pause Full (G1 Compaction Pause) 255M->1M(8M) 2.066ms
[25.581s][info][gc,cpu         ] GC(22) User=0.00s Sys=0.00s Real=0.00s
[25.581s][info][gc,marking     ] GC(21) Concurrent Mark From Roots 2.045ms
[25.581s][info][gc,marking     ] GC(21) Concurrent Mark Abort
[25.581s][info][gc             ] GC(21) Concurrent Mark Cycle 2.174ms
[25.587s][info][gc,exit        ] Heap
[25.587s][info][gc,exit        ]  garbage-first heap   total reserved 262144K, committed 8192K, used 1559K [0x00000000f0000000, 0x0000000100000000)
[25.587s][info][gc,exit        ]   region size 1024K, 1 young (1024K), 0 survivors (0K)
[25.587s][info][gc,exit        ]  Metaspace       used 454K, committed 640K, reserved 1114112K
[25.587s][info][gc,exit        ]   class space    used 19K, committed 128K, reserved 1048576K
