[0.008s][info][gc,init] CardTable entry size: 512
[0.008s][info][gc     ] Using Serial
[0.009s][info][gc,init] Version: 25.0.1+8-LTS-27 (release)
[0.009s][info][gc,init] CPUs: 14 total, 14 available
[0.009s][info][gc,init] Memory: 32217M
[0.009s][info][gc,init] Large Page Support: Disabled
[0.009s][info][gc,init] NUMA Support: Disabled
[0.009s][info][gc,init] Compressed Oops: Enabled (32-bit)
[0.009s][info][gc,init] Heap Min Capacity: 8M
[0.009s][info][gc,init] Heap Initial Capacity: 256M
[0.009s][info][gc,init] Heap Max Capacity: 256M
[0.009s][info][gc,init] Pre-touch: Disabled
[0.016s][info][gc,metaspace] CDS archive(s) mapped at: [0x000000009b000000-0x000000009bdd0000-0x000000009bdd0000), size 14483456, SharedBaseAddress: 0x000000009b000000, ArchiveRelocationMode: 1.
[0.016s][info][gc,metaspace] Compressed class space mapped at: 0x000000009c000000-0x00000000dc000000, reserved size: 1073741824
[0.016s][info][gc,metaspace] UseCompressedClassPointers 1, UseCompactObjectHeaders 0
[0.016s][info][gc,metaspace] Narrow klass pointer bits 32, Max shift 3
[0.016s][info][gc,metaspace] Narrow klass base: 0x000000009b000000, Narrow klass shift: 0
[0.016s][info][gc,metaspace] Encoding Range: [0x000000009b000000 - 0x000000019b000000), (4294967296 bytes)
[0.016s][info][gc,metaspace] Klass Range:    [0x000000009b010000 - 0x00000000dc000000), (1090453504 bytes)
[0.016s][info][gc,metaspace] Klass ID Range:  [65536 - 1090519033) (1090453497)
[0.016s][info][gc,metaspace] Protection zone: [0x000000009b000000 - 0x000000009b010000), (65536 bytes)
[12.984s][info][gc,start    ] GC(0) Pause Young (Allocation Failure)
[13.009s][info][gc,heap     ] GC(0) DefNew: 69734K(78656K)->8574K(78656K) Eden: 69734K(69952K)->0K(69952K) From: 0K(8704K)->8574K(8704K)
[13.009s][info][gc,heap     ] GC(0) Tenured: 1173K(174784K)->58518K(174784K)
[13.009s][info][gc,metaspace] GC(0) Metaspace: 445K(640K)->445K(640K) NonClass: 426K(512K)->426K(512K) Class: 19K(128K)->19K(128K)
[13.009s][info][gc          ] GC(0) Pause Young (Allocation Failure) 69M->65M(247M) 26.155ms
[13.009s][info][gc,cpu      ] GC(0) User=0.00s Sys=0.03s Real=0.03s
[26.535s][info][gc,start    ] GC(1) Pause Young (Allocation Failure)
[26.558s][info][gc,heap     ] GC(1) DefNew: 77524K(78656K)->8192K(78656K) Eden: 68950K(69952K)->0K(69952K) From: 8574K(8704K)->8192K(8704K)
[26.558s][info][gc,heap     ] GC(1) Tenured: 58518K(174784K)->127509K(174784K)
[26.558s][info][gc,metaspace] GC(1) Metaspace: 453K(640K)->453K(640K) NonClass: 433K(512K)->433K(512K) Class: 19K(128K)->19K(128K)
[26.559s][info][gc          ] GC(1) Pause Young (Allocation Failure) 132M->132M(247M) 23.254ms
[26.559s][info][gc,cpu      ] GC(1) User=0.00s Sys=0.02s Real=0.02s
[40.060s][info][gc,start    ] GC(2) Pause Full (Allocation Failure)
[40.060s][info][gc,phases,start] GC(2) Phase 1: Mark live objects
[40.062s][info][gc,phases      ] GC(2) Phase 1: Mark live objects 1.596ms
[40.062s][info][gc,phases,start] GC(2) Phase 2: Compute new object addresses
[40.062s][info][gc,phases      ] GC(2) Phase 2: Compute new object addresses 0.486ms
[40.062s][info][gc,phases,start] GC(2) Phase 3: Adjust pointers
[40.066s][info][gc,phases      ] GC(2) Phase 3: Adjust pointers 3.854ms
[40.066s][info][gc,phases,start] GC(2) Phase 4: Move objects
[40.084s][info][gc,phases      ] GC(2) Phase 4: Move objects 17.288ms
[40.084s][info][gc,heap        ] GC(2) DefNew: 77153K(78656K)->29696K(78656K) Eden: 68960K(69952K)->29696K(69952K) From: 8192K(8704K)->0K(8704K)
[40.084s][info][gc,heap        ] GC(2) Tenured: 127509K(174784K)->174615K(174784K)
[40.084s][info][gc,metaspace   ] GC(2) Metaspace: 458K(640K)->458K(640K) NonClass: 438K(512K)->438K(512K) Class: 19K(128K)->19K(128K)
[40.084s][info][gc             ] GC(2) Pause Full (Allocation Failure) 199M->199M(247M) 23.630ms
[40.084s][info][gc,cpu         ] GC(2) User=0.02s Sys=0.00s Real=0.02s
[47.750s][info][gc,start       ] GC(3) Pause Full (Allocation Failure)
[47.751s][info][gc,phases,start] GC(3) Phase 1: Mark live objects
[47.752s][info][gc,phases      ] GC(3) Phase 1: Mark live objects 1.781ms
[47.752s][info][gc,phases,start] GC(3) Phase 2: Compute new object addresses
[47.753s][info][gc,phases      ] GC(3) Phase 2: Compute new object addresses 0.457ms
[47.753s][info][gc,phases,start] GC(3) Phase 3: Adjust pointers
[47.754s][info][gc,phases      ] GC(3) Phase 3: Adjust pointers 0.780ms
[47.754s][info][gc,phases,start] GC(3) Phase 4: Move objects
[47.757s][info][gc,phases      ] GC(3) Phase 4: Move objects 3.127ms
[47.757s][info][gc,heap        ] GC(3) DefNew: 68967K(78656K)->68609K(78656K) Eden: 68967K(69952K)->68609K(69952K) From: 0K(8704K)->0K(8704K)
[47.757s][info][gc,heap        ] GC(3) Tenured: 174615K(174784K)->174615K(174784K)
[47.757s][info][gc,metaspace   ] GC(3) Metaspace: 458K(640K)->458K(640K) NonClass: 439K(512K)->439K(512K) Class: 19K(128K)->19K(128K)
[47.757s][info][gc             ] GC(3) Pause Full (Allocation Failure) 237M->237M(247M) 6.574ms
[47.757s][info][gc,cpu         ] GC(3) User=0.00s Sys=0.02s Real=0.01s
[47.958s][info][gc,start       ] GC(4) Pause Full (Allocation Failure)
[47.958s][info][gc,phases,start] GC(4) Phase 1: Mark live objects
[47.961s][info][gc,phases      ] GC(4) Phase 1: Mark live objects 2.467ms
[47.961s][info][gc,phases,start] GC(4) Phase 2: Compute new object addresses
[47.961s][info][gc,phases      ] GC(4) Phase 2: Compute new object addresses 0.438ms
[47.961s][info][gc,phases,start] GC(4) Phase 3: Adjust pointers
[47.962s][info][gc,phases      ] GC(4) Phase 3: Adjust pointers 0.630ms
[47.962s][info][gc,phases,start] GC(4) Phase 4: Move objects
[47.962s][info][gc,phases      ] GC(4) Phase 4: Move objects 0.009ms
[47.962s][info][gc,heap        ] GC(4) DefNew: 69952K(78656K)->69633K(78656K) Eden: 69952K(69952K)->69633K(69952K) From: 0K(8704K)->0K(8704K)
[47.962s][info][gc,heap        ] GC(4) Tenured: 174615K(174784K)->174615K(174784K)
[47.962s][info][gc,metaspace   ] GC(4) Metaspace: 458K(640K)->457K(640K) NonClass: 439K(512K)->437K(512K) Class: 19K(128K)->19K(128K)
[47.962s][info][gc             ] GC(4) Pause Full (Allocation Failure) 238M->238M(247M) 3.929ms
[47.962s][info][gc,cpu         ] GC(4) User=0.00s Sys=0.00s Real=0.00s
[47.962s][info][gc,start       ] GC(5) Pause Full (Allocation Failure)
[47.962s][info][gc,phases,start] GC(5) Phase 1: Mark live objects
[47.963s][info][gc,phases      ] GC(5) Phase 1: Mark live objects 1.130ms
[47.963s][info][gc,phases,start] GC(5) Phase 2: Compute new object addresses
[47.963s][info][gc,phases      ] GC(5) Phase 2: Compute new object addresses 0.202ms
[47.963s][info][gc,phases,start] GC(5) Phase 3: Adjust pointers
[47.964s][info][gc,phases      ] GC(5) Phase 3: Adjust pointers 0.452ms
[47.964s][info][gc,phases,start] GC(5) Phase 4: Move objects
[47.976s][info][gc,phases      ] GC(5) Phase 4: Move objects 12.437ms
[47.976s][info][gc,heap        ] GC(5) DefNew: 69633K(78656K)->69633K(78656K) Eden: 69633K(69952K)->69633K(69952K) From: 0K(8704K)->0K(8704K)
[47.976s][info][gc,heap        ] GC(5) Tenured: 174615K(174784K)->174545K(174784K)
[47.976s][info][gc,metaspace   ] GC(5) Metaspace: 457K(640K)->457K(640K) NonClass: 437K(512K)->437K(512K) Class: 19K(128K)->19K(128K)
[47.976s][info][gc             ] GC(5) Pause Full (Allocation Failure) 238M->238M(247M) 14.459ms
[47.977s][info][gc,cpu         ] GC(5) User=0.00s Sys=0.02s Real=0.01s
[47.979s][info][gc,exit        ] Heap
[47.979s][info][gc,exit        ]  DefNew     total 78656K, used 69952K [0x00000000f0000000, 0x00000000f5550000, 0x00000000f5550000)
[47.979s][info][gc,exit        ]   eden space 69952K, 100% used [0x00000000f0000000, 0x00000000f4450000, 0x00000000f4450000)
[47.979s][info][gc,exit        ]   from space 8704K,   0% used [0x00000000f4450000, 0x00000000f4450000, 0x00000000f4cd0000)
[47.979s][info][gc,exit        ]   to   space 8704K,   0% used [0x00000000f4cd0000, 0x00000000f4cd0000, 0x00000000f5550000)
[47.979s][info][gc,exit        ]  Tenured    total 174784K, used 174546K [0x00000000f5550000, 0x0000000100000000, 0x0000000100000000)
[47.979s][info][gc,exit        ]   the  space 174784K,  99% used [0x00000000f5550000, 0x00000000fffc48a8, 0x0000000100000000)
[47.979s][info][gc,exit        ]  Metaspace       used 457K, committed 640K, reserved 1114112K
[47.979s][info][gc,exit        ]   class space    used 19K, committed 128K, reserved 1048576K
