[0.008s][info][gc,init] Initializing The Z Garbage Collector
[0.008s][info][gc,init] Version: 25.0.1+8-LTS-27 (release)
[0.009s][info][gc,init] NUMA Support: Disabled
[0.009s][info][gc,init] CPUs: 14 total, 14 available
[0.009s][info][gc,init] Memory: 32217M
[0.009s][info][gc,init] Large Page Support: Disabled
[0.010s][info][gc,init] Address Space Size: limited (137434245224K)
[0.010s][info][gc,init] Reserved Space Type: Contiguous/Unrestricted/Complete
[0.010s][info][gc,init] Reserved Space Size: 4G
[0.010s][info][gc,init] Min Capacity: 8M
[0.010s][info][gc,init] Initial Capacity: 256M
[0.010s][info][gc,init] Max Capacity: 256M
[0.010s][info][gc,init] Soft Max Capacity: 256M
[0.010s][info][gc,init] Page Size Medium: Range [2M, 8M]
[0.010s][info][gc,init] Pre-touch: Disabled
[0.010s][info][gc,init] Uncommit: Enabled
[0.011s][info][gc,init] Uncommit Delay: 300s
[0.011s][info][gc,init] GC Workers for Old Generation: 2 (dynamic)
[0.011s][info][gc,init] GC Workers for Young Generation: 2 (dynamic)
[0.014s][info][gc,init] GC Workers Max: 2 (dynamic)
[0.014s][info][gc,init] Runtime Workers: 2
[0.014s][info][gc     ] Using The Z Garbage Collector
[0.024s][info][gc,metaspace] CDS archive(s) mapped at: [0x0000000020000000-0x0000000020dd0000-0x0000000020dd0000), size 14483456, SharedBaseAddress: 0x0000000020000000, ArchiveRelocationMode: 1.
[0.024s][info][gc,metaspace] Compressed class space mapped at: 0x0000000021000000-0x0000000061000000, reserved size: 1073741824
[0.024s][info][gc,metaspace] UseCompressedClassPointers 1, UseCompactObjectHeaders 0
[0.024s][info][gc,metaspace] Narrow klass pointer bits 32, Max shift 3
[0.024s][info][gc,metaspace] Narrow klass base: 0x0000000020000000, Narrow klass shift: 0
[0.024s][info][gc,metaspace] Encoding Range: [0x0000000020000000 - 0x0000000120000000), (4294967296 bytes)
[0.024s][info][gc,metaspace] Klass Range:    [0x0000000020010000 - 0x0000000061000000), (1090453504 bytes)
[0.024s][info][gc,metaspace] Klass ID Range:  [65536 - 1090519033) (1090453497)
[0.024s][info][gc,metaspace] Protection zone: [0x0000000020000000 - 0x0000000020010000), (65536 bytes)
[2.085s][info][gc          ] GC(0) Major Collection (Warmup)
[2.085s][info][gc,task     ] GC(0) Using 2 Workers for Young Generation
[2.085s][info][gc,task     ] GC(0) Using 1 Workers for Old Generation
[2.085s][info][gc,phases   ] GC(0) Y: Young Generation
[2.085s][info][gc,phases   ] GC(0) Y: Pause Mark Start (Major) 0.030ms
[2.090s][info][gc,phases   ] GC(0) Y: Concurrent Mark 4.646ms
[2.090s][info][gc,phases   ] GC(0) Y: Pause Mark End 0.030ms
[2.090s][info][gc,phases   ] GC(0) Y: Concurrent Mark Free 0.001ms
[2.090s][info][gc,phases   ] GC(0) Y: Concurrent Reset Relocation Set 0.001ms
[2.091s][info][gc,reloc    ] GC(0) Y: Using tenuring threshold: 1 (Computed)
[2.091s][info][gc,phases   ] GC(0) Y: Concurrent Select Relocation Set 0.571ms
[2.091s][info][gc,phases   ] GC(0) Y: Pause Relocate Start 0.005ms
[2.093s][info][gc,phases   ] GC(0) Y: Concurrent Relocate 2.282ms
[2.093s][info][gc,alloc    ] GC(0) Y:                         Mark Start        Mark End      Relocate Start    Relocate End   
[2.093s][info][gc,alloc    ] GC(0) Y: Allocation Stalls:          0                0                0                0         
[2.093s][info][gc,load     ] GC(0) Y: Load: 0.00 (0%) / 0.00 (0%) / 0.00 (0%)
[2.093s][info][gc,mmu      ] GC(0) Y: MMU: 2ms/98.2%, 5ms/99.2%, 10ms/99.3%, 20ms/99.7%, 50ms/99.9%, 100ms/99.9%
[2.093s][info][gc,marking  ] GC(0) Y: Mark: 2 stripe(s), 2 proactive flush(es), 1 terminate flush(es), 0 completion(s), 0 continuation(s) 
[2.093s][info][gc,nmethod  ] GC(0) Y: NMethods: 203 registered, 0 unregistered
[2.093s][info][gc,metaspace] GC(0) Y: Metaspace: 0M used, 0M committed, 1088M reserved
[2.093s][info][gc,reloc    ] GC(0) Y:                        Candidates     Selected     In-Place         Size        Empty    Relocated 
[2.093s][info][gc,reloc    ] GC(0) Y: Small Pages:                    2            1            0           4M           0M           1M 
[2.093s][info][gc,reloc    ] GC(0) Y: Medium Pages:                   0            0            0           0M           0M           0M 
[2.093s][info][gc,reloc    ] GC(0) Y: Large Pages:                   11            0            0          22M           0M           0M 
[2.093s][info][gc,reloc    ] GC(0) Y: Forwarding Usage: 0M
[2.093s][info][gc,reloc    ] GC(0) Y: Age Table:
[2.093s][info][gc,reloc    ] GC(0) Y:                    Live             Garbage             Small              Medium             Large        
[2.093s][info][gc,reloc    ] GC(0) Y: Eden              23M (9%)            2M (1%)           2 / 1              0 / 0             11 / 0        
[2.093s][info][gc,heap     ] GC(0) Y: Min Capacity: 8M(3%)
[2.093s][info][gc,heap     ] GC(0) Y: Max Capacity: 256M(100%)
[2.093s][info][gc,heap     ] GC(0) Y: Soft Max Capacity: 256M(100%)
[2.093s][info][gc,heap     ] GC(0) Y: Heap Statistics:
[2.093s][info][gc,heap     ] GC(0) Y:                Mark Start          Mark End        Relocate Start      Relocate End           High               Low         
[2.093s][info][gc,heap     ] GC(0) Y:  Capacity:      256M (100%)        256M (100%)        256M (100%)        256M (100%)        256M (100%)        256M (100%)   
[2.093s][info][gc,heap     ] GC(0) Y:      Free:      230M (90%)         228M (89%)         228M (89%)         228M (89%)         230M (90%)         224M (88%)    
[2.093s][info][gc,heap     ] GC(0) Y:      Used:       26M (10%)          28M (11%)          28M (11%)          28M (11%)          32M (12%)          26M (10%)    
[2.093s][info][gc,heap     ] GC(0) Y: Young Generation Statistics:
[2.093s][info][gc,heap     ] GC(0) Y:                Mark Start          Mark End        Relocate Start      Relocate End    
[2.093s][info][gc,heap     ] GC(0) Y:      Used:       26M (10%)          28M (11%)          28M (11%)          28M (11%)    
[2.094s][info][gc,heap     ] GC(0) Y:      Live:         -                23M (9%)           23M (9%)           23M (9%)     
[2.094s][info][gc,heap     ] GC(0) Y:   Garbage:         -                 2M (1%)            2M (1%)            0M (0%)     
[2.094s][info][gc,heap     ] GC(0) Y: Allocated:         -                 2M (1%)            2M (1%)            4M (2%)     
[2.094s][info][gc,heap     ] GC(0) Y: Reclaimed:         -                  -                 0M (0%)            2M (1%)     
[2.094s][info][gc,heap     ] GC(0) Y:  Promoted:         -                  -                 0M (0%)            0M (0%)     
[2.094s][info][gc,heap     ] GC(0) Y: Compacted:         -                  -                  -                 1M (1%)     
[2.094s][info][gc,phases   ] GC(0) Y: Young Generation 26M(10%)->28M(11%) 0.008s
[2.094s][info][gc,phases   ] GC(0) O: Old Generation
[2.094s][info][gc,phases   ] GC(0) O: Concurrent Mark 0.159ms
[2.094s][info][gc,phases   ] GC(0) O: Pause Mark End 0.006ms
[2.094s][info][gc,phases   ] GC(0) O: Concurrent Mark Free 0.000ms
[2.094s][info][gc,phases   ] GC(0) O: Concurrent Process Non-Strong 0.367ms
[2.094s][info][gc,phases   ] GC(0) O: Concurrent Reset Relocation Set 0.000ms
[2.094s][info][gc,phases   ] GC(0) O: Concurrent Select Relocation Set 0.016ms
[2.094s][info][gc,task     ] GC(0) O: Using 2 Workers for Old Generation
[2.094s][info][gc,task     ] GC(0) O: Using 1 Workers for Old Generation
[2.095s][info][gc,phases   ] GC(0) O: Concurrent Remap Roots 0.279ms
[2.095s][info][gc,phases   ] GC(0) O: Pause Relocate Start 0.005ms
[2.095s][info][gc,phases   ] GC(0) O: Concurrent Relocate 0.024ms
[2.095s][info][gc,alloc    ] GC(0) O:                         Mark Start        Mark End      Relocate Start    Relocate End   
[2.095s][info][gc,alloc    ] GC(0) O: Allocation Stalls:          0                0                0                0         
[2.095s][info][gc,load     ] GC(0) O: Load: 0.00 (0%) / 0.00 (0%) / 0.00 (0%)
[2.095s][info][gc,mmu      ] GC(0) O: MMU: 2ms/98.2%, 5ms/99.1%, 10ms/99.2%, 20ms/99.6%, 50ms/99.8%, 100ms/99.9%
[2.095s][info][gc,marking  ] GC(0) O: Mark: 1 stripe(s), 1 proactive flush(es), 1 terminate flush(es), 0 completion(s), 0 continuation(s) 
[2.095s][info][gc,nmethod  ] GC(0) O: NMethods: 196 registered, 7 unregistered
[2.095s][info][gc,metaspace] GC(0) O: Metaspace: 0M used, 0M committed, 1088M reserved
[2.095s][info][gc,ref      ] GC(0) O:                       Encountered   Discovered     Enqueued 
[2.095s][info][gc,ref      ] GC(0) O: Soft References:               63            0            0 
[2.095s][info][gc,ref      ] GC(0) O: Weak References:               98            0            0 
[2.095s][info][gc,ref      ] GC(0) O: Final References:               0            0            0 
[2.095s][info][gc,ref      ] GC(0) O: Phantom References:             1            0            0 
[2.095s][info][gc,heap     ] GC(0) O: Min Capacity: 8M(3%)
[2.095s][info][gc,heap     ] GC(0) O: Max Capacity: 256M(100%)
[2.095s][info][gc,heap     ] GC(0) O: Soft Max Capacity: 256M(100%)
[2.095s][info][gc,heap     ] GC(0) O: Heap Statistics:
[2.095s][info][gc,heap     ] GC(0) O:                Mark Start          Mark End        Relocate Start      Relocate End           High               Low         
[2.095s][info][gc,heap     ] GC(0) O:  Capacity:      256M (100%)        256M (100%)        256M (100%)        256M (100%)        256M (100%)        256M (100%)   
[2.095s][info][gc,heap     ] GC(0) O:      Free:      230M (90%)         228M (89%)         228M (89%)         228M (89%)         230M (90%)         224M (88%)    
[2.095s][info][gc,heap     ] GC(0) O:      Used:       26M (10%)          28M (11%)          28M (11%)          28M (11%)          32M (12%)          26M (10%)    
[2.095s][info][gc,heap     ] GC(0) O: Old Generation Statistics:
[2.095s][info][gc,heap     ] GC(0) O:                Mark Start          Mark End        Relocate Start      Relocate End    
[2.095s][info][gc,heap     ] GC(0) O:      Used:        0M (0%)            0M (0%)            0M (0%)            0M (0%)     
[2.095s][info][gc,heap     ] GC(0) O:      Live:         -                 0M (0%)            0M (0%)            0M (0%)     
[2.095s][info][gc,heap     ] GC(0) O:   Garbage:         -                 0M (0%)            0M (0%)            0M (0%)     
[2.095s][info][gc,heap     ] GC(0) O: Allocated:         -                 0M (0%)            0M (0%)            0M (0%)     
[2.095s][info][gc,heap     ] GC(0) O: Reclaimed:         -                  -                 0M (0%)            0M (0%)     
[2.095s][info][gc,heap     ] GC(0) O: Compacted:         -                  -                  -                 0M (0%)     
[2.095s][info][gc,phases   ] GC(0) O: Old Generation 28M(11%)->28M(11%) 0.001s
[2.095s][info][gc          ] GC(0) Major Collection (Warmup) 26M(10%)->28M(11%) 0.010s
[4.521s][info][gc          ] GC(1) Major Collection (Warmup)
[4.521s][info][gc,task     ] GC(1) Using 2 Workers for Young Generation
[4.521s][info][gc,task     ] GC(1) Using 1 Workers for Old Generation
[4.521s][info][gc,phases   ] GC(1) Y: Young Generation
[4.521s][info][gc,phases   ] GC(1) Y: Pause Mark Start (Major) 0.017ms
[4.524s][info][gc,phases   ] GC(1) Y: Concurrent Mark 2.530ms
[4.524s][info][gc,phases   ] GC(1) Y: Pause Mark End 0.006ms
[4.524s][info][gc,phases   ] GC(1) Y: Concurrent Mark Free 0.001ms
[4.524s][info][gc,phases   ] GC(1) Y: Concurrent Reset Relocation Set 0.001ms
[4.524s][info][gc,reloc    ] GC(1) Y: Using tenuring threshold: 1 (Computed)
[4.524s][info][gc,phases   ] GC(1) Y: Concurrent Select Relocation Set 0.798ms
[4.524s][info][gc,phases   ] GC(1) Y: Pause Relocate Start 0.005ms
[4.526s][info][gc,phases   ] GC(1) Y: Concurrent Relocate 1.467ms
[4.526s][info][gc,alloc    ] GC(1) Y:                         Mark Start        Mark End      Relocate Start    Relocate End   
[4.526s][info][gc,alloc    ] GC(1) Y: Allocation Stalls:          0                0                0                0         
[4.526s][info][gc,load     ] GC(1) Y: Load: 0.00 (0%) / 0.00 (0%) / 0.00 (0%)
[4.526s][info][gc,mmu      ] GC(1) Y: MMU: 2ms/98.2%, 5ms/99.1%, 10ms/99.2%, 20ms/99.6%, 50ms/99.8%, 100ms/99.9%
[4.526s][info][gc,marking  ] GC(1) Y: Mark: 2 stripe(s), 2 proactive flush(es), 1 terminate flush(es), 0 completion(s), 0 continuation(s) 
[4.526s][info][gc,nmethod  ] GC(1) Y: NMethods: 264 registered, 7 unregistered
[4.526s][info][gc,metaspace] GC(1) Y: Metaspace: 0M used, 0M committed, 1088M reserved
[4.526s][info][gc,reloc    ] GC(1) Y:                        Candidates     Selected     In-Place         Size        Empty    Relocated 
[4.526s][info][gc,reloc    ] GC(1) Y: Small Pages:                    3            2            0           6M           0M           1M 
[4.526s][info][gc,reloc    ] GC(1) Y: Medium Pages:                   0            0            0           0M           0M           0M 
[4.526s][info][gc,reloc    ] GC(1) Y: Large Pages:                   23            0            0          46M           0M           0M 
[4.526s][info][gc,reloc    ] GC(1) Y: Forwarding Usage: 0M
[4.526s][info][gc,reloc    ] GC(1) Y: Age Table:
[4.526s][info][gc,reloc    ] GC(1) Y:                    Live             Garbage             Small              Medium             Large        
[4.526s][info][gc,reloc    ] GC(1) Y: Eden              24M (9%)            1M (1%)           1 / 0              0 / 0             12 / 0        
[4.526s][info][gc,reloc    ] GC(1) Y: Survivor 1        23M (9%)            2M (1%)           2 / 2              0 / 0             11 / 0        
[4.526s][info][gc,heap     ] GC(1) Y: Min Capacity: 8M(3%)
[4.526s][info][gc,heap     ] GC(1) Y: Max Capacity: 256M(100%)
[4.526s][info][gc,heap     ] GC(1) Y: Soft Max Capacity: 256M(100%)
[4.526s][info][gc,heap     ] GC(1) Y: Heap Statistics:
[4.526s][info][gc,heap     ] GC(1) Y:                Mark Start          Mark End        Relocate Start      Relocate End           High               Low         
[4.526s][info][gc,heap     ] GC(1) Y:  Capacity:      256M (100%)        256M (100%)        256M (100%)        256M (100%)        256M (100%)        256M (100%)   
[4.526s][info][gc,heap     ] GC(1) Y:      Free:      204M (80%)         202M (79%)         202M (79%)         202M (79%)         204M (80%)         198M (77%)    
[4.526s][info][gc,heap     ] GC(1) Y:      Used:       52M (20%)          54M (21%)          54M (21%)          54M (21%)          58M (23%)          52M (20%)    
[4.526s][info][gc,heap     ] GC(1) Y: Young Generation Statistics:
[4.526s][info][gc,heap     ] GC(1) Y:                Mark Start          Mark End        Relocate Start      Relocate End    
[4.526s][info][gc,heap     ] GC(1) Y:      Used:       52M (20%)          54M (21%)          32M (12%)          28M (11%)    
[4.526s][info][gc,heap     ] GC(1) Y:      Live:         -                47M (18%)          25M (10%)          24M (9%)     
[4.526s][info][gc,heap     ] GC(1) Y:   Garbage:         -                 4M (2%)            4M (2%)            0M (0%)     
[4.526s][info][gc,heap     ] GC(1) Y: Allocated:         -                 2M (1%)            2M (1%)            3M (2%)     
[4.526s][info][gc,heap     ] GC(1) Y: Reclaimed:         -                  -                 0M (0%)            4M (2%)     
[4.526s][info][gc,heap     ] GC(1) Y:  Promoted:         -                  -                22M (9%)           23M (9%)     
[4.526s][info][gc,heap     ] GC(1) Y: Compacted:         -                  -                  -                 0M (0%)     
[4.526s][info][gc,phases   ] GC(1) Y: Young Generation 52M(20%)->54M(21%) 0.005s
[4.526s][info][gc,phases   ] GC(1) O: Old Generation
[4.526s][info][gc,phases   ] GC(1) O: Concurrent Mark 0.130ms
[4.526s][info][gc,phases   ] GC(1) O: Pause Mark End 0.006ms
[4.526s][info][gc,phases   ] GC(1) O: Concurrent Mark Free 0.000ms
[4.527s][info][gc,phases   ] GC(1) O: Concurrent Process Non-Strong 0.397ms
[4.527s][info][gc,phases   ] GC(1) O: Concurrent Reset Relocation Set 0.000ms
[4.527s][info][gc,phases   ] GC(1) O: Concurrent Select Relocation Set 0.017ms
[4.527s][info][gc,task     ] GC(1) O: Using 2 Workers for Old Generation
[4.527s][info][gc,task     ] GC(1) O: Using 1 Workers for Old Generation
[4.527s][info][gc,phases   ] GC(1) O: Concurrent Remap Roots 0.442ms
[4.527s][info][gc,phases   ] GC(1) O: Pause Relocate Start 0.006ms
[4.527s][info][gc,phases   ] GC(1) O: Concurrent Relocate 0.022ms
[4.527s][info][gc,alloc    ] GC(1) O:                         Mark Start        Mark End      Relocate Start    Relocate End   
[4.527s][info][gc,alloc    ] GC(1) O: Allocation Stalls:          0                0                0                0         
[4.527s][info][gc,load     ] GC(1) O: Load: 0.00 (0%) / 0.00 (0%) / 0.00 (0%)
[4.527s][info][gc,mmu      ] GC(1) O: MMU: 2ms/98.2%, 5ms/99.1%, 10ms/99.2%, 20ms/99.6%, 50ms/99.8%, 100ms/99.9%
[4.527s][info][gc,marking  ] GC(1) O: Mark: 1 stripe(s), 1 proactive flush(es), 1 terminate flush(es), 0 completion(s), 0 continuation(s) 
[4.527s][info][gc,nmethod  ] GC(1) O: NMethods: 263 registered, 8 unregistered
[4.527s][info][gc,metaspace] GC(1) O: Metaspace: 0M used, 0M committed, 1088M reserved
[4.527s][info][gc,ref      ] GC(1) O:                       Encountered   Discovered     Enqueued 
[4.527s][info][gc,ref      ] GC(1) O: Soft References:               63            0            0 
[4.527s][info][gc,ref      ] GC(1) O: Weak References:               98            0            0 
[4.527s][info][gc,ref      ] GC(1) O: Final References:               0            0            0 
[4.527s][info][gc,ref      ] GC(1) O: Phantom References:             1            0            0 
[4.527s][info][gc,heap     ] GC(1) O: Min Capacity: 8M(3%)
[4.527s][info][gc,heap     ] GC(1) O: Max Capacity: 256M(100%)
[4.527s][info][gc,heap     ] GC(1) O: Soft Max Capacity: 256M(100%)
[4.527s][info][gc,heap     ] GC(1) O: Heap Statistics:
[4.527s][info][gc,heap     ] GC(1) O:                Mark Start          Mark End        Relocate Start      Relocate End           High               Low         
[4.527s][info][gc,heap     ] GC(1) O:  Capacity:      256M (100%)        256M (100%)        256M (100%)        256M (100%)        256M (100%)        256M (100%)   
[4.527s][info][gc,heap     ] GC(1) O:      Free:      204M (80%)         202M (79%)         202M (79%)         202M (79%)         204M (80%)         198M (77%)    
[4.527s][info][gc,heap     ] GC(1) O:      Used:       52M (20%)          54M (21%)          54M (21%)          54M (21%)          58M (23%)          52M (20%)    
[4.527s][info][gc,heap     ] GC(1) O: Old Generation Statistics:
[4.527s][info][gc,heap     ] GC(1) O:                Mark Start          Mark End        Relocate Start      Relocate End    
[4.527s][info][gc,heap     ] GC(1) O:      Used:        0M (0%)           26M (10%)          26M (10%)          26M (10%)    
[4.527s][info][gc,heap     ] GC(1) O:      Live:         -                 0M (0%)            0M (0%)            0M (0%)     
[4.527s][info][gc,heap     ] GC(1) O:   Garbage:         -                 0M (0%)            0M (0%)            0M (0%)     
[4.527s][info][gc,heap     ] GC(1) O: Allocated:         -                26M (10%)          26M (10%)          26M (10%)    
[4.527s][info][gc,heap     ] GC(1) O: Reclaimed:         -                  -                 0M (0%)            0M (0%)     
[4.527s][info][gc,heap     ] GC(1) O: Compacted:         -                  -                  -                 0M (0%)     
[4.527s][info][gc,phases   ] GC(1) O: Old Generation 54M(21%)->54M(21%) 0.001s
[4.528s][info][gc          ] GC(1) Major Collection (Warmup) 52M(20%)->54M(21%) 0.007s
[6.954s][info][gc          ] GC(2) Major Collection (Warmup)
[6.955s][info][gc,task     ] GC(2) Using 2 Workers for Young Generation
[6.955s][info][gc,task     ] GC(2) Using 1 Workers for Old Generation
[6.955s][info][gc,phases   ] GC(2) Y: Young Generation
[6.955s][info][gc,phases   ] GC(2) Y: Pause Mark Start (Major) 0.019ms
[6.957s][info][gc,phases   ] GC(2) Y: Concurrent Mark 1.953ms
[6.957s][info][gc,phases   ] GC(2) Y: Pause Mark End 0.011ms
[6.957s][info][gc,phases   ] GC(2) Y: Concurrent Mark Free 0.002ms
[6.957s][info][gc,phases   ] GC(2) Y: Concurrent Reset Relocation Set 0.005ms
[6.957s][info][gc,reloc    ] GC(2) Y: Using tenuring threshold: 1 (Computed)
[6.957s][info][gc,phases   ] GC(2) Y: Concurrent Select Relocation Set 0.237ms
[6.957s][info][gc,phases   ] GC(2) Y: Pause Relocate Start 0.015ms
[6.958s][info][gc,phases   ] GC(2) Y: Concurrent Relocate 0.101ms
[6.958s][info][gc,alloc    ] GC(2) Y:                         Mark Start        Mark End      Relocate Start    Relocate End   
[6.958s][info][gc,alloc    ] GC(2) Y: Allocation Stalls:          0                0                0                0         
[6.958s][info][gc,load     ] GC(2) Y: Load: 0.00 (0%) / 0.00 (0%) / 0.00 (0%)
[6.958s][info][gc,mmu      ] GC(2) Y: MMU: 2ms/98.2%, 5ms/99.1%, 10ms/99.2%, 20ms/99.6%, 50ms/99.8%, 100ms/99.9%
[6.958s][info][gc,marking  ] GC(2) Y: Mark: 2 stripe(s), 2 proactive flush(es), 1 terminate flush(es), 0 completion(s), 0 continuation(s) 
[6.958s][info][gc,nmethod  ] GC(2) Y: NMethods: 274 registered, 8 unregistered
[6.958s][info][gc,metaspace] GC(2) Y: Metaspace: 0M used, 0M committed, 1088M reserved
[6.958s][info][gc,reloc    ] GC(2) Y:                        Candidates     Selected     In-Place         Size        Empty    Relocated 
[6.958s][info][gc,reloc    ] GC(2) Y: Small Pages:                    2            1            0           4M           0M           0M 
[6.958s][info][gc,reloc    ] GC(2) Y: Medium Pages:                   0            0            0           0M           0M           0M 
[6.958s][info][gc,reloc    ] GC(2) Y: Large Pages:                   24            0            0          48M           0M           0M 
[6.958s][info][gc,reloc    ] GC(2) Y: Forwarding Usage: 0M
[6.958s][info][gc,reloc    ] GC(2) Y: Age Table:
[6.958s][info][gc,reloc    ] GC(2) Y:                    Live             Garbage             Small              Medium             Large        
[6.958s][info][gc,reloc    ] GC(2) Y: Eden              24M (9%)            1M (1%)           1 / 0              0 / 0             12 / 0        
[6.958s][info][gc,reloc    ] GC(2) Y: Survivor 1        24M (9%)            1M (1%)           1 / 1              0 / 0             12 / 0        
[6.958s][info][gc,heap     ] GC(2) Y: Min Capacity: 8M(3%)
[6.958s][info][gc,heap     ] GC(2) Y: Max Capacity: 256M(100%)
[6.958s][info][gc,heap     ] GC(2) Y: Soft Max Capacity: 256M(100%)
[6.958s][info][gc,heap     ] GC(2) Y: Heap Statistics:
[6.958s][info][gc,heap     ] GC(2) Y:                Mark Start          Mark End        Relocate Start      Relocate End           High               Low         
[6.958s][info][gc,heap     ] GC(2) Y:  Capacity:      256M (100%)        256M (100%)        256M (100%)        256M (100%)        256M (100%)        256M (100%)   
[6.958s][info][gc,heap     ] GC(2) Y:      Free:      178M (70%)         176M (69%)         176M (69%)         176M (69%)         178M (70%)         172M (67%)    
[6.958s][info][gc,heap     ] GC(2) Y:      Used:       78M (30%)          80M (31%)          80M (31%)          80M (31%)          84M (33%)          78M (30%)    
[6.958s][info][gc,heap     ] GC(2) Y: Young Generation Statistics:
[6.958s][info][gc,heap     ] GC(2) Y:                Mark Start          Mark End        Relocate Start      Relocate End    
[6.958s][info][gc,heap     ] GC(2) Y:      Used:       52M (20%)          54M (21%)          30M (12%)          28M (11%)    
[6.958s][info][gc,heap     ] GC(2) Y:      Live:         -                48M (19%)          24M (9%)           24M (9%)     
[6.958s][info][gc,heap     ] GC(2) Y:   Garbage:         -                 3M (2%)            3M (2%)            0M (0%)     
[6.958s][info][gc,heap     ] GC(2) Y: Allocated:         -                 2M (1%)            2M (1%)            3M (2%)     
[6.958s][info][gc,heap     ] GC(2) Y: Reclaimed:         -                  -                 0M (0%)            3M (2%)     
[6.958s][info][gc,heap     ] GC(2) Y:  Promoted:         -                  -                24M (9%)           24M (9%)     
[6.958s][info][gc,heap     ] GC(2) Y: Compacted:         -                  -                  -                 0M (0%)     
[6.958s][info][gc,phases   ] GC(2) Y: Young Generation 78M(30%)->80M(31%) 0.003s
[6.958s][info][gc,phases   ] GC(2) O: Old Generation
[6.960s][info][gc,phases   ] GC(2) O: Concurrent Mark 1.925ms
[6.960s][info][gc,phases   ] GC(2) O: Pause Mark End 0.006ms
[6.960s][info][gc,phases   ] GC(2) O: Concurrent Mark Free 0.001ms
[6.961s][info][gc,phases   ] GC(2) O: Concurrent Process Non-Strong 0.504ms
[6.961s][info][gc,phases   ] GC(2) O: Concurrent Reset Relocation Set 0.000ms
[6.961s][info][gc,phases   ] GC(2) O: Concurrent Select Relocation Set 0.183ms
[6.961s][info][gc,task     ] GC(2) O: Using 2 Workers for Old Generation
[6.961s][info][gc,task     ] GC(2) O: Using 1 Workers for Old Generation
[6.961s][info][gc,phases   ] GC(2) O: Concurrent Remap Roots 0.185ms
[6.961s][info][gc,phases   ] GC(2) O: Pause Relocate Start 0.005ms
[6.962s][info][gc,phases   ] GC(2) O: Concurrent Relocate 1.383ms
[6.962s][info][gc,alloc    ] GC(2) O:                         Mark Start        Mark End      Relocate Start    Relocate End   
[6.962s][info][gc,alloc    ] GC(2) O: Allocation Stalls:          0                0                0                0         
[6.962s][info][gc,load     ] GC(2) O: Load: 0.00 (0%) / 0.00 (0%) / 0.00 (0%)
[6.962s][info][gc,mmu      ] GC(2) O: MMU: 2ms/98.2%, 5ms/99.1%, 10ms/99.2%, 20ms/99.6%, 50ms/99.8%, 100ms/99.9%
[6.962s][info][gc,marking  ] GC(2) O: Mark: 1 stripe(s), 2 proactive flush(es), 1 terminate flush(es), 0 completion(s), 0 continuation(s) 
[6.962s][info][gc,nmethod  ] GC(2) O: NMethods: 274 registered, 8 unregistered
[6.962s][info][gc,metaspace] GC(2) O: Metaspace: 0M used, 0M committed, 1088M reserved
[6.962s][info][gc,ref      ] GC(2) O:                       Encountered   Discovered     Enqueued 
[6.962s][info][gc,ref      ] GC(2) O: Soft References:               63            0            0 
[6.962s][info][gc,ref      ] GC(2) O: Weak References:               98           64            9 
[6.962s][info][gc,ref      ] GC(2) O: Final References:               0            0            0 
[6.963s][info][gc,ref      ] GC(2) O: Phantom References:             1            1            0 
[6.963s][info][gc,reloc    ] GC(2) O:                        Candidates     Selected     In-Place         Size        Empty    Relocated 
[6.963s][info][gc,reloc    ] GC(2) O: Small Pages:                    2            1            0           4M           0M           1M 
[6.963s][info][gc,reloc    ] GC(2) O: Medium Pages:                   0            0            0           0M           0M           0M 
[6.963s][info][gc,reloc    ] GC(2) O: Large Pages:                   11            0            0          22M           0M           0M 
[6.963s][info][gc,reloc    ] GC(2) O: Forwarding Usage: 0M
[6.963s][info][gc,heap     ] GC(2) O: Min Capacity: 8M(3%)
[6.963s][info][gc,heap     ] GC(2) O: Max Capacity: 256M(100%)
[6.963s][info][gc,heap     ] GC(2) O: Soft Max Capacity: 256M(100%)
[6.963s][info][gc,heap     ] GC(2) O: Heap Statistics:
[6.963s][info][gc,heap     ] GC(2) O:                Mark Start          Mark End        Relocate Start      Relocate End           High               Low         
[6.963s][info][gc,heap     ] GC(2) O:  Capacity:      256M (100%)        256M (100%)        256M (100%)        256M (100%)        256M (100%)        256M (100%)   
[6.963s][info][gc,heap     ] GC(2) O:      Free:      178M (70%)         176M (69%)         176M (69%)         178M (70%)         178M (70%)         172M (67%)    
[6.963s][info][gc,heap     ] GC(2) O:      Used:       78M (30%)          80M (31%)          80M (31%)          78M (30%)          84M (33%)          78M (30%)    
[6.963s][info][gc,heap     ] GC(2) O: Old Generation Statistics:
[6.963s][info][gc,heap     ] GC(2) O:                Mark Start          Mark End        Relocate Start      Relocate End    
[6.963s][info][gc,heap     ] GC(2) O:      Used:       26M (10%)          52M (20%)          52M (20%)          50M (20%)    
[6.963s][info][gc,heap     ] GC(2) O:      Live:         -                23M (9%)           23M (9%)           23M (9%)     
[6.963s][info][gc,heap     ] GC(2) O:   Garbage:         -                 2M (1%)            2M (1%)            0M (0%)     
[6.963s][info][gc,heap     ] GC(2) O: Allocated:         -                26M (10%)          26M (10%)          26M (10%)    
[6.963s][info][gc,heap     ] GC(2) O: Reclaimed:         -                  -                 0M (0%)            2M (1%)     
[6.963s][info][gc,heap     ] GC(2) O: Compacted:         -                  -                  -                 1M (1%)     
[6.963s][info][gc,phases   ] GC(2) O: Old Generation 80M(31%)->78M(30%) 0.004s
[6.963s][info][gc          ] GC(2) Major Collection (Warmup) 78M(30%)->78M(30%) 0.008s
[9.587s][info][gc          ] GC(3) Major Collection (Proactive)
[9.587s][info][gc,task     ] GC(3) Using 1 Workers for Young Generation
[9.587s][info][gc,task     ] GC(3) Using 1 Workers for Old Generation
[9.587s][info][gc,phases   ] GC(3) Y: Young Generation
[9.587s][info][gc,phases   ] GC(3) Y: Pause Mark Start (Major) 0.014ms
[9.588s][info][gc,phases   ] GC(3) Y: Concurrent Mark 1.320ms
[9.589s][info][gc,phases   ] GC(3) Y: Pause Mark End 0.007ms
[9.589s][info][gc,phases   ] GC(3) Y: Concurrent Mark Free 0.001ms
[9.589s][info][gc,phases   ] GC(3) Y: Concurrent Reset Relocation Set 0.005ms
[9.589s][info][gc,reloc    ] GC(3) Y: Using tenuring threshold: 1 (Computed)
[9.589s][info][gc,phases   ] GC(3) Y: Concurrent Select Relocation Set 0.380ms
[9.589s][info][gc,phases   ] GC(3) Y: Pause Relocate Start 0.004ms
[9.589s][info][gc,phases   ] GC(3) Y: Concurrent Relocate 0.037ms
[9.589s][info][gc,alloc    ] GC(3) Y:                         Mark Start        Mark End      Relocate Start    Relocate End   
[9.589s][info][gc,alloc    ] GC(3) Y: Allocation Stalls:          0                0                0                0         
[9.589s][info][gc,load     ] GC(3) Y: Load: 0.00 (0%) / 0.00 (0%) / 0.00 (0%)
[9.589s][info][gc,mmu      ] GC(3) Y: MMU: 2ms/98.2%, 5ms/99.1%, 10ms/99.2%, 20ms/99.6%, 50ms/99.8%, 100ms/99.9%
[9.589s][info][gc,marking  ] GC(3) Y: Mark: 1 stripe(s), 2 proactive flush(es), 1 terminate flush(es), 0 completion(s), 0 continuation(s) 
[9.589s][info][gc,nmethod  ] GC(3) Y: NMethods: 287 registered, 8 unregistered
[9.589s][info][gc,metaspace] GC(3) Y: Metaspace: 0M used, 0M committed, 1088M reserved
[9.589s][info][gc,reloc    ] GC(3) Y:                        Candidates     Selected     In-Place         Size        Empty    Relocated 
[9.589s][info][gc,reloc    ] GC(3) Y: Small Pages:                    2            0            0           4M           2M           0M 
[9.589s][info][gc,reloc    ] GC(3) Y: Medium Pages:                   0            0            0           0M           0M           0M 
[9.589s][info][gc,reloc    ] GC(3) Y: Large Pages:                   25            0            0          50M           0M           0M 
[9.589s][info][gc,reloc    ] GC(3) Y: Forwarding Usage: 0M
[9.589s][info][gc,reloc    ] GC(3) Y: Age Table:
[9.589s][info][gc,reloc    ] GC(3) Y:                    Live             Garbage             Small              Medium             Large        
[9.589s][info][gc,reloc    ] GC(3) Y: Eden              26M (10%)           2M (1%)           1 / 0              0 / 0             13 / 0        
[9.589s][info][gc,reloc    ] GC(3) Y: Survivor 1        24M (9%)            1M (1%)           1 / 0              0 / 0             12 / 0        
[9.589s][info][gc,heap     ] GC(3) Y: Min Capacity: 8M(3%)
[9.589s][info][gc,heap     ] GC(3) Y: Max Capacity: 256M(100%)
[9.589s][info][gc,heap     ] GC(3) Y: Soft Max Capacity: 256M(100%)
[9.589s][info][gc,heap     ] GC(3) Y: Heap Statistics:
[9.589s][info][gc,heap     ] GC(3) Y:                Mark Start          Mark End        Relocate Start      Relocate End           High               Low         
[9.589s][info][gc,heap     ] GC(3) Y:  Capacity:      256M (100%)        256M (100%)        256M (100%)        256M (100%)        256M (100%)        256M (100%)   
[9.589s][info][gc,heap     ] GC(3) Y:      Free:      152M (59%)         150M (59%)         152M (59%)         152M (59%)         152M (59%)         150M (59%)    
[9.589s][info][gc,heap     ] GC(3) Y:      Used:      104M (41%)         106M (41%)         104M (41%)         104M (41%)         106M (41%)         104M (41%)    
[9.589s][info][gc,heap     ] GC(3) Y: Young Generation Statistics:
[9.589s][info][gc,heap     ] GC(3) Y:                Mark Start          Mark End        Relocate Start      Relocate End    
[9.589s][info][gc,heap     ] GC(3) Y:      Used:       54M (21%)          56M (22%)          28M (11%)          28M (11%)    
[9.589s][info][gc,heap     ] GC(3) Y:      Live:         -                50M (20%)          26M (10%)          26M (10%)    
[9.589s][info][gc,heap     ] GC(3) Y:   Garbage:         -                 3M (2%)            0M (0%)            0M (0%)     
[9.589s][info][gc,heap     ] GC(3) Y: Allocated:         -                 2M (1%)            2M (1%)            2M (1%)     
[9.589s][info][gc,heap     ] GC(3) Y: Reclaimed:         -                  -                 3M (2%)            3M (2%)     
[9.589s][info][gc,heap     ] GC(3) Y:  Promoted:         -                  -                24M (9%)           24M (9%)     
[9.589s][info][gc,heap     ] GC(3) Y: Compacted:         -                  -                  -                 0M (0%)     
[9.589s][info][gc,phases   ] GC(3) Y: Young Generation 104M(41%)->104M(41%) 0.002s
[9.589s][info][gc,phases   ] GC(3) O: Old Generation
[9.592s][info][gc,phases   ] GC(3) O: Concurrent Mark 2.271ms
[9.592s][info][gc,phases   ] GC(3) O: Pause Mark End 0.005ms
[9.592s][info][gc,phases   ] GC(3) O: Concurrent Mark Free 0.000ms
[9.592s][info][gc,phases   ] GC(3) O: Concurrent Process Non-Strong 0.322ms
[9.592s][info][gc,phases   ] GC(3) O: Concurrent Reset Relocation Set 0.000ms
[9.592s][info][gc,phases   ] GC(3) O: Concurrent Select Relocation Set 0.033ms
[9.592s][info][gc,task     ] GC(3) O: Using 2 Workers for Old Generation
[9.592s][info][gc,task     ] GC(3) O: Using 1 Workers for Old Generation
[9.592s][info][gc,phases   ] GC(3) O: Concurrent Remap Roots 0.205ms
[9.592s][info][gc,phases   ] GC(3) O: Pause Relocate Start 0.005ms
[9.593s][info][gc,phases   ] GC(3) O: Concurrent Relocate 1.149ms
[9.593s][info][gc,alloc    ] GC(3) O:                         Mark Start        Mark End      Relocate Start    Relocate End   
[9.593s][info][gc,alloc    ] GC(3) O: Allocation Stalls:          0                0                0                0         
[9.593s][info][gc,load     ] GC(3) O: Load: 0.00 (0%) / 0.00 (0%) / 0.00 (0%)
[9.593s][info][gc,mmu      ] GC(3) O: MMU: 2ms/98.2%, 5ms/99.1%, 10ms/99.2%, 20ms/99.6%, 50ms/99.8%, 100ms/99.9%
[9.593s][info][gc,marking  ] GC(3) O: Mark: 1 stripe(s), 2 proactive flush(es), 1 terminate flush(es), 0 completion(s), 0 continuation(s) 
[9.593s][info][gc,nmethod  ] GC(3) O: NMethods: 287 registered, 8 unregistered
[9.593s][info][gc,metaspace] GC(3) O: Metaspace: 0M used, 0M committed, 1088M reserved
[9.593s][info][gc,ref      ] GC(3) O:                       Encountered   Discovered     Enqueued 
[9.593s][info][gc,ref      ] GC(3) O: Soft References:               63            0            0 
[9.593s][info][gc,ref      ] GC(3) O: Weak References:               89           55            0 
[9.593s][info][gc,ref      ] GC(3) O: Final References:               0            0            0 
[9.594s][info][gc,ref      ] GC(3) O: Phantom References:             1            1            0 
[9.594s][info][gc,reloc    ] GC(3) O:                        Candidates     Selected     In-Place         Size        Empty    Relocated 
[9.594s][info][gc,reloc    ] GC(3) O: Small Pages:                    2            1            0           4M           0M           1M 
[9.594s][info][gc,reloc    ] GC(3) O: Medium Pages:                   0            0            0           0M           0M           0M 
[9.594s][info][gc,reloc    ] GC(3) O: Large Pages:                   23            0            0          46M           0M           0M 
[9.594s][info][gc,reloc    ] GC(3) O: Forwarding Usage: 0M
[9.594s][info][gc,heap     ] GC(3) O: Min Capacity: 8M(3%)
[9.594s][info][gc,heap     ] GC(3) O: Max Capacity: 256M(100%)
[9.594s][info][gc,heap     ] GC(3) O: Soft Max Capacity: 256M(100%)
[9.594s][info][gc,heap     ] GC(3) O: Heap Statistics:
[9.594s][info][gc,heap     ] GC(3) O:                Mark Start          Mark End        Relocate Start      Relocate End           High               Low         
[9.594s][info][gc,heap     ] GC(3) O:  Capacity:      256M (100%)        256M (100%)        256M (100%)        256M (100%)        256M (100%)        256M (100%)   
[9.594s][info][gc,heap     ] GC(3) O:      Free:      152M (59%)         152M (59%)         152M (59%)         154M (60%)         154M (60%)         150M (59%)    
[9.594s][info][gc,heap     ] GC(3) O:      Used:      104M (41%)         104M (41%)         104M (41%)         102M (40%)         106M (41%)         102M (40%)    
[9.594s][info][gc,heap     ] GC(3) O: Old Generation Statistics:
[9.594s][info][gc,heap     ] GC(3) O:                Mark Start          Mark End        Relocate Start      Relocate End    
[9.594s][info][gc,heap     ] GC(3) O:      Used:       50M (20%)          76M (30%)          76M (30%)          74M (29%)    
[9.594s][info][gc,heap     ] GC(3) O:      Live:         -                47M (18%)          47M (18%)          47M (18%)    
[9.594s][info][gc,heap     ] GC(3) O:   Garbage:         -                 2M (1%)            2M (1%)            0M (0%)     
[9.594s][info][gc,heap     ] GC(3) O: Allocated:         -                26M (10%)          26M (10%)          26M (10%)    
[9.594s][info][gc,heap     ] GC(3) O: Reclaimed:         -                  -                 0M (0%)            2M (1%)     
[9.594s][info][gc,heap     ] GC(3) O: Compacted:         -                  -                  -                 1M (1%)     
[9.594s][info][gc,phases   ] GC(3) O: Old Generation 104M(41%)->102M(40%) 0.004s
[9.594s][info][gc          ] GC(3) Major Collection (Proactive) 104M(41%)->102M(40%) 0.007s
[12.225s][info][gc          ] GC(4) Major Collection (Proactive)
[12.225s][info][gc,task     ] GC(4) Using 1 Workers for Young Generation
[12.225s][info][gc,task     ] GC(4) Using 1 Workers for Old Generation
[12.225s][info][gc,phases   ] GC(4) Y: Young Generation
[12.225s][info][gc,phases   ] GC(4) Y: Pause Mark Start (Major) 0.015ms
[12.227s][info][gc,phases   ] GC(4) Y: Concurrent Mark 1.193ms
[12.227s][info][gc,phases   ] GC(4) Y: Pause Mark End 0.007ms
[12.227s][info][gc,phases   ] GC(4) Y: Concurrent Mark Free 0.001ms
[12.227s][info][gc,phases   ] GC(4) Y: Concurrent Reset Relocation Set 0.006ms
[12.227s][info][gc,reloc    ] GC(4) Y: Using tenuring threshold: 1 (Computed)
[12.227s][info][gc,phases   ] GC(4) Y: Concurrent Select Relocation Set 0.486ms
[12.227s][info][gc,phases   ] GC(4) Y: Pause Relocate Start 0.005ms
[12.227s][info][gc,phases   ] GC(4) Y: Concurrent Relocate 0.053ms
[12.227s][info][gc,alloc    ] GC(4) Y:                         Mark Start        Mark End      Relocate Start    Relocate End   
[12.227s][info][gc,alloc    ] GC(4) Y: Allocation Stalls:          0                0                0                0         
[12.227s][info][gc,load     ] GC(4) Y: Load: 0.00 (0%) / 0.00 (0%) / 0.00 (0%)
[12.227s][info][gc,mmu      ] GC(4) Y: MMU: 2ms/98.2%, 5ms/99.1%, 10ms/99.2%, 20ms/99.6%, 50ms/99.8%, 100ms/99.9%
[12.227s][info][gc,marking  ] GC(4) Y: Mark: 1 stripe(s), 2 proactive flush(es), 1 terminate flush(es), 0 completion(s), 0 continuation(s) 
[12.227s][info][gc,nmethod  ] GC(4) Y: NMethods: 290 registered, 8 unregistered
[12.228s][info][gc,metaspace] GC(4) Y: Metaspace: 0M used, 0M committed, 1088M reserved
[12.228s][info][gc,reloc    ] GC(4) Y:                        Candidates     Selected     In-Place         Size        Empty    Relocated 
[12.228s][info][gc,reloc    ] GC(4) Y: Small Pages:                    1            0            0           2M           0M           0M 
[12.228s][info][gc,reloc    ] GC(4) Y: Medium Pages:                   0            0            0           0M           0M           0M 
[12.228s][info][gc,reloc    ] GC(4) Y: Large Pages:                   26            0            0          52M           0M           0M 
[12.228s][info][gc,reloc    ] GC(4) Y: Forwarding Usage: 0M
[12.228s][info][gc,reloc    ] GC(4) Y: Age Table:
[12.228s][info][gc,reloc    ] GC(4) Y:                    Live             Garbage             Small              Medium             Large        
[12.228s][info][gc,reloc    ] GC(4) Y: Eden              26M (10%)           1M (1%)           1 / 0              0 / 0             13 / 0        
[12.228s][info][gc,reloc    ] GC(4) Y: Survivor 1        26M (10%)           0M (0%)           0 / 0              0 / 0             13 / 0        
[12.228s][info][gc,heap     ] GC(4) Y: Min Capacity: 8M(3%)
[12.228s][info][gc,heap     ] GC(4) Y: Max Capacity: 256M(100%)
[12.228s][info][gc,heap     ] GC(4) Y: Soft Max Capacity: 256M(100%)
[12.228s][info][gc,heap     ] GC(4) Y: Heap Statistics:
[12.228s][info][gc,heap     ] GC(4) Y:                Mark Start          Mark End        Relocate Start      Relocate End           High               Low         
[12.228s][info][gc,heap     ] GC(4) Y:  Capacity:      256M (100%)        256M (100%)        256M (100%)        256M (100%)        256M (100%)        256M (100%)   
[12.228s][info][gc,heap     ] GC(4) Y:      Free:      128M (50%)         126M (49%)         126M (49%)         126M (49%)         128M (50%)         126M (49%)    
[12.228s][info][gc,heap     ] GC(4) Y:      Used:      128M (50%)         130M (51%)         130M (51%)         130M (51%)         130M (51%)         128M (50%)    
[12.228s][info][gc,heap     ] GC(4) Y: Young Generation Statistics:
[12.228s][info][gc,heap     ] GC(4) Y:                Mark Start          Mark End        Relocate Start      Relocate End    
[12.228s][info][gc,heap     ] GC(4) Y:      Used:       54M (21%)          56M (22%)          30M (12%)          30M (12%)    
[12.228s][info][gc,heap     ] GC(4) Y:      Live:         -                52M (20%)          26M (10%)          26M (10%)    
[12.228s][info][gc,heap     ] GC(4) Y:   Garbage:         -                 1M (1%)            1M (1%)            1M (1%)     
[12.228s][info][gc,heap     ] GC(4) Y: Allocated:         -                 2M (1%)            2M (1%)            2M (1%)     
[12.228s][info][gc,heap     ] GC(4) Y: Reclaimed:         -                  -                 0M (0%)            0M (0%)     
[12.228s][info][gc,heap     ] GC(4) Y:  Promoted:         -                  -                26M (10%)          26M (10%)    
[12.228s][info][gc,heap     ] GC(4) Y: Compacted:         -                  -                  -                 0M (0%)     
[12.228s][info][gc,phases   ] GC(4) Y: Young Generation 128M(50%)->130M(51%) 0.002s
[12.228s][info][gc,phases   ] GC(4) O: Old Generation
[12.231s][info][gc,phases   ] GC(4) O: Concurrent Mark 2.589ms
[12.231s][info][gc,phases   ] GC(4) O: Pause Mark End 0.006ms
[12.231s][info][gc,phases   ] GC(4) O: Concurrent Mark Free 0.001ms
[12.231s][info][gc,phases   ] GC(4) O: Concurrent Process Non-Strong 0.350ms
[12.231s][info][gc,phases   ] GC(4) O: Concurrent Reset Relocation Set 0.001ms
[12.231s][info][gc,phases   ] GC(4) O: Concurrent Select Relocation Set 0.028ms
[12.231s][info][gc,task     ] GC(4) O: Using 2 Workers for Old Generation
[12.231s][info][gc,task     ] GC(4) O: Using 1 Workers for Old Generation
[12.231s][info][gc,phases   ] GC(4) O: Concurrent Remap Roots 0.222ms
[12.231s][info][gc,phases   ] GC(4) O: Pause Relocate Start 0.005ms
[12.231s][info][gc,phases   ] GC(4) O: Concurrent Relocate 0.021ms
[12.231s][info][gc,alloc    ] GC(4) O:                         Mark Start        Mark End      Relocate Start    Relocate End   
[12.231s][info][gc,alloc    ] GC(4) O: Allocation Stalls:          0                0                0                0         
[12.231s][info][gc,load     ] GC(4) O: Load: 0.00 (0%) / 0.00 (0%) / 0.00 (0%)
[12.231s][info][gc,mmu      ] GC(4) O: MMU: 2ms/98.2%, 5ms/99.1%, 10ms/99.2%, 20ms/99.6%, 50ms/99.8%, 100ms/99.9%
[12.231s][info][gc,marking  ] GC(4) O: Mark: 1 stripe(s), 2 proactive flush(es), 1 terminate flush(es), 0 completion(s), 0 continuation(s) 
[12.231s][info][gc,nmethod  ] GC(4) O: NMethods: 290 registered, 8 unregistered
[12.231s][info][gc,metaspace] GC(4) O: Metaspace: 0M used, 0M committed, 1088M reserved
[12.231s][info][gc,ref      ] GC(4) O:                       Encountered   Discovered     Enqueued 
[12.231s][info][gc,ref      ] GC(4) O: Soft References:               63            0            0 
[12.231s][info][gc,ref      ] GC(4) O: Weak References:               89           55            0 
[12.231s][info][gc,ref      ] GC(4) O: Final References:               0            0            0 
[12.231s][info][gc,ref      ] GC(4) O: Phantom References:             1            1            0 
[12.231s][info][gc,reloc    ] GC(4) O:                        Candidates     Selected     In-Place         Size        Empty    Relocated 
[12.231s][info][gc,reloc    ] GC(4) O: Small Pages:                    2            0            0           4M           2M           0M 
[12.231s][info][gc,reloc    ] GC(4) O: Medium Pages:                   0            0            0           0M           0M           0M 
[12.231s][info][gc,reloc    ] GC(4) O: Large Pages:                   35            0            0          70M           0M           0M 
[12.231s][info][gc,reloc    ] GC(4) O: Forwarding Usage: 0M
[12.231s][info][gc,heap     ] GC(4) O: Min Capacity: 8M(3%)
[12.231s][info][gc,heap     ] GC(4) O: Max Capacity: 256M(100%)
[12.231s][info][gc,heap     ] GC(4) O: Soft Max Capacity: 256M(100%)
[12.231s][info][gc,heap     ] GC(4) O: Heap Statistics:
[12.231s][info][gc,heap     ] GC(4) O:                Mark Start          Mark End        Relocate Start      Relocate End           High               Low         
[12.231s][info][gc,heap     ] GC(4) O:  Capacity:      256M (100%)        256M (100%)        256M (100%)        256M (100%)        256M (100%)        256M (100%)   
[12.231s][info][gc,heap     ] GC(4) O:      Free:      128M (50%)         126M (49%)         128M (50%)         128M (50%)         128M (50%)         126M (49%)    
[12.231s][info][gc,heap     ] GC(4) O:      Used:      128M (50%)         130M (51%)         128M (50%)         128M (50%)         130M (51%)         128M (50%)    
[12.231s][info][gc,heap     ] GC(4) O: Old Generation Statistics:
[12.231s][info][gc,heap     ] GC(4) O:                Mark Start          Mark End        Relocate Start      Relocate End    
[12.231s][info][gc,heap     ] GC(4) O:      Used:       74M (29%)         100M (39%)          98M (38%)          98M (38%)    
[12.231s][info][gc,heap     ] GC(4) O:      Live:         -                71M (28%)          71M (28%)          71M (28%)    
[12.231s][info][gc,heap     ] GC(4) O:   Garbage:         -                 2M (1%)            0M (0%)            0M (0%)     
[12.231s][info][gc,heap     ] GC(4) O: Allocated:         -                26M (10%)          26M (10%)          26M (10%)    
[12.231s][info][gc,heap     ] GC(4) O: Reclaimed:         -                  -                 2M (1%)            2M (1%)     
[12.231s][info][gc,heap     ] GC(4) O: Compacted:         -                  -                  -                 0M (0%)     
[12.231s][info][gc,phases   ] GC(4) O: Old Generation 130M(51%)->128M(50%) 0.003s
[12.231s][info][gc          ] GC(4) Major Collection (Proactive) 128M(50%)->128M(50%) 0.006s
[14.859s][info][gc          ] GC(5) Major Collection (Proactive)
[14.859s][info][gc,task     ] GC(5) Using 1 Workers for Young Generation
[14.859s][info][gc,task     ] GC(5) Using 1 Workers for Old Generation
[14.859s][info][gc,phases   ] GC(5) Y: Young Generation
[14.859s][info][gc,phases   ] GC(5) Y: Pause Mark Start (Major) 0.018ms
[14.860s][info][gc,phases   ] GC(5) Y: Concurrent Mark 1.103ms
[14.860s][info][gc,phases   ] GC(5) Y: Pause Mark End 0.008ms
[14.860s][info][gc,phases   ] GC(5) Y: Concurrent Mark Free 0.005ms
[14.860s][info][gc,phases   ] GC(5) Y: Concurrent Reset Relocation Set 0.007ms
[14.860s][info][gc,reloc    ] GC(5) Y: Using tenuring threshold: 1 (Computed)
[14.861s][info][gc,phases   ] GC(5) Y: Concurrent Select Relocation Set 0.685ms
[14.861s][info][gc,phases   ] GC(5) Y: Pause Relocate Start 0.013ms
[14.862s][info][gc,phases   ] GC(5) Y: Concurrent Relocate 0.203ms
[14.862s][info][gc,alloc    ] GC(5) Y:                         Mark Start        Mark End      Relocate Start    Relocate End   
[14.862s][info][gc,alloc    ] GC(5) Y: Allocation Stalls:          0                0                0                0         
[14.862s][info][gc,load     ] GC(5) Y: Load: 0.00 (0%) / 0.00 (0%) / 0.00 (0%)
[14.862s][info][gc,mmu      ] GC(5) Y: MMU: 2ms/98.2%, 5ms/99.1%, 10ms/99.2%, 20ms/99.6%, 50ms/99.8%, 100ms/99.9%
[14.862s][info][gc,marking  ] GC(5) Y: Mark: 1 stripe(s), 2 proactive flush(es), 1 terminate flush(es), 0 completion(s), 0 continuation(s) 
[14.862s][info][gc,nmethod  ] GC(5) Y: NMethods: 299 registered, 8 unregistered
[14.862s][info][gc,metaspace] GC(5) Y: Metaspace: 0M used, 0M committed, 1088M reserved
[14.862s][info][gc,reloc    ] GC(5) Y:                        Candidates     Selected     In-Place         Size        Empty    Relocated 
[14.862s][info][gc,reloc    ] GC(5) Y: Small Pages:                    2            1            0           4M           0M           0M 
[14.862s][info][gc,reloc    ] GC(5) Y: Medium Pages:                   0            0            0           0M           0M           0M 
[14.862s][info][gc,reloc    ] GC(5) Y: Large Pages:                   26            0            0          52M           0M           0M 
[14.862s][info][gc,reloc    ] GC(5) Y: Forwarding Usage: 0M
[14.862s][info][gc,reloc    ] GC(5) Y: Age Table:
[14.862s][info][gc,reloc    ] GC(5) Y:                    Live             Garbage             Small              Medium             Large        
[14.862s][info][gc,reloc    ] GC(5) Y: Eden              26M (10%)           1M (1%)           1 / 1              0 / 0             13 / 0        
[14.862s][info][gc,reloc    ] GC(5) Y: Survivor 1        26M (10%)           1M (1%)           1 / 0              0 / 0             13 / 0        
[14.862s][info][gc,heap     ] GC(5) Y: Min Capacity: 8M(3%)
[14.862s][info][gc,heap     ] GC(5) Y: Max Capacity: 256M(100%)
[14.862s][info][gc,heap     ] GC(5) Y: Soft Max Capacity: 256M(100%)
[14.862s][info][gc,heap     ] GC(5) Y: Heap Statistics:
[14.862s][info][gc,heap     ] GC(5) Y:                Mark Start          Mark End        Relocate Start      Relocate End           High               Low         
[14.862s][info][gc,heap     ] GC(5) Y:  Capacity:      256M (100%)        256M (100%)        256M (100%)        256M (100%)        256M (100%)        256M (100%)   
[14.862s][info][gc,heap     ] GC(5) Y:      Free:      102M (40%)         100M (39%)         100M (39%)         100M (39%)         102M (40%)          98M (38%)    
[14.862s][info][gc,heap     ] GC(5) Y:      Used:      154M (60%)         156M (61%)         156M (61%)         156M (61%)         158M (62%)         154M (60%)    
[14.862s][info][gc,heap     ] GC(5) Y: Young Generation Statistics:
[14.862s][info][gc,heap     ] GC(5) Y:                Mark Start          Mark End        Relocate Start      Relocate End    
[14.862s][info][gc,heap     ] GC(5) Y:      Used:       56M (22%)          58M (23%)          32M (12%)          30M (12%)    
[14.862s][info][gc,heap     ] GC(5) Y:      Live:         -                52M (20%)          26M (10%)          26M (10%)    
[14.862s][info][gc,heap     ] GC(5) Y:   Garbage:         -                 3M (2%)            3M (2%)            0M (0%)     
[14.862s][info][gc,heap     ] GC(5) Y: Allocated:         -                 2M (1%)            2M (1%)            3M (2%)     
[14.862s][info][gc,heap     ] GC(5) Y: Reclaimed:         -                  -                 0M (0%)            3M (2%)     
[14.862s][info][gc,heap     ] GC(5) Y:  Promoted:         -                  -                26M (10%)          26M (10%)    
[14.862s][info][gc,heap     ] GC(5) Y: Compacted:         -                  -                  -                 0M (0%)     
[14.862s][info][gc,phases   ] GC(5) Y: Young Generation 154M(60%)->156M(61%) 0.003s
[14.862s][info][gc,phases   ] GC(5) O: Old Generation
[14.864s][info][gc,phases   ] GC(5) O: Concurrent Mark 2.072ms
[14.864s][info][gc,phases   ] GC(5) O: Pause Mark End 0.005ms
[14.864s][info][gc,phases   ] GC(5) O: Concurrent Mark Free 0.003ms
[14.864s][info][gc,phases   ] GC(5) O: Concurrent Process Non-Strong 0.386ms
[14.864s][info][gc,phases   ] GC(5) O: Concurrent Reset Relocation Set 0.000ms
[14.864s][info][gc,phases   ] GC(5) O: Concurrent Select Relocation Set 0.016ms
[14.864s][info][gc,task     ] GC(5) O: Using 2 Workers for Old Generation
[14.865s][info][gc,task     ] GC(5) O: Using 1 Workers for Old Generation
[14.865s][info][gc,phases   ] GC(5) O: Concurrent Remap Roots 0.265ms
[14.865s][info][gc,phases   ] GC(5) O: Pause Relocate Start 0.005ms
[14.865s][info][gc,phases   ] GC(5) O: Concurrent Relocate 0.026ms
[14.865s][info][gc,alloc    ] GC(5) O:                         Mark Start        Mark End      Relocate Start    Relocate End   
[14.865s][info][gc,alloc    ] GC(5) O: Allocation Stalls:          0                0                0                0         
[14.865s][info][gc,load     ] GC(5) O: Load: 0.00 (0%) / 0.00 (0%) / 0.00 (0%)
[14.865s][info][gc,mmu      ] GC(5) O: MMU: 2ms/98.2%, 5ms/99.1%, 10ms/99.2%, 20ms/99.6%, 50ms/99.8%, 100ms/99.9%
[14.865s][info][gc,marking  ] GC(5) O: Mark: 1 stripe(s), 2 proactive flush(es), 1 terminate flush(es), 0 completion(s), 0 continuation(s) 
[14.865s][info][gc,nmethod  ] GC(5) O: NMethods: 298 registered, 9 unregistered
[14.865s][info][gc,metaspace] GC(5) O: Metaspace: 0M used, 0M committed, 1088M reserved
[14.865s][info][gc,ref      ] GC(5) O:                       Encountered   Discovered     Enqueued 
[14.865s][info][gc,ref      ] GC(5) O: Soft References:               63            0            0 
[14.865s][info][gc,ref      ] GC(5) O: Weak References:               89           55            0 
[14.865s][info][gc,ref      ] GC(5) O: Final References:               0            0            0 
[14.865s][info][gc,ref      ] GC(5) O: Phantom References:             1            1            0 
[14.865s][info][gc,reloc    ] GC(5) O:                        Candidates     Selected     In-Place         Size        Empty    Relocated 
[14.865s][info][gc,reloc    ] GC(5) O: Small Pages:                    1            0            0           2M           0M           0M 
[14.865s][info][gc,reloc    ] GC(5) O: Medium Pages:                   0            0            0           0M           0M           0M 
[14.865s][info][gc,reloc    ] GC(5) O: Large Pages:                   48            0            0          96M           0M           0M 
[14.865s][info][gc,reloc    ] GC(5) O: Forwarding Usage: 0M
[14.865s][info][gc,heap     ] GC(5) O: Min Capacity: 8M(3%)
[14.865s][info][gc,heap     ] GC(5) O: Max Capacity: 256M(100%)
[14.865s][info][gc,heap     ] GC(5) O: Soft Max Capacity: 256M(100%)
[14.865s][info][gc,heap     ] GC(5) O: Heap Statistics:
[14.865s][info][gc,heap     ] GC(5) O:                Mark Start          Mark End        Relocate Start      Relocate End           High               Low         
[14.865s][info][gc,heap     ] GC(5) O:  Capacity:      256M (100%)        256M (100%)        256M (100%)        256M (100%)        256M (100%)        256M (100%)   
[14.865s][info][gc,heap     ] GC(5) O:      Free:      102M (40%)         100M (39%)         100M (39%)         100M (39%)         102M (40%)          98M (38%)    
[14.865s][info][gc,heap     ] GC(5) O:      Used:      154M (60%)         156M (61%)         156M (61%)         156M (61%)         158M (62%)         154M (60%)    
[14.865s][info][gc,heap     ] GC(5) O: Old Generation Statistics:
[14.865s][info][gc,heap     ] GC(5) O:                Mark Start          Mark End        Relocate Start      Relocate End    
[14.865s][info][gc,heap     ] GC(5) O:      Used:       98M (38%)         126M (49%)         126M (49%)         126M (49%)    
[14.865s][info][gc,heap     ] GC(5) O:      Live:         -                97M (38%)          97M (38%)          97M (38%)    
[14.865s][info][gc,heap     ] GC(5) O:   Garbage:         -                 0M (0%)            0M (0%)            0M (0%)     
[14.865s][info][gc,heap     ] GC(5) O: Allocated:         -                28M (11%)          28M (11%)          28M (11%)    
[14.865s][info][gc,heap     ] GC(5) O: Reclaimed:         -                  -                 0M (0%)            0M (0%)     
[14.865s][info][gc,heap     ] GC(5) O: Compacted:         -                  -                  -                 0M (0%)     
[14.865s][info][gc,phases   ] GC(5) O: Old Generation 156M(61%)->156M(61%) 0.003s
[14.865s][info][gc          ] GC(5) Major Collection (Proactive) 154M(60%)->156M(61%) 0.006s
[17.492s][info][gc          ] GC(6) Major Collection (Proactive)
[17.492s][info][gc,task     ] GC(6) Using 1 Workers for Young Generation
[17.492s][info][gc,task     ] GC(6) Using 1 Workers for Old Generation
[17.492s][info][gc,phases   ] GC(6) Y: Young Generation
[17.492s][info][gc,phases   ] GC(6) Y: Pause Mark Start (Major) 0.039ms
[17.494s][info][gc,phases   ] GC(6) Y: Concurrent Mark 1.629ms
[17.494s][info][gc,phases   ] GC(6) Y: Pause Mark End 0.011ms
[17.495s][info][gc,phases   ] GC(6) Y: Concurrent Mark Free 0.004ms
[17.495s][info][gc,phases   ] GC(6) Y: Concurrent Reset Relocation Set 0.008ms
[17.495s][info][gc,reloc    ] GC(6) Y: Using tenuring threshold: 1 (Computed)
[17.495s][info][gc,phases   ] GC(6) Y: Concurrent Select Relocation Set 0.438ms
[17.495s][info][gc,phases   ] GC(6) Y: Pause Relocate Start 0.007ms
[17.495s][info][gc,phases   ] GC(6) Y: Concurrent Relocate 0.127ms
[17.495s][info][gc,alloc    ] GC(6) Y:                         Mark Start        Mark End      Relocate Start    Relocate End   
[17.495s][info][gc,alloc    ] GC(6) Y: Allocation Stalls:          0                0                0                0         
[17.495s][info][gc,load     ] GC(6) Y: Load: 0.00 (0%) / 0.00 (0%) / 0.00 (0%)
[17.495s][info][gc,mmu      ] GC(6) Y: MMU: 2ms/97.5%, 5ms/98.8%, 10ms/99.2%, 20ms/99.6%, 50ms/99.8%, 100ms/99.9%
[17.495s][info][gc,marking  ] GC(6) Y: Mark: 1 stripe(s), 2 proactive flush(es), 1 terminate flush(es), 0 completion(s), 0 continuation(s) 
[17.495s][info][gc,nmethod  ] GC(6) Y: NMethods: 298 registered, 9 unregistered
[17.495s][info][gc,metaspace] GC(6) Y: Metaspace: 0M used, 0M committed, 1088M reserved
[17.495s][info][gc,reloc    ] GC(6) Y:                        Candidates     Selected     In-Place         Size        Empty    Relocated 
[17.495s][info][gc,reloc    ] GC(6) Y: Small Pages:                    2            1            0           4M           0M           0M 
[17.495s][info][gc,reloc    ] GC(6) Y: Medium Pages:                   0            0            0           0M           0M           0M 
[17.495s][info][gc,reloc    ] GC(6) Y: Large Pages:                   26            0            0          52M           0M           0M 
[17.495s][info][gc,reloc    ] GC(6) Y: Forwarding Usage: 0M
[17.495s][info][gc,reloc    ] GC(6) Y: Age Table:
[17.495s][info][gc,reloc    ] GC(6) Y:                    Live             Garbage             Small              Medium             Large        
[17.495s][info][gc,reloc    ] GC(6) Y: Eden              26M (10%)           1M (1%)           1 / 1              0 / 0             13 / 0        
[17.496s][info][gc,reloc    ] GC(6) Y: Survivor 1        26M (10%)           1M (1%)           1 / 0              0 / 0             13 / 0        
[17.496s][info][gc,heap     ] GC(6) Y: Min Capacity: 8M(3%)
[17.496s][info][gc,heap     ] GC(6) Y: Max Capacity: 256M(100%)
[17.496s][info][gc,heap     ] GC(6) Y: Soft Max Capacity: 256M(100%)
[17.496s][info][gc,heap     ] GC(6) Y: Heap Statistics:
[17.496s][info][gc,heap     ] GC(6) Y:                Mark Start          Mark End        Relocate Start      Relocate End           High               Low         
[17.496s][info][gc,heap     ] GC(6) Y:  Capacity:      256M (100%)        256M (100%)        256M (100%)        256M (100%)        256M (100%)        256M (100%)   
[17.496s][info][gc,heap     ] GC(6) Y:      Free:       74M (29%)          72M (28%)          72M (28%)          72M (28%)          74M (29%)          70M (27%)    
[17.496s][info][gc,heap     ] GC(6) Y:      Used:      182M (71%)         184M (72%)         184M (72%)         184M (72%)         186M (73%)         182M (71%)    
[17.496s][info][gc,heap     ] GC(6) Y: Young Generation Statistics:
[17.496s][info][gc,heap     ] GC(6) Y:                Mark Start          Mark End        Relocate Start      Relocate End    
[17.496s][info][gc,heap     ] GC(6) Y:      Used:       56M (22%)          58M (23%)          32M (12%)          30M (12%)    
[17.496s][info][gc,heap     ] GC(6) Y:      Live:         -                52M (20%)          26M (10%)          26M (10%)    
[17.496s][info][gc,heap     ] GC(6) Y:   Garbage:         -                 3M (2%)            3M (2%)            0M (0%)     
[17.496s][info][gc,heap     ] GC(6) Y: Allocated:         -                 2M (1%)            2M (1%)            3M (2%)     
[17.496s][info][gc,heap     ] GC(6) Y: Reclaimed:         -                  -                 0M (0%)            3M (2%)     
[17.496s][info][gc,heap     ] GC(6) Y:  Promoted:         -                  -                26M (10%)          26M (10%)    
[17.496s][info][gc,heap     ] GC(6) Y: Compacted:         -                  -                  -                 0M (0%)     
[17.496s][info][gc,phases   ] GC(6) Y: Young Generation 182M(71%)->184M(72%) 0.003s
[17.496s][info][gc,phases   ] GC(6) O: Old Generation
[17.498s][info][gc,phases   ] GC(6) O: Concurrent Mark 2.401ms
[17.498s][info][gc,phases   ] GC(6) O: Pause Mark End 0.006ms
[17.498s][info][gc,phases   ] GC(6) O: Concurrent Mark Free 0.000ms
[17.499s][info][gc,phases   ] GC(6) O: Concurrent Process Non-Strong 0.335ms
[17.499s][info][gc,phases   ] GC(6) O: Concurrent Reset Relocation Set 0.000ms
[17.499s][info][gc,phases   ] GC(6) O: Concurrent Select Relocation Set 0.025ms
[17.499s][info][gc,task     ] GC(6) O: Using 2 Workers for Old Generation
[17.499s][info][gc,task     ] GC(6) O: Using 1 Workers for Old Generation
[17.499s][info][gc,phases   ] GC(6) O: Concurrent Remap Roots 0.270ms
[17.499s][info][gc,phases   ] GC(6) O: Pause Relocate Start 0.005ms
[17.499s][info][gc,phases   ] GC(6) O: Concurrent Relocate 0.027ms
[17.499s][info][gc,alloc    ] GC(6) O:                         Mark Start        Mark End      Relocate Start    Relocate End   
[17.499s][info][gc,alloc    ] GC(6) O: Allocation Stalls:          0                0                0                0         
[17.499s][info][gc,load     ] GC(6) O: Load: 0.00 (0%) / 0.00 (0%) / 0.00 (0%)
[17.499s][info][gc,mmu      ] GC(6) O: MMU: 2ms/97.5%, 5ms/98.8%, 10ms/99.2%, 20ms/99.6%, 50ms/99.8%, 100ms/99.9%
[17.499s][info][gc,marking  ] GC(6) O: Mark: 1 stripe(s), 2 proactive flush(es), 1 terminate flush(es), 0 completion(s), 0 continuation(s) 
[17.499s][info][gc,nmethod  ] GC(6) O: NMethods: 298 registered, 9 unregistered
[17.499s][info][gc,metaspace] GC(6) O: Metaspace: 0M used, 0M committed, 1088M reserved
[17.499s][info][gc,ref      ] GC(6) O:                       Encountered   Discovered     Enqueued 
[17.499s][info][gc,ref      ] GC(6) O: Soft References:               63            0            0 
[17.499s][info][gc,ref      ] GC(6) O: Weak References:               89           55            0 
[17.499s][info][gc,ref      ] GC(6) O: Final References:               0            0            0 
[17.499s][info][gc,ref      ] GC(6) O: Phantom References:             1            1            0 
[17.499s][info][gc,reloc    ] GC(6) O:                        Candidates     Selected     In-Place         Size        Empty    Relocated 
[17.499s][info][gc,reloc    ] GC(6) O: Small Pages:                    2            0            0           4M           2M           0M 
[17.499s][info][gc,reloc    ] GC(6) O: Medium Pages:                   0            0            0           0M           0M           0M 
[17.499s][info][gc,reloc    ] GC(6) O: Large Pages:                   61            0            0         122M           0M           0M 
[17.499s][info][gc,reloc    ] GC(6) O: Forwarding Usage: 0M
[17.499s][info][gc,heap     ] GC(6) O: Min Capacity: 8M(3%)
[17.499s][info][gc,heap     ] GC(6) O: Max Capacity: 256M(100%)
[17.499s][info][gc,heap     ] GC(6) O: Soft Max Capacity: 256M(100%)
[17.499s][info][gc,heap     ] GC(6) O: Heap Statistics:
[17.499s][info][gc,heap     ] GC(6) O:                Mark Start          Mark End        Relocate Start      Relocate End           High               Low         
[17.499s][info][gc,heap     ] GC(6) O:  Capacity:      256M (100%)        256M (100%)        256M (100%)        256M (100%)        256M (100%)        256M (100%)   
[17.499s][info][gc,heap     ] GC(6) O:      Free:       74M (29%)          72M (28%)          74M (29%)          74M (29%)          74M (29%)          70M (27%)    
[17.499s][info][gc,heap     ] GC(6) O:      Used:      182M (71%)         184M (72%)         182M (71%)         182M (71%)         186M (73%)         182M (71%)    
[17.499s][info][gc,heap     ] GC(6) O: Old Generation Statistics:
[17.499s][info][gc,heap     ] GC(6) O:                Mark Start          Mark End        Relocate Start      Relocate End    
[17.499s][info][gc,heap     ] GC(6) O:      Used:      126M (49%)         154M (60%)         152M (59%)         152M (59%)    
[17.499s][info][gc,heap     ] GC(6) O:      Live:         -               123M (48%)         123M (48%)         123M (48%)    
[17.499s][info][gc,heap     ] GC(6) O:   Garbage:         -                 2M (1%)            0M (0%)            0M (0%)     
[17.499s][info][gc,heap     ] GC(6) O: Allocated:         -                28M (11%)          28M (11%)          28M (11%)    
[17.499s][info][gc,heap     ] GC(6) O: Reclaimed:         -                  -                 2M (1%)            2M (1%)     
[17.499s][info][gc,heap     ] GC(6) O: Compacted:         -                  -                  -                 0M (0%)     
[17.499s][info][gc,phases   ] GC(6) O: Old Generation 184M(72%)->182M(71%) 0.003s
[17.499s][info][gc          ] GC(6) Major Collection (Proactive) 182M(71%)->182M(71%) 0.007s
[20.124s][info][gc          ] GC(7) Major Collection (Proactive)
[20.124s][info][gc,task     ] GC(7) Using 1 Workers for Young Generation
[20.124s][info][gc,task     ] GC(7) Using 1 Workers for Old Generation
[20.124s][info][gc,phases   ] GC(7) Y: Young Generation
[20.125s][info][gc,phases   ] GC(7) Y: Pause Mark Start (Major) 0.014ms
[20.126s][info][gc,phases   ] GC(7) Y: Concurrent Mark 0.712ms
[20.126s][info][gc,phases   ] GC(7) Y: Pause Mark End 0.006ms
[20.126s][info][gc,phases   ] GC(7) Y: Concurrent Mark Free 0.001ms
[20.126s][info][gc,phases   ] GC(7) Y: Concurrent Reset Relocation Set 0.004ms
[20.126s][info][gc,reloc    ] GC(7) Y: Using tenuring threshold: 1 (Computed)
[20.126s][info][gc,phases   ] GC(7) Y: Concurrent Select Relocation Set 0.438ms
[20.126s][info][gc,phases   ] GC(7) Y: Pause Relocate Start 0.004ms
[20.126s][info][gc,phases   ] GC(7) Y: Concurrent Relocate 0.036ms
[20.126s][info][gc,alloc    ] GC(7) Y:                         Mark Start        Mark End      Relocate Start    Relocate End   
[20.126s][info][gc,alloc    ] GC(7) Y: Allocation Stalls:          0                0                0                0         
[20.126s][info][gc,load     ] GC(7) Y: Load: 0.00 (0%) / 0.00 (0%) / 0.00 (0%)
[20.126s][info][gc,mmu      ] GC(7) Y: MMU: 2ms/97.5%, 5ms/98.8%, 10ms/99.2%, 20ms/99.6%, 50ms/99.8%, 100ms/99.9%
[20.126s][info][gc,marking  ] GC(7) Y: Mark: 1 stripe(s), 2 proactive flush(es), 1 terminate flush(es), 0 completion(s), 0 continuation(s) 
[20.126s][info][gc,nmethod  ] GC(7) Y: NMethods: 303 registered, 9 unregistered
[20.126s][info][gc,metaspace] GC(7) Y: Metaspace: 0M used, 0M committed, 1088M reserved
[20.126s][info][gc,reloc    ] GC(7) Y:                        Candidates     Selected     In-Place         Size        Empty    Relocated 
[20.126s][info][gc,reloc    ] GC(7) Y: Small Pages:                    2            0            0           4M           2M           0M 
[20.126s][info][gc,reloc    ] GC(7) Y: Medium Pages:                   0            0            0           0M           0M           0M 
[20.126s][info][gc,reloc    ] GC(7) Y: Large Pages:                   26            0            0          52M           0M           0M 
[20.126s][info][gc,reloc    ] GC(7) Y: Forwarding Usage: 0M
[20.126s][info][gc,reloc    ] GC(7) Y: Age Table:
[20.126s][info][gc,reloc    ] GC(7) Y:                    Live             Garbage             Small              Medium             Large        
[20.126s][info][gc,reloc    ] GC(7) Y: Eden              26M (10%)           2M (1%)           1 / 0              0 / 0             13 / 0        
[20.126s][info][gc,reloc    ] GC(7) Y: Survivor 1        26M (10%)           1M (1%)           1 / 0              0 / 0             13 / 0        
[20.126s][info][gc,heap     ] GC(7) Y: Min Capacity: 8M(3%)
[20.126s][info][gc,heap     ] GC(7) Y: Max Capacity: 256M(100%)
[20.126s][info][gc,heap     ] GC(7) Y: Soft Max Capacity: 256M(100%)
[20.126s][info][gc,heap     ] GC(7) Y: Heap Statistics:
[20.126s][info][gc,heap     ] GC(7) Y:                Mark Start          Mark End        Relocate Start      Relocate End           High               Low         
[20.126s][info][gc,heap     ] GC(7) Y:  Capacity:      256M (100%)        256M (100%)        256M (100%)        256M (100%)        256M (100%)        256M (100%)   
[20.126s][info][gc,heap     ] GC(7) Y:      Free:       48M (19%)          46M (18%)          48M (19%)          48M (19%)          48M (19%)          46M (18%)    
[20.127s][info][gc,heap     ] GC(7) Y:      Used:      208M (81%)         210M (82%)         208M (81%)         208M (81%)         210M (82%)         208M (81%)    
[20.127s][info][gc,heap     ] GC(7) Y: Young Generation Statistics:
[20.127s][info][gc,heap     ] GC(7) Y:                Mark Start          Mark End        Relocate Start      Relocate End    
[20.127s][info][gc,heap     ] GC(7) Y:      Used:       56M (22%)          58M (23%)          28M (11%)          28M (11%)    
[20.127s][info][gc,heap     ] GC(7) Y:      Live:         -                52M (20%)          26M (10%)          26M (10%)    
[20.127s][info][gc,heap     ] GC(7) Y:   Garbage:         -                 3M (2%)            0M (0%)            0M (0%)     
[20.127s][info][gc,heap     ] GC(7) Y: Allocated:         -                 2M (1%)            2M (1%)            2M (1%)     
[20.127s][info][gc,heap     ] GC(7) Y: Reclaimed:         -                  -                 3M (2%)            3M (2%)     
[20.127s][info][gc,heap     ] GC(7) Y:  Promoted:         -                  -                26M (10%)          26M (10%)    
[20.127s][info][gc,heap     ] GC(7) Y: Compacted:         -                  -                  -                 0M (0%)     
[20.127s][info][gc,phases   ] GC(7) Y: Young Generation 208M(81%)->208M(81%) 0.002s
[20.127s][info][gc,phases   ] GC(7) O: Old Generation
[20.128s][info][gc,phases   ] GC(7) O: Concurrent Mark 1.587ms
[20.128s][info][gc,phases   ] GC(7) O: Pause Mark End 0.006ms
[20.128s][info][gc,phases   ] GC(7) O: Concurrent Mark Free 0.000ms
[20.129s][info][gc,phases   ] GC(7) O: Concurrent Process Non-Strong 0.358ms
[20.129s][info][gc,phases   ] GC(7) O: Concurrent Reset Relocation Set 0.000ms
[20.129s][info][gc,phases   ] GC(7) O: Concurrent Select Relocation Set 0.158ms
[20.129s][info][gc,task     ] GC(7) O: Using 2 Workers for Old Generation
[20.129s][info][gc,task     ] GC(7) O: Using 1 Workers for Old Generation
[20.129s][info][gc,phases   ] GC(7) O: Concurrent Remap Roots 0.297ms
[20.129s][info][gc,phases   ] GC(7) O: Pause Relocate Start 0.005ms
[20.130s][info][gc,phases   ] GC(7) O: Concurrent Relocate 1.187ms
[20.130s][info][gc,alloc    ] GC(7) O:                         Mark Start        Mark End      Relocate Start    Relocate End   
[20.130s][info][gc,alloc    ] GC(7) O: Allocation Stalls:          0                0                0                0         
[20.130s][info][gc,load     ] GC(7) O: Load: 0.00 (0%) / 0.00 (0%) / 0.00 (0%)
[20.130s][info][gc,mmu      ] GC(7) O: MMU: 2ms/97.5%, 5ms/98.8%, 10ms/99.2%, 20ms/99.6%, 50ms/99.8%, 100ms/99.9%
[20.130s][info][gc,marking  ] GC(7) O: Mark: 1 stripe(s), 2 proactive flush(es), 1 terminate flush(es), 0 completion(s), 0 continuation(s) 
[20.130s][info][gc,nmethod  ] GC(7) O: NMethods: 301 registered, 11 unregistered
[20.130s][info][gc,metaspace] GC(7) O: Metaspace: 0M used, 0M committed, 1088M reserved
[20.130s][info][gc,ref      ] GC(7) O:                       Encountered   Discovered     Enqueued 
[20.130s][info][gc,ref      ] GC(7) O: Soft References:               63            0            0 
[20.130s][info][gc,ref      ] GC(7) O: Weak References:               89           55            0 
[20.130s][info][gc,ref      ] GC(7) O: Final References:               0            0            0 
[20.130s][info][gc,ref      ] GC(7) O: Phantom References:             1            1            0 
[20.130s][info][gc,reloc    ] GC(7) O:                        Candidates     Selected     In-Place         Size        Empty    Relocated 
[20.130s][info][gc,reloc    ] GC(7) O: Small Pages:                    2            1            0           4M           0M           1M 
[20.130s][info][gc,reloc    ] GC(7) O: Medium Pages:                   0            0            0           0M           0M           0M 
[20.130s][info][gc,reloc    ] GC(7) O: Large Pages:                   74            0            0         148M           0M           0M 
[20.130s][info][gc,reloc    ] GC(7) O: Forwarding Usage: 0M
[20.130s][info][gc,heap     ] GC(7) O: Min Capacity: 8M(3%)
[20.130s][info][gc,heap     ] GC(7) O: Max Capacity: 256M(100%)
[20.130s][info][gc,heap     ] GC(7) O: Soft Max Capacity: 256M(100%)
[20.131s][info][gc,heap     ] GC(7) O: Heap Statistics:
[20.131s][info][gc,heap     ] GC(7) O:                Mark Start          Mark End        Relocate Start      Relocate End           High               Low         
[20.131s][info][gc,heap     ] GC(7) O:  Capacity:      256M (100%)        256M (100%)        256M (100%)        256M (100%)        256M (100%)        256M (100%)   
[20.131s][info][gc,heap     ] GC(7) O:      Free:       48M (19%)          48M (19%)          48M (19%)          50M (20%)          50M (20%)          46M (18%)    
[20.131s][info][gc,heap     ] GC(7) O:      Used:      208M (81%)         208M (81%)         208M (81%)         206M (80%)         210M (82%)         206M (80%)    
[20.131s][info][gc,heap     ] GC(7) O: Old Generation Statistics:
[20.131s][info][gc,heap     ] GC(7) O:                Mark Start          Mark End        Relocate Start      Relocate End    
[20.131s][info][gc,heap     ] GC(7) O:      Used:      152M (59%)         180M (70%)         180M (70%)         178M (70%)    
[20.131s][info][gc,heap     ] GC(7) O:      Live:         -               149M (58%)         149M (58%)         149M (58%)    
[20.131s][info][gc,heap     ] GC(7) O:   Garbage:         -                 2M (1%)            2M (1%)            0M (0%)     
[20.131s][info][gc,heap     ] GC(7) O: Allocated:         -                28M (11%)          28M (11%)          28M (11%)    
[20.131s][info][gc,heap     ] GC(7) O: Reclaimed:         -                  -                 0M (0%)            2M (1%)     
[20.131s][info][gc,heap     ] GC(7) O: Compacted:         -                  -                  -                 1M (1%)     
[20.131s][info][gc,phases   ] GC(7) O: Old Generation 208M(81%)->206M(80%) 0.004s
[20.131s][info][gc          ] GC(7) Major Collection (Proactive) 208M(81%)->206M(80%) 0.006s
[22.759s][info][gc          ] GC(8) Major Collection (Proactive)
[22.759s][info][gc,task     ] GC(8) Using 1 Workers for Young Generation
[22.759s][info][gc,task     ] GC(8) Using 1 Workers for Old Generation
[22.759s][info][gc,phases   ] GC(8) Y: Young Generation
[22.759s][info][gc,phases   ] GC(8) Y: Pause Mark Start (Major) 0.026ms
[22.761s][info][gc,phases   ] GC(8) Y: Concurrent Mark 1.552ms
[22.761s][info][gc,phases   ] GC(8) Y: Pause Mark End 0.009ms
[22.761s][info][gc,phases   ] GC(8) Y: Concurrent Mark Free 0.001ms
[22.761s][info][gc,phases   ] GC(8) Y: Concurrent Reset Relocation Set 0.009ms
[22.761s][info][gc,reloc    ] GC(8) Y: Using tenuring threshold: 1 (Computed)
[22.761s][info][gc,phases   ] GC(8) Y: Concurrent Select Relocation Set 0.522ms
[22.761s][info][gc,phases   ] GC(8) Y: Pause Relocate Start 0.005ms
[22.761s][info][gc,phases   ] GC(8) Y: Concurrent Relocate 0.053ms
[22.762s][info][gc,alloc    ] GC(8) Y:                         Mark Start        Mark End      Relocate Start    Relocate End   
[22.762s][info][gc,alloc    ] GC(8) Y: Allocation Stalls:          0                0                0                0         
[22.762s][info][gc,load     ] GC(8) Y: Load: 0.00 (0%) / 0.00 (0%) / 0.00 (0%)
[22.762s][info][gc,mmu      ] GC(8) Y: MMU: 2ms/97.5%, 5ms/98.8%, 10ms/99.2%, 20ms/99.6%, 50ms/99.8%, 100ms/99.9%
[22.762s][info][gc,marking  ] GC(8) Y: Mark: 1 stripe(s), 2 proactive flush(es), 1 terminate flush(es), 0 completion(s), 0 continuation(s) 
[22.762s][info][gc,nmethod  ] GC(8) Y: NMethods: 301 registered, 11 unregistered
[22.762s][info][gc,metaspace] GC(8) Y: Metaspace: 0M used, 0M committed, 1088M reserved
[22.762s][info][gc,reloc    ] GC(8) Y:                        Candidates     Selected     In-Place         Size        Empty    Relocated 
[22.762s][info][gc,reloc    ] GC(8) Y: Small Pages:                    1            0            0           2M           0M           0M 
[22.762s][info][gc,reloc    ] GC(8) Y: Medium Pages:                   0            0            0           0M           0M           0M 
[22.762s][info][gc,reloc    ] GC(8) Y: Large Pages:                   26            0            0          52M           0M           0M 
[22.762s][info][gc,reloc    ] GC(8) Y: Forwarding Usage: 0M
[22.762s][info][gc,reloc    ] GC(8) Y: Age Table:
[22.762s][info][gc,reloc    ] GC(8) Y:                    Live             Garbage             Small              Medium             Large        
[22.762s][info][gc,reloc    ] GC(8) Y: Eden              26M (10%)           1M (1%)           1 / 0              0 / 0             13 / 0        
[22.762s][info][gc,reloc    ] GC(8) Y: Survivor 1        26M (10%)           0M (0%)           0 / 0              0 / 0             13 / 0        
[22.762s][info][gc,heap     ] GC(8) Y: Min Capacity: 8M(3%)
[22.762s][info][gc,heap     ] GC(8) Y: Max Capacity: 256M(100%)
[22.762s][info][gc,heap     ] GC(8) Y: Soft Max Capacity: 256M(100%)
[22.762s][info][gc,heap     ] GC(8) Y: Heap Statistics:
[22.762s][info][gc,heap     ] GC(8) Y:                Mark Start          Mark End        Relocate Start      Relocate End           High               Low         
[22.762s][info][gc,heap     ] GC(8) Y:  Capacity:      256M (100%)        256M (100%)        256M (100%)        256M (100%)        256M (100%)        256M (100%)   
[22.762s][info][gc,heap     ] GC(8) Y:      Free:       24M (9%)           22M (9%)           22M (9%)           22M (9%)           24M (9%)           22M (9%)     
[22.762s][info][gc,heap     ] GC(8) Y:      Used:      232M (91%)         234M (91%)         234M (91%)         234M (91%)         234M (91%)         232M (91%)    
[22.762s][info][gc,heap     ] GC(8) Y: Young Generation Statistics:
[22.762s][info][gc,heap     ] GC(8) Y:                Mark Start          Mark End        Relocate Start      Relocate End    
[22.762s][info][gc,heap     ] GC(8) Y:      Used:       54M (21%)          56M (22%)          30M (12%)          30M (12%)    
[22.762s][info][gc,heap     ] GC(8) Y:      Live:         -                52M (20%)          26M (10%)          26M (10%)    
[22.762s][info][gc,heap     ] GC(8) Y:   Garbage:         -                 1M (1%)            1M (1%)            1M (1%)     
[22.762s][info][gc,heap     ] GC(8) Y: Allocated:         -                 2M (1%)            2M (1%)            2M (1%)     
[22.762s][info][gc,heap     ] GC(8) Y: Reclaimed:         -                  -                 0M (0%)            0M (0%)     
[22.762s][info][gc,heap     ] GC(8) Y:  Promoted:         -                  -                26M (10%)          26M (10%)    
[22.762s][info][gc,heap     ] GC(8) Y: Compacted:         -                  -                  -                 0M (0%)     
[22.762s][info][gc,phases   ] GC(8) Y: Young Generation 232M(91%)->234M(91%) 0.003s
[22.762s][info][gc,phases   ] GC(8) O: Old Generation
[22.765s][info][gc,phases   ] GC(8) O: Concurrent Mark 2.856ms
[22.765s][info][gc,phases   ] GC(8) O: Pause Mark End 0.005ms
[22.765s][info][gc,phases   ] GC(8) O: Concurrent Mark Free 0.000ms
[22.766s][info][gc,phases   ] GC(8) O: Concurrent Process Non-Strong 0.829ms
[22.766s][info][gc,phases   ] GC(8) O: Concurrent Reset Relocation Set 0.001ms
[22.766s][info][gc,phases   ] GC(8) O: Concurrent Select Relocation Set 0.028ms
[22.766s][info][gc,task     ] GC(8) O: Using 2 Workers for Old Generation
[22.766s][info][gc,task     ] GC(8) O: Using 1 Workers for Old Generation
[22.766s][info][gc,phases   ] GC(8) O: Concurrent Remap Roots 0.314ms
[22.766s][info][gc,phases   ] GC(8) O: Pause Relocate Start 0.007ms
[22.766s][info][gc,phases   ] GC(8) O: Concurrent Relocate 0.026ms
[22.766s][info][gc,alloc    ] GC(8) O:                         Mark Start        Mark End      Relocate Start    Relocate End   
[22.766s][info][gc,alloc    ] GC(8) O: Allocation Stalls:          0                0                0                0         
[22.766s][info][gc,load     ] GC(8) O: Load: 0.00 (0%) / 0.00 (0%) / 0.00 (0%)
[22.766s][info][gc,mmu      ] GC(8) O: MMU: 2ms/97.5%, 5ms/98.8%, 10ms/99.2%, 20ms/99.6%, 50ms/99.8%, 100ms/99.9%
[22.766s][info][gc,marking  ] GC(8) O: Mark: 1 stripe(s), 2 proactive flush(es), 1 terminate flush(es), 0 completion(s), 0 continuation(s) 
[22.766s][info][gc,nmethod  ] GC(8) O: NMethods: 301 registered, 11 unregistered
[22.766s][info][gc,metaspace] GC(8) O: Metaspace: 0M used, 0M committed, 1088M reserved
[22.766s][info][gc,ref      ] GC(8) O:                       Encountered   Discovered     Enqueued 
[22.766s][info][gc,ref      ] GC(8) O: Soft References:               63            0            0 
[22.766s][info][gc,ref      ] GC(8) O: Weak References:               89           55            0 
[22.766s][info][gc,ref      ] GC(8) O: Final References:               0            0            0 
[22.766s][info][gc,ref      ] GC(8) O: Phantom References:             1            1            0 
[22.766s][info][gc,reloc    ] GC(8) O:                        Candidates     Selected     In-Place         Size        Empty    Relocated 
[22.766s][info][gc,reloc    ] GC(8) O: Small Pages:                    2            0            0           4M           2M           0M 
[22.766s][info][gc,reloc    ] GC(8) O: Medium Pages:                   0            0            0           0M           0M           0M 
[22.766s][info][gc,reloc    ] GC(8) O: Large Pages:                   87            0            0         174M           0M           0M 
[22.766s][info][gc,reloc    ] GC(8) O: Forwarding Usage: 0M
[22.766s][info][gc,heap     ] GC(8) O: Min Capacity: 8M(3%)
[22.766s][info][gc,heap     ] GC(8) O: Max Capacity: 256M(100%)
[22.766s][info][gc,heap     ] GC(8) O: Soft Max Capacity: 256M(100%)
[22.766s][info][gc,heap     ] GC(8) O: Heap Statistics:
[22.766s][info][gc,heap     ] GC(8) O:                Mark Start          Mark End        Relocate Start      Relocate End           High               Low         
[22.766s][info][gc,heap     ] GC(8) O:  Capacity:      256M (100%)        256M (100%)        256M (100%)        256M (100%)        256M (100%)        256M (100%)   
[22.766s][info][gc,heap     ] GC(8) O:      Free:       24M (9%)           22M (9%)           24M (9%)           24M (9%)           24M (9%)           22M (9%)     
[22.766s][info][gc,heap     ] GC(8) O:      Used:      232M (91%)         234M (91%)         232M (91%)         232M (91%)         234M (91%)         232M (91%)    
[22.766s][info][gc,heap     ] GC(8) O: Old Generation Statistics:
[22.766s][info][gc,heap     ] GC(8) O:                Mark Start          Mark End        Relocate Start      Relocate End    
[22.766s][info][gc,heap     ] GC(8) O:      Used:      178M (70%)         204M (80%)         202M (79%)         202M (79%)    
[22.766s][info][gc,heap     ] GC(8) O:      Live:         -               175M (68%)         175M (68%)         175M (68%)    
[22.766s][info][gc,heap     ] GC(8) O:   Garbage:         -                 2M (1%)            0M (0%)            0M (0%)     
[22.766s][info][gc,heap     ] GC(8) O: Allocated:         -                26M (10%)          26M (10%)          26M (10%)    
[22.766s][info][gc,heap     ] GC(8) O: Reclaimed:         -                  -                 2M (1%)            2M (1%)     
[22.766s][info][gc,heap     ] GC(8) O: Compacted:         -                  -                  -                 0M (0%)     
[22.766s][info][gc,phases   ] GC(8) O: Old Generation 234M(91%)->232M(91%) 0.004s
[22.767s][info][gc          ] GC(8) Major Collection (Proactive) 232M(91%)->232M(91%) 0.008s
[22.770s][info][gc          ] GC(9) Major Collection (Allocation Rate)
[22.770s][info][gc,task     ] GC(9) Using 1 Workers for Young Generation
[22.770s][info][gc,task     ] GC(9) Using 1 Workers for Old Generation
[22.770s][info][gc,phases   ] GC(9) Y: Young Generation
[22.770s][info][gc,phases   ] GC(9) Y: Pause Mark Start (Major) 0.006ms
[22.770s][info][gc,phases   ] GC(9) Y: Concurrent Mark 0.584ms
[22.770s][info][gc,phases   ] GC(9) Y: Pause Mark End 0.004ms
[22.770s][info][gc,phases   ] GC(9) Y: Concurrent Mark Free 0.000ms
[22.770s][info][gc,phases   ] GC(9) Y: Concurrent Reset Relocation Set 0.002ms
[22.770s][info][gc,reloc    ] GC(9) Y: Using tenuring threshold: 2 (Computed)
[22.770s][info][gc,phases   ] GC(9) Y: Concurrent Select Relocation Set 0.054ms
[22.770s][info][gc,phases   ] GC(9) Y: Pause Relocate Start 0.002ms
[22.770s][info][gc,phases   ] GC(9) Y: Concurrent Relocate 0.030ms
[22.770s][info][gc,alloc    ] GC(9) Y:                         Mark Start        Mark End      Relocate Start    Relocate End   
[22.770s][info][gc,alloc    ] GC(9) Y: Allocation Stalls:          0                0                0                0         
[22.770s][info][gc,load     ] GC(9) Y: Load: 0.00 (0%) / 0.00 (0%) / 0.00 (0%)
[22.771s][info][gc,mmu      ] GC(9) Y: MMU: 2ms/97.5%, 5ms/98.8%, 10ms/99.2%, 20ms/99.6%, 50ms/99.8%, 100ms/99.9%
[22.771s][info][gc,marking  ] GC(9) Y: Mark: 1 stripe(s), 1 proactive flush(es), 1 terminate flush(es), 0 completion(s), 0 continuation(s) 
[22.771s][info][gc,nmethod  ] GC(9) Y: NMethods: 301 registered, 11 unregistered
[22.771s][info][gc,metaspace] GC(9) Y: Metaspace: 0M used, 0M committed, 1088M reserved
[22.771s][info][gc,reloc    ] GC(9) Y:                        Candidates     Selected     In-Place         Size        Empty    Relocated 
[22.771s][info][gc,reloc    ] GC(9) Y: Small Pages:                    2            0            0           4M           2M           0M 
[22.771s][info][gc,reloc    ] GC(9) Y: Medium Pages:                   0            0            0           0M           0M           0M 
[22.771s][info][gc,reloc    ] GC(9) Y: Large Pages:                   13            0            0          26M           0M           0M 
[22.771s][info][gc,reloc    ] GC(9) Y: Forwarding Usage: 0M
[22.771s][info][gc,reloc    ] GC(9) Y: Age Table:
[22.771s][info][gc,reloc    ] GC(9) Y:                    Live             Garbage             Small              Medium             Large        
[22.771s][info][gc,reloc    ] GC(9) Y: Eden                -                 2M (1%)           1 / 0              0 / 0              0 / 0        
[22.771s][info][gc,reloc    ] GC(9) Y: Survivor 1        26M (10%)           1M (1%)           1 / 0              0 / 0             13 / 0        
[22.771s][info][gc,heap     ] GC(9) Y: Min Capacity: 8M(3%)
[22.771s][info][gc,heap     ] GC(9) Y: Max Capacity: 256M(100%)
[22.771s][info][gc,heap     ] GC(9) Y: Soft Max Capacity: 256M(100%)
[22.771s][info][gc,heap     ] GC(9) Y: Heap Statistics:
[22.771s][info][gc,heap     ] GC(9) Y:                Mark Start          Mark End        Relocate Start      Relocate End           High               Low         
[22.771s][info][gc,heap     ] GC(9) Y:  Capacity:      256M (100%)        256M (100%)        256M (100%)        256M (100%)        256M (100%)        256M (100%)   
[22.771s][info][gc,heap     ] GC(9) Y:      Free:       24M (9%)           24M (9%)           26M (10%)          26M (10%)          26M (10%)          24M (9%)     
[22.771s][info][gc,heap     ] GC(9) Y:      Used:      232M (91%)         232M (91%)         230M (90%)         230M (90%)         232M (91%)         230M (90%)    
[22.771s][info][gc,heap     ] GC(9) Y: Young Generation Statistics:
[22.771s][info][gc,heap     ] GC(9) Y:                Mark Start          Mark End        Relocate Start      Relocate End    
[22.771s][info][gc,heap     ] GC(9) Y:      Used:       30M (12%)          30M (12%)          28M (11%)          28M (11%)    
[22.771s][info][gc,heap     ] GC(9) Y:      Live:         -                26M (10%)          26M (10%)          26M (10%)    
[22.771s][info][gc,heap     ] GC(9) Y:   Garbage:         -                 3M (2%)            1M (1%)            1M (1%)     
[22.771s][info][gc,heap     ] GC(9) Y: Allocated:         -                 0M (0%)            0M (0%)            0M (0%)     
[22.771s][info][gc,heap     ] GC(9) Y: Reclaimed:         -                  -                 2M (1%)            2M (1%)     
[22.771s][info][gc,heap     ] GC(9) Y:  Promoted:         -                  -                 0M (0%)            0M (0%)     
[22.771s][info][gc,heap     ] GC(9) Y: Compacted:         -                  -                  -                 0M (0%)     
[22.771s][info][gc,phases   ] GC(9) Y: Young Generation 232M(91%)->230M(90%) 0.001s
[22.771s][info][gc,phases   ] GC(9) O: Old Generation
[22.772s][info][gc,phases   ] GC(9) O: Concurrent Mark 1.457ms
[22.772s][info][gc,phases   ] GC(9) O: Pause Mark End 0.005ms
[22.772s][info][gc,phases   ] GC(9) O: Concurrent Mark Free 0.000ms
[22.773s][info][gc,phases   ] GC(9) O: Concurrent Process Non-Strong 0.292ms
[22.773s][info][gc,phases   ] GC(9) O: Concurrent Reset Relocation Set 0.000ms
[22.773s][info][gc,phases   ] GC(9) O: Concurrent Select Relocation Set 0.016ms
[22.773s][info][gc,task     ] GC(9) O: Using 2 Workers for Old Generation
[22.773s][info][gc,task     ] GC(9) O: Using 1 Workers for Old Generation
[22.773s][info][gc,phases   ] GC(9) O: Concurrent Remap Roots 0.271ms
[22.773s][info][gc,phases   ] GC(9) O: Pause Relocate Start 0.003ms
[22.773s][info][gc,phases   ] GC(9) O: Concurrent Relocate 0.018ms
[22.773s][info][gc,alloc    ] GC(9) O:                         Mark Start        Mark End      Relocate Start    Relocate End   
[22.773s][info][gc,alloc    ] GC(9) O: Allocation Stalls:          0                0                0                0         
[22.773s][info][gc,load     ] GC(9) O: Load: 0.00 (0%) / 0.00 (0%) / 0.00 (0%)
[22.773s][info][gc,mmu      ] GC(9) O: MMU: 2ms/97.5%, 5ms/98.8%, 10ms/99.2%, 20ms/99.6%, 50ms/99.8%, 100ms/99.9%
[22.773s][info][gc,marking  ] GC(9) O: Mark: 1 stripe(s), 1 proactive flush(es), 1 terminate flush(es), 0 completion(s), 0 continuation(s) 
[22.773s][info][gc,nmethod  ] GC(9) O: NMethods: 301 registered, 11 unregistered
[22.773s][info][gc,metaspace] GC(9) O: Metaspace: 0M used, 0M committed, 1088M reserved
[22.773s][info][gc,ref      ] GC(9) O:                       Encountered   Discovered     Enqueued 
[22.773s][info][gc,ref      ] GC(9) O: Soft References:               63            0            0 
[22.773s][info][gc,ref      ] GC(9) O: Weak References:               89           55            0 
[22.773s][info][gc,ref      ] GC(9) O: Final References:               0            0            0 
[22.773s][info][gc,ref      ] GC(9) O: Phantom References:             1            1            0 
[22.773s][info][gc,reloc    ] GC(9) O:                        Candidates     Selected     In-Place         Size        Empty    Relocated 
[22.773s][info][gc,reloc    ] GC(9) O: Small Pages:                    1            0            0           2M           0M           0M 
[22.773s][info][gc,reloc    ] GC(9) O: Medium Pages:                   0            0            0           0M           0M           0M 
[22.773s][info][gc,reloc    ] GC(9) O: Large Pages:                  100            0            0         200M           0M           0M 
[22.773s][info][gc,reloc    ] GC(9) O: Forwarding Usage: 0M
[22.773s][info][gc,heap     ] GC(9) O: Min Capacity: 8M(3%)
[22.773s][info][gc,heap     ] GC(9) O: Max Capacity: 256M(100%)
[22.773s][info][gc,heap     ] GC(9) O: Soft Max Capacity: 256M(100%)
[22.773s][info][gc,heap     ] GC(9) O: Heap Statistics:
[22.773s][info][gc,heap     ] GC(9) O:                Mark Start          Mark End        Relocate Start      Relocate End           High               Low         
[22.773s][info][gc,heap     ] GC(9) O:  Capacity:      256M (100%)        256M (100%)        256M (100%)        256M (100%)        256M (100%)        256M (100%)   
[22.773s][info][gc,heap     ] GC(9) O:      Free:       24M (9%)           26M (10%)          26M (10%)          26M (10%)          26M (10%)          24M (9%)     
[22.773s][info][gc,heap     ] GC(9) O:      Used:      232M (91%)         230M (90%)         230M (90%)         230M (90%)         232M (91%)         230M (90%)    
[22.773s][info][gc,heap     ] GC(9) O: Old Generation Statistics:
[22.773s][info][gc,heap     ] GC(9) O:                Mark Start          Mark End        Relocate Start      Relocate End    
[22.773s][info][gc,heap     ] GC(9) O:      Used:      202M (79%)         202M (79%)         202M (79%)         202M (79%)    
[22.773s][info][gc,heap     ] GC(9) O:      Live:         -               201M (79%)         201M (79%)         201M (79%)    
[22.773s][info][gc,heap     ] GC(9) O:   Garbage:         -                 0M (0%)            0M (0%)            0M (0%)     
[22.773s][info][gc,heap     ] GC(9) O: Allocated:         -                 0M (0%)            0M (0%)            0M (0%)     
[22.773s][info][gc,heap     ] GC(9) O: Reclaimed:         -                  -                 0M (0%)            0M (0%)     
[22.773s][info][gc,heap     ] GC(9) O: Compacted:         -                  -                  -                 0M (0%)     
[22.773s][info][gc,phases   ] GC(9) O: Old Generation 230M(90%)->230M(90%) 0.002s
[22.773s][info][gc          ] GC(9) Major Collection (Allocation Rate) 232M(91%)->230M(90%) 0.003s
[22.961s][info][gc          ] GC(10) Minor Collection (High Usage)
[22.961s][info][gc,task     ] GC(10) Using 1 Workers for Young Generation
[22.961s][info][gc,phases   ] GC(10) y: Young Generation
[22.962s][info][gc,phases   ] GC(10) y: Pause Mark Start 0.017ms
[22.963s][info][gc,phases   ] GC(10) y: Concurrent Mark 1.377ms
[22.963s][info][gc,phases   ] GC(10) y: Pause Mark End 0.009ms
[22.963s][info][gc,phases   ] GC(10) y: Concurrent Mark Free 0.001ms
[22.963s][info][gc,phases   ] GC(10) y: Concurrent Reset Relocation Set 0.000ms
[22.963s][info][gc,reloc    ] GC(10) y: Using tenuring threshold: 1 (Computed)
[22.963s][info][gc,phases   ] GC(10) y: Concurrent Select Relocation Set 0.307ms
[22.964s][info][gc,phases   ] GC(10) y: Pause Relocate Start 0.005ms
[22.964s][info][gc,phases   ] GC(10) y: Concurrent Relocate 0.050ms
[22.964s][info][gc,alloc    ] GC(10) y:                         Mark Start        Mark End      Relocate Start    Relocate End   
[22.964s][info][gc,alloc    ] GC(10) y: Allocation Stalls:          0                0                0                0         
[22.964s][info][gc,load     ] GC(10) y: Load: 0.00 (0%) / 0.00 (0%) / 0.00 (0%)
[22.964s][info][gc,mmu      ] GC(10) y: MMU: 2ms/97.5%, 5ms/98.8%, 10ms/99.2%, 20ms/99.6%, 50ms/99.8%, 100ms/99.9%
[22.964s][info][gc,marking  ] GC(10) y: Mark: 1 stripe(s), 2 proactive flush(es), 1 terminate flush(es), 0 completion(s), 0 continuation(s) 
[22.964s][info][gc,nmethod  ] GC(10) y: NMethods: 301 registered, 11 unregistered
[22.964s][info][gc,metaspace] GC(10) y: Metaspace: 0M used, 0M committed, 1088M reserved
[22.964s][info][gc,reloc    ] GC(10) y:                        Candidates     Selected     In-Place         Size        Empty    Relocated 
[22.964s][info][gc,reloc    ] GC(10) y: Small Pages:                    1            0            0           2M           0M           0M 
[22.964s][info][gc,reloc    ] GC(10) y: Medium Pages:                   0            0            0           0M           0M           0M 
[22.964s][info][gc,reloc    ] GC(10) y: Large Pages:                   14            0            0          28M           0M           0M 
[22.964s][info][gc,reloc    ] GC(10) y: Forwarding Usage: 0M
[22.964s][info][gc,reloc    ] GC(10) y: Age Table:
[22.964s][info][gc,reloc    ] GC(10) y:                    Live             Garbage             Small              Medium             Large        
[22.964s][info][gc,reloc    ] GC(10) y: Eden               2M (1%)            0M (0%)           0 / 0              0 / 0              1 / 0        
[22.964s][info][gc,reloc    ] GC(10) y: Survivor 1          -                 0M (0%)           0 / 0              0 / 0              0 / 0        
[22.964s][info][gc,reloc    ] GC(10) y: Survivor 2        26M (10%)           1M (1%)           1 / 0              0 / 0             13 / 0        
[22.964s][info][gc,heap     ] GC(10) y: Min Capacity: 8M(3%)
[22.964s][info][gc,heap     ] GC(10) y: Max Capacity: 256M(100%)
[22.964s][info][gc,heap     ] GC(10) y: Soft Max Capacity: 256M(100%)
[22.964s][info][gc,heap     ] GC(10) y: Heap Statistics:
[22.964s][info][gc,heap     ] GC(10) y:                Mark Start          Mark End        Relocate Start      Relocate End           High               Low         
[22.964s][info][gc,heap     ] GC(10) y:  Capacity:      256M (100%)        256M (100%)        256M (100%)        256M (100%)        256M (100%)        256M (100%)   
[22.964s][info][gc,heap     ] GC(10) y:      Free:       24M (9%)           22M (9%)           22M (9%)           22M (9%)           24M (9%)           22M (9%)     
[22.964s][info][gc,heap     ] GC(10) y:      Used:      232M (91%)         234M (91%)         234M (91%)         234M (91%)         234M (91%)         232M (91%)    
[22.964s][info][gc,heap     ] GC(10) y: Young Generation Statistics:
[22.964s][info][gc,heap     ] GC(10) y:                Mark Start          Mark End        Relocate Start      Relocate End    
[22.964s][info][gc,heap     ] GC(10) y:      Used:       30M (12%)          32M (12%)           4M (2%)            4M (2%)     
[22.964s][info][gc,heap     ] GC(10) y:      Live:         -                28M (11%)           2M (1%)            2M (1%)     
[22.964s][info][gc,heap     ] GC(10) y:   Garbage:         -                 1M (1%)            0M (0%)            0M (0%)     
[22.964s][info][gc,heap     ] GC(10) y: Allocated:         -                 2M (1%)            2M (1%)            2M (1%)     
[22.964s][info][gc,heap     ] GC(10) y: Reclaimed:         -                  -                 1M (1%)            1M (1%)     
[22.964s][info][gc,heap     ] GC(10) y:  Promoted:         -                  -                26M (10%)          26M (10%)    
[22.964s][info][gc,heap     ] GC(10) y: Compacted:         -                  -                  -                 0M (0%)     
[22.964s][info][gc,phases   ] GC(10) y: Young Generation 232M(91%)->234M(91%) 0.002s
[22.964s][info][gc          ] GC(10) Minor Collection (High Usage) 232M(91%)->234M(91%) 0.003s
[23.973s][info][gc          ] GC(11) Major Collection (Allocation Rate)
[23.973s][info][gc,task     ] GC(11) Using 2 Workers for Young Generation
[23.973s][info][gc,task     ] GC(11) Using 1 Workers for Old Generation
[23.973s][info][gc,phases   ] GC(11) Y: Young Generation
[23.973s][info][gc,phases   ] GC(11) Y: Pause Mark Start (Major) 0.014ms
[23.974s][info][gc,phases   ] GC(11) Y: Concurrent Mark 0.722ms
[23.974s][info][gc,phases   ] GC(11) Y: Pause Mark End 0.007ms
[23.974s][info][gc,phases   ] GC(11) Y: Concurrent Mark Free 0.001ms
[23.974s][info][gc,phases   ] GC(11) Y: Concurrent Reset Relocation Set 0.005ms
[23.974s][info][gc,reloc    ] GC(11) Y: Using tenuring threshold: 2 (Computed)
[23.974s][info][gc,phases   ] GC(11) Y: Concurrent Select Relocation Set 0.315ms
[23.974s][info][gc,phases   ] GC(11) Y: Pause Relocate Start 0.013ms
[23.975s][info][gc,phases   ] GC(11) Y: Concurrent Relocate 0.040ms
[23.975s][info][gc,alloc    ] GC(11) Y:                         Mark Start        Mark End      Relocate Start    Relocate End   
[23.975s][info][gc,alloc    ] GC(11) Y: Allocation Stalls:          0                0                0                0         
[23.975s][info][gc,load     ] GC(11) Y: Load: 0.00 (0%) / 0.00 (0%) / 0.00 (0%)
[23.975s][info][gc,mmu      ] GC(11) Y: MMU: 2ms/97.5%, 5ms/98.8%, 10ms/99.2%, 20ms/99.6%, 50ms/99.8%, 100ms/99.9%
[23.975s][info][gc,marking  ] GC(11) Y: Mark: 2 stripe(s), 2 proactive flush(es), 1 terminate flush(es), 0 completion(s), 0 continuation(s) 
[23.975s][info][gc,nmethod  ] GC(11) Y: NMethods: 301 registered, 11 unregistered
[23.975s][info][gc,metaspace] GC(11) Y: Metaspace: 0M used, 0M committed, 1088M reserved
[23.975s][info][gc,reloc    ] GC(11) Y:                        Candidates     Selected     In-Place         Size        Empty    Relocated 
[23.975s][info][gc,reloc    ] GC(11) Y: Small Pages:                    1            0            0           2M           2M           0M 
[23.975s][info][gc,reloc    ] GC(11) Y: Medium Pages:                   0            0            0           0M           0M           0M 
[23.975s][info][gc,reloc    ] GC(11) Y: Large Pages:                    6            0            0          12M           0M           0M 
[23.975s][info][gc,reloc    ] GC(11) Y: Forwarding Usage: 0M
[23.975s][info][gc,reloc    ] GC(11) Y: Age Table:
[23.975s][info][gc,reloc    ] GC(11) Y:                    Live             Garbage             Small              Medium             Large        
[23.975s][info][gc,reloc    ] GC(11) Y: Eden              10M (4%)            2M (1%)           1 / 0              0 / 0              5 / 0        
[23.975s][info][gc,reloc    ] GC(11) Y: Survivor 1         2M (1%)            0M (0%)           0 / 0              0 / 0              1 / 0        
[23.975s][info][gc,heap     ] GC(11) Y: Min Capacity: 8M(3%)
[23.975s][info][gc,heap     ] GC(11) Y: Max Capacity: 256M(100%)
[23.975s][info][gc,heap     ] GC(11) Y: Soft Max Capacity: 256M(100%)
[23.975s][info][gc,heap     ] GC(11) Y: Heap Statistics:
[23.975s][info][gc,heap     ] GC(11) Y:                Mark Start          Mark End        Relocate Start      Relocate End           High               Low         
[23.975s][info][gc,heap     ] GC(11) Y:  Capacity:      256M (100%)        256M (100%)        256M (100%)        256M (100%)        256M (100%)        256M (100%)   
[23.975s][info][gc,heap     ] GC(11) Y:      Free:       12M (5%)           12M (5%)           12M (5%)           12M (5%)           12M (5%)           10M (4%)     
[23.975s][info][gc,heap     ] GC(11) Y:      Used:      244M (95%)         244M (95%)         244M (95%)         244M (95%)         246M (96%)         244M (95%)    
[23.975s][info][gc,heap     ] GC(11) Y: Young Generation Statistics:
[23.975s][info][gc,heap     ] GC(11) Y:                Mark Start          Mark End        Relocate Start      Relocate End    
[23.975s][info][gc,heap     ] GC(11) Y:      Used:       14M (5%)           14M (5%)           14M (5%)           14M (5%)     
[23.975s][info][gc,heap     ] GC(11) Y:      Live:         -                12M (5%)           12M (5%)           12M (5%)     
[23.975s][info][gc,heap     ] GC(11) Y:   Garbage:         -                 2M (1%)            0M (0%)            0M (0%)     
[23.975s][info][gc,heap     ] GC(11) Y: Allocated:         -                 0M (0%)            2M (1%)            2M (1%)     
[23.975s][info][gc,heap     ] GC(11) Y: Reclaimed:         -                  -                 2M (1%)            2M (1%)     
[23.975s][info][gc,heap     ] GC(11) Y:  Promoted:         -                  -                 0M (0%)            0M (0%)     
[23.975s][info][gc,heap     ] GC(11) Y: Compacted:         -                  -                  -                 0M (0%)     
[23.975s][info][gc,phases   ] GC(11) Y: Young Generation 244M(95%)->244M(95%) 0.002s
[23.975s][info][gc,phases   ] GC(11) O: Old Generation
[23.977s][info][gc,phases   ] GC(11) O: Concurrent Mark 1.918ms
[23.977s][info][gc,phases   ] GC(11) O: Pause Mark End 0.010ms
[23.977s][info][gc,phases   ] GC(11) O: Concurrent Mark Free 0.002ms
[23.978s][info][gc,phases   ] GC(11) O: Concurrent Process Non-Strong 0.564ms
[23.978s][info][gc,phases   ] GC(11) O: Concurrent Reset Relocation Set 0.000ms
[23.978s][info][gc,phases   ] GC(11) O: Concurrent Select Relocation Set 0.143ms
[23.978s][info][gc,task     ] GC(11) O: Using 2 Workers for Old Generation
[23.978s][info][gc,task     ] GC(11) O: Using 1 Workers for Old Generation
[23.978s][info][gc,phases   ] GC(11) O: Concurrent Remap Roots 0.313ms
[23.978s][info][gc,phases   ] GC(11) O: Pause Relocate Start 0.016ms
[23.980s][info][gc,phases   ] GC(11) O: Concurrent Relocate 1.858ms
[23.980s][info][gc,alloc    ] GC(11) O:                         Mark Start        Mark End      Relocate Start    Relocate End   
[23.980s][info][gc,alloc    ] GC(11) O: Allocation Stalls:          0                0                0                0         
[23.980s][info][gc,load     ] GC(11) O: Load: 0.00 (0%) / 0.00 (0%) / 0.00 (0%)
[23.980s][info][gc,mmu      ] GC(11) O: MMU: 2ms/97.5%, 5ms/98.8%, 10ms/99.2%, 20ms/99.6%, 50ms/99.8%, 100ms/99.9%
[23.980s][info][gc,marking  ] GC(11) O: Mark: 1 stripe(s), 2 proactive flush(es), 1 terminate flush(es), 0 completion(s), 0 continuation(s) 
[23.980s][info][gc,nmethod  ] GC(11) O: NMethods: 301 registered, 11 unregistered
[23.980s][info][gc,metaspace] GC(11) O: Metaspace: 0M used, 0M committed, 1088M reserved
[23.980s][info][gc,ref      ] GC(11) O:                       Encountered   Discovered     Enqueued 
[23.980s][info][gc,ref      ] GC(11) O: Soft References:               63            0            0 
[23.980s][info][gc,ref      ] GC(11) O: Weak References:               89           55            0 
[23.980s][info][gc,ref      ] GC(11) O: Final References:               0            0            0 
[23.980s][info][gc,ref      ] GC(11) O: Phantom References:             1            1            0 
[23.980s][info][gc,reloc    ] GC(11) O:                        Candidates     Selected     In-Place         Size        Empty    Relocated 
[23.980s][info][gc,reloc    ] GC(11) O: Small Pages:                    2            1            0           4M           0M           1M 
[23.980s][info][gc,reloc    ] GC(11) O: Medium Pages:                   0            0            0           0M           0M           0M 
[23.980s][info][gc,reloc    ] GC(11) O: Large Pages:                  113            0            0         226M           0M           0M 
[23.980s][info][gc,reloc    ] GC(11) O: Forwarding Usage: 0M
[23.980s][info][gc,heap     ] GC(11) O: Min Capacity: 8M(3%)
[23.980s][info][gc,heap     ] GC(11) O: Max Capacity: 256M(100%)
[23.980s][info][gc,heap     ] GC(11) O: Soft Max Capacity: 256M(100%)
[23.980s][info][gc,heap     ] GC(11) O: Heap Statistics:
[23.980s][info][gc,heap     ] GC(11) O:                Mark Start          Mark End        Relocate Start      Relocate End           High               Low         
[23.980s][info][gc,heap     ] GC(11) O:  Capacity:      256M (100%)        256M (100%)        256M (100%)        256M (100%)        256M (100%)        256M (100%)   
[23.980s][info][gc,heap     ] GC(11) O:      Free:       12M (5%)           12M (5%)           12M (5%)           14M (5%)           14M (5%)           10M (4%)     
[23.980s][info][gc,heap     ] GC(11) O:      Used:      244M (95%)         244M (95%)         244M (95%)         242M (95%)         246M (96%)         242M (95%)    
[23.980s][info][gc,heap     ] GC(11) O: Old Generation Statistics:
[23.980s][info][gc,heap     ] GC(11) O:                Mark Start          Mark End        Relocate Start      Relocate End    
[23.980s][info][gc,heap     ] GC(11) O:      Used:      230M (90%)         230M (90%)         230M (90%)         228M (89%)    
[23.980s][info][gc,heap     ] GC(11) O:      Live:         -               227M (89%)         227M (89%)         227M (89%)    
[23.980s][info][gc,heap     ] GC(11) O:   Garbage:         -                 2M (1%)            2M (1%)            0M (0%)     
[23.980s][info][gc,heap     ] GC(11) O: Allocated:         -                 0M (0%)            0M (0%)            0M (0%)     
[23.980s][info][gc,heap     ] GC(11) O: Reclaimed:         -                  -                 0M (0%)            2M (1%)     
[23.980s][info][gc,heap     ] GC(11) O: Compacted:         -                  -                  -                 1M (1%)     
[23.980s][info][gc,phases   ] GC(11) O: Old Generation 244M(95%)->242M(95%) 0.005s
[23.980s][info][gc          ] GC(11) Major Collection (Allocation Rate) 244M(95%)->242M(95%) 0.008s
[23.984s][info][gc          ] GC(12) Minor Collection (High Usage)
[23.984s][info][gc,task     ] GC(12) Using 1 Workers for Young Generation
[23.984s][info][gc,phases   ] GC(12) y: Young Generation
[23.984s][info][gc,phases   ] GC(12) y: Pause Mark Start 0.010ms
[23.985s][info][gc,phases   ] GC(12) y: Concurrent Mark 1.233ms
[23.985s][info][gc,phases   ] GC(12) y: Pause Mark End 0.008ms
[23.985s][info][gc,phases   ] GC(12) y: Concurrent Mark Free 0.001ms
[23.985s][info][gc,phases   ] GC(12) y: Concurrent Reset Relocation Set 0.000ms
[23.985s][info][gc,reloc    ] GC(12) y: Using tenuring threshold: 3 (Computed)
[23.985s][info][gc,phases   ] GC(12) y: Concurrent Select Relocation Set 0.087ms
[23.985s][info][gc,phases   ] GC(12) y: Pause Relocate Start 0.005ms
[23.985s][info][gc,phases   ] GC(12) y: Concurrent Relocate 0.043ms
[23.985s][info][gc,alloc    ] GC(12) y:                         Mark Start        Mark End      Relocate Start    Relocate End   
[23.985s][info][gc,alloc    ] GC(12) y: Allocation Stalls:          0                0                0                0         
[23.985s][info][gc,load     ] GC(12) y: Load: 0.00 (0%) / 0.00 (0%) / 0.00 (0%)
[23.985s][info][gc,mmu      ] GC(12) y: MMU: 2ms/97.5%, 5ms/98.8%, 10ms/99.2%, 20ms/99.6%, 50ms/99.8%, 100ms/99.9%
[23.985s][info][gc,marking  ] GC(12) y: Mark: 1 stripe(s), 1 proactive flush(es), 1 terminate flush(es), 0 completion(s), 0 continuation(s) 
[23.985s][info][gc,nmethod  ] GC(12) y: NMethods: 301 registered, 11 unregistered
[23.985s][info][gc,metaspace] GC(12) y: Metaspace: 0M used, 0M committed, 1088M reserved
[23.985s][info][gc,reloc    ] GC(12) y:                        Candidates     Selected     In-Place         Size        Empty    Relocated 
[23.985s][info][gc,reloc    ] GC(12) y: Small Pages:                    1            0            0           2M           2M           0M 
[23.985s][info][gc,reloc    ] GC(12) y: Medium Pages:                   0            0            0           0M           0M           0M 
[23.985s][info][gc,reloc    ] GC(12) y: Large Pages:                    6            0            0          12M           0M           0M 
[23.985s][info][gc,reloc    ] GC(12) y: Forwarding Usage: 0M
[23.985s][info][gc,reloc    ] GC(12) y: Age Table:
[23.985s][info][gc,reloc    ] GC(12) y:                    Live             Garbage             Small              Medium             Large        
[23.985s][info][gc,reloc    ] GC(12) y: Eden                -                 2M (1%)           1 / 0              0 / 0              0 / 0        
[23.985s][info][gc,reloc    ] GC(12) y: Survivor 1        10M (4%)            0M (0%)           0 / 0              0 / 0              5 / 0        
[23.985s][info][gc,reloc    ] GC(12) y: Survivor 2         2M (1%)            0M (0%)           0 / 0              0 / 0              1 / 0        
[23.985s][info][gc,heap     ] GC(12) y: Min Capacity: 8M(3%)
[23.985s][info][gc,heap     ] GC(12) y: Max Capacity: 256M(100%)
[23.985s][info][gc,heap     ] GC(12) y: Soft Max Capacity: 256M(100%)
[23.985s][info][gc,heap     ] GC(12) y: Heap Statistics:
[23.985s][info][gc,heap     ] GC(12) y:                Mark Start          Mark End        Relocate Start      Relocate End           High               Low         
[23.985s][info][gc,heap     ] GC(12) y:  Capacity:      256M (100%)        256M (100%)        256M (100%)        256M (100%)        256M (100%)        256M (100%)   
[23.985s][info][gc,heap     ] GC(12) y:      Free:       14M (5%)           14M (5%)           16M (6%)           16M (6%)           16M (6%)           14M (5%)     
[23.985s][info][gc,heap     ] GC(12) y:      Used:      242M (95%)         242M (95%)         240M (94%)         240M (94%)         242M (95%)         240M (94%)    
[23.985s][info][gc,heap     ] GC(12) y: Young Generation Statistics:
[23.985s][info][gc,heap     ] GC(12) y:                Mark Start          Mark End        Relocate Start      Relocate End    
[23.985s][info][gc,heap     ] GC(12) y:      Used:       14M (5%)           14M (5%)           12M (5%)           12M (5%)     
[23.985s][info][gc,heap     ] GC(12) y:      Live:         -                12M (5%)           12M (5%)           12M (5%)     
[23.986s][info][gc,heap     ] GC(12) y:   Garbage:         -                 2M (1%)            0M (0%)            0M (0%)     
[23.986s][info][gc,heap     ] GC(12) y: Allocated:         -                 0M (0%)            0M (0%)            0M (0%)     
[23.986s][info][gc,heap     ] GC(12) y: Reclaimed:         -                  -                 2M (1%)            2M (1%)     
[23.986s][info][gc,heap     ] GC(12) y:  Promoted:         -                  -                 0M (0%)            0M (0%)     
[23.986s][info][gc,heap     ] GC(12) y: Compacted:         -                  -                  -                 0M (0%)     
[23.986s][info][gc,phases   ] GC(12) y: Young Generation 242M(95%)->240M(94%) 0.002s
[23.986s][info][gc          ] GC(12) Minor Collection (High Usage) 242M(95%)->240M(94%) 0.002s
[24.176s][info][gc          ] GC(13) Minor Collection (High Usage)
[24.176s][info][gc,task     ] GC(13) Using 1 Workers for Young Generation
[24.176s][info][gc,phases   ] GC(13) y: Young Generation
[24.176s][info][gc,task     ] Adjusting Workers for Young Generation: 1 -> 2
[24.176s][info][gc,phases   ] GC(13) y: Pause Mark Start 0.019ms
[24.177s][info][gc,phases   ] GC(13) y: Concurrent Mark 0.790ms
[24.177s][info][gc,phases   ] GC(13) y: Pause Mark End 0.007ms
[24.177s][info][gc,phases   ] GC(13) y: Concurrent Mark Free 0.001ms
[24.177s][info][gc,phases   ] GC(13) y: Concurrent Reset Relocation Set 0.000ms
[24.177s][info][gc,reloc    ] GC(13) y: Using tenuring threshold: 4 (Computed)
[24.177s][info][gc,phases   ] GC(13) y: Concurrent Select Relocation Set 0.060ms
[24.177s][info][gc,phases   ] GC(13) y: Pause Relocate Start 0.011ms
[24.178s][info][gc,phases   ] GC(13) y: Concurrent Relocate 0.033ms
[24.178s][info][gc,alloc    ] GC(13) y:                         Mark Start        Mark End      Relocate Start    Relocate End   
[24.178s][info][gc,alloc    ] GC(13) y: Allocation Stalls:          0                0                0                0         
[24.178s][info][gc,load     ] GC(13) y: Load: 0.00 (0%) / 0.00 (0%) / 0.00 (0%)
[24.178s][info][gc,mmu      ] GC(13) y: MMU: 2ms/97.5%, 5ms/98.8%, 10ms/99.2%, 20ms/99.6%, 50ms/99.8%, 100ms/99.9%
[24.178s][info][gc,marking  ] GC(13) y: Mark: 1 stripe(s), 2 proactive flush(es), 1 terminate flush(es), 0 completion(s), 0 continuation(s) 
[24.178s][info][gc,nmethod  ] GC(13) y: NMethods: 301 registered, 11 unregistered
[24.178s][info][gc,metaspace] GC(13) y: Metaspace: 0M used, 0M committed, 1088M reserved
[24.178s][info][gc,reloc    ] GC(13) y:                        Candidates     Selected     In-Place         Size        Empty    Relocated 
[24.178s][info][gc,reloc    ] GC(13) y: Small Pages:                    1            0            0           2M           0M           0M 
[24.178s][info][gc,reloc    ] GC(13) y: Medium Pages:                   0            0            0           0M           0M           0M 
[24.178s][info][gc,reloc    ] GC(13) y: Large Pages:                    7            0            0          14M           0M           0M 
[24.178s][info][gc,reloc    ] GC(13) y: Forwarding Usage: 0M
[24.178s][info][gc,reloc    ] GC(13) y: Age Table:
[24.178s][info][gc,reloc    ] GC(13) y:                    Live             Garbage             Small              Medium             Large        
[24.178s][info][gc,reloc    ] GC(13) y: Eden               2M (1%)            1M (1%)           1 / 0              0 / 0              1 / 0        
[24.178s][info][gc,reloc    ] GC(13) y: Survivor 1          -                 0M (0%)           0 / 0              0 / 0              0 / 0        
[24.178s][info][gc,reloc    ] GC(13) y: Survivor 2        10M (4%)            0M (0%)           0 / 0              0 / 0              5 / 0        
[24.178s][info][gc,reloc    ] GC(13) y: Survivor 3         2M (1%)            0M (0%)           0 / 0              0 / 0              1 / 0        
[24.178s][info][gc,heap     ] GC(13) y: Min Capacity: 8M(3%)
[24.178s][info][gc,heap     ] GC(13) y: Max Capacity: 256M(100%)
[24.178s][info][gc,heap     ] GC(13) y: Soft Max Capacity: 256M(100%)
[24.178s][info][gc,heap     ] GC(13) y: Heap Statistics:
[24.178s][info][gc,heap     ] GC(13) y:                Mark Start          Mark End        Relocate Start      Relocate End           High               Low         
[24.178s][info][gc,heap     ] GC(13) y:  Capacity:      256M (100%)        256M (100%)        256M (100%)        256M (100%)        256M (100%)        256M (100%)   
[24.178s][info][gc,heap     ] GC(13) y:      Free:       12M (5%)           10M (4%)           10M (4%)           10M (4%)           12M (5%)           10M (4%)     
[24.178s][info][gc,heap     ] GC(13) y:      Used:      244M (95%)         246M (96%)         246M (96%)         246M (96%)         246M (96%)         244M (95%)    
[24.178s][info][gc,heap     ] GC(13) y: Young Generation Statistics:
[24.178s][info][gc,heap     ] GC(13) y:                Mark Start          Mark End        Relocate Start      Relocate End    
[24.178s][info][gc,heap     ] GC(13) y:      Used:       16M (6%)           18M (7%)           18M (7%)           18M (7%)     
[24.178s][info][gc,heap     ] GC(13) y:      Live:         -                14M (5%)           14M (5%)           14M (5%)     
[24.178s][info][gc,heap     ] GC(13) y:   Garbage:         -                 1M (1%)            1M (1%)            1M (1%)     
[24.178s][info][gc,heap     ] GC(13) y: Allocated:         -                 2M (1%)            2M (1%)            2M (1%)     
[24.178s][info][gc,heap     ] GC(13) y: Reclaimed:         -                  -                 0M (0%)            0M (0%)     
[24.178s][info][gc,heap     ] GC(13) y:  Promoted:         -                  -                 0M (0%)            0M (0%)     
[24.178s][info][gc,heap     ] GC(13) y: Compacted:         -                  -                  -                 0M (0%)     
[24.178s][info][gc,phases   ] GC(13) y: Young Generation 242M(95%)->246M(96%) 0.001s
[24.178s][info][gc          ] GC(13) Minor Collection (High Usage) 242M(95%)->246M(96%) 0.002s
[24.178s][info][gc          ] GC(14) Major Collection (Allocation Rate)
[24.178s][info][gc,task     ] GC(14) Using 2 Workers for Young Generation
[24.178s][info][gc,task     ] GC(14) Using 1 Workers for Old Generation
[24.178s][info][gc,phases   ] GC(14) Y: Young Generation
[24.178s][info][gc,phases   ] GC(14) Y: Pause Mark Start (Major) 0.005ms
[24.178s][info][gc,phases   ] GC(14) Y: Concurrent Mark 0.598ms
[24.178s][info][gc,phases   ] GC(14) Y: Pause Mark End 0.005ms
[24.179s][info][gc,phases   ] GC(14) Y: Concurrent Mark Free 0.001ms
[24.179s][info][gc,phases   ] GC(14) Y: Concurrent Reset Relocation Set 0.000ms
[24.179s][info][gc,reloc    ] GC(14) Y: Using tenuring threshold: 5 (Computed)
[24.179s][info][gc,phases   ] GC(14) Y: Concurrent Select Relocation Set 0.072ms
[24.179s][info][gc,phases   ] GC(14) Y: Pause Relocate Start 0.003ms
[24.179s][info][gc,phases   ] GC(14) Y: Concurrent Relocate 0.032ms
[24.179s][info][gc,alloc    ] GC(14) Y:                         Mark Start        Mark End      Relocate Start    Relocate End   
[24.179s][info][gc,alloc    ] GC(14) Y: Allocation Stalls:          0                0                0                0         
[24.179s][info][gc,load     ] GC(14) Y: Load: 0.00 (0%) / 0.00 (0%) / 0.00 (0%)
[24.179s][info][gc,mmu      ] GC(14) Y: MMU: 2ms/97.5%, 5ms/98.8%, 10ms/99.2%, 20ms/99.6%, 50ms/99.8%, 100ms/99.9%
[24.179s][info][gc,marking  ] GC(14) Y: Mark: 2 stripe(s), 1 proactive flush(es), 1 terminate flush(es), 0 completion(s), 0 continuation(s) 
[24.179s][info][gc,nmethod  ] GC(14) Y: NMethods: 301 registered, 11 unregistered
[24.179s][info][gc,metaspace] GC(14) Y: Metaspace: 0M used, 0M committed, 1088M reserved
[24.179s][info][gc,reloc    ] GC(14) Y:                        Candidates     Selected     In-Place         Size        Empty    Relocated 
[24.179s][info][gc,reloc    ] GC(14) Y: Small Pages:                    2            0            0           4M           4M           0M 
[24.179s][info][gc,reloc    ] GC(14) Y: Medium Pages:                   0            0            0           0M           0M           0M 
[24.179s][info][gc,reloc    ] GC(14) Y: Large Pages:                    7            0            0          14M           0M           0M 
[24.179s][info][gc,reloc    ] GC(14) Y: Forwarding Usage: 0M
[24.179s][info][gc,reloc    ] GC(14) Y: Age Table:
[24.179s][info][gc,reloc    ] GC(14) Y:                    Live             Garbage             Small              Medium             Large        
[24.179s][info][gc,reloc    ] GC(14) Y: Eden                -                 2M (1%)           1 / 0              0 / 0              0 / 0        
[24.179s][info][gc,reloc    ] GC(14) Y: Survivor 1         2M (1%)            2M (1%)           1 / 0              0 / 0              1 / 0        
[24.179s][info][gc,reloc    ] GC(14) Y: Survivor 2          -                 0M (0%)           0 / 0              0 / 0              0 / 0        
[24.179s][info][gc,reloc    ] GC(14) Y: Survivor 3        10M (4%)            0M (0%)           0 / 0              0 / 0              5 / 0        
[24.179s][info][gc,reloc    ] GC(14) Y: Survivor 4         2M (1%)            0M (0%)           0 / 0              0 / 0              1 / 0        
[24.179s][info][gc,heap     ] GC(14) Y: Min Capacity: 8M(3%)
[24.179s][info][gc,heap     ] GC(14) Y: Max Capacity: 256M(100%)
[24.179s][info][gc,heap     ] GC(14) Y: Soft Max Capacity: 256M(100%)
[24.179s][info][gc,heap     ] GC(14) Y: Heap Statistics:
[24.179s][info][gc,heap     ] GC(14) Y:                Mark Start          Mark End        Relocate Start      Relocate End           High               Low         
[24.179s][info][gc,heap     ] GC(14) Y:  Capacity:      256M (100%)        256M (100%)        256M (100%)        256M (100%)        256M (100%)        256M (100%)   
[24.179s][info][gc,heap     ] GC(14) Y:      Free:       10M (4%)           10M (4%)           14M (5%)           14M (5%)           14M (5%)           10M (4%)     
[24.179s][info][gc,heap     ] GC(14) Y:      Used:      246M (96%)         246M (96%)         242M (95%)         242M (95%)         246M (96%)         242M (95%)    
[24.179s][info][gc,heap     ] GC(14) Y: Young Generation Statistics:
[24.179s][info][gc,heap     ] GC(14) Y:                Mark Start          Mark End        Relocate Start      Relocate End    
[24.179s][info][gc,heap     ] GC(14) Y:      Used:       18M (7%)           18M (7%)           14M (5%)           14M (5%)     
[24.179s][info][gc,heap     ] GC(14) Y:      Live:         -                14M (5%)           14M (5%)           14M (5%)     
[24.179s][info][gc,heap     ] GC(14) Y:   Garbage:         -                 4M (2%)            0M (0%)            0M (0%)     
[24.179s][info][gc,heap     ] GC(14) Y: Allocated:         -                 0M (0%)            0M (0%)            0M (0%)     
[24.179s][info][gc,heap     ] GC(14) Y: Reclaimed:         -                  -                 4M (2%)            4M (2%)     
[24.179s][info][gc,heap     ] GC(14) Y:  Promoted:         -                  -                 0M (0%)            0M (0%)     
[24.179s][info][gc,heap     ] GC(14) Y: Compacted:         -                  -                  -                 0M (0%)     
[24.179s][info][gc,phases   ] GC(14) Y: Young Generation 246M(96%)->242M(95%) 0.001s
[24.179s][info][gc,phases   ] GC(14) O: Old Generation
[24.181s][info][gc,phases   ] GC(14) O: Concurrent Mark 2.191ms
[24.181s][info][gc,phases   ] GC(14) O: Pause Mark End 0.007ms
[24.181s][info][gc,phases   ] GC(14) O: Concurrent Mark Free 0.001ms
[24.182s][info][gc,phases   ] GC(14) O: Concurrent Process Non-Strong 0.811ms
[24.182s][info][gc,phases   ] GC(14) O: Concurrent Reset Relocation Set 0.001ms
[24.182s][info][gc,phases   ] GC(14) O: Concurrent Select Relocation Set 0.020ms
[24.182s][info][gc,task     ] GC(14) O: Using 2 Workers for Old Generation
[24.182s][info][gc,task     ] GC(14) O: Using 1 Workers for Old Generation
[24.182s][info][gc,phases   ] GC(14) O: Concurrent Remap Roots 0.422ms
[24.182s][info][gc,phases   ] GC(14) O: Pause Relocate Start 0.006ms
[24.183s][info][gc,phases   ] GC(14) O: Concurrent Relocate 0.023ms
[24.183s][info][gc,alloc    ] GC(14) O:                         Mark Start        Mark End      Relocate Start    Relocate End   
[24.183s][info][gc,alloc    ] GC(14) O: Allocation Stalls:          0                0                0                0         
[24.183s][info][gc,load     ] GC(14) O: Load: 0.00 (0%) / 0.00 (0%) / 0.00 (0%)
[24.183s][info][gc,mmu      ] GC(14) O: MMU: 2ms/97.5%, 5ms/98.8%, 10ms/99.2%, 20ms/99.6%, 50ms/99.8%, 100ms/99.9%
[24.183s][info][gc,marking  ] GC(14) O: Mark: 1 stripe(s), 1 proactive flush(es), 1 terminate flush(es), 0 completion(s), 0 continuation(s) 
[24.183s][info][gc,nmethod  ] GC(14) O: NMethods: 301 registered, 11 unregistered
[24.183s][info][gc,metaspace] GC(14) O: Metaspace: 0M used, 0M committed, 1088M reserved
[24.183s][info][gc,ref      ] GC(14) O:                       Encountered   Discovered     Enqueued 
[24.183s][info][gc,ref      ] GC(14) O: Soft References:               61           44           19 
[24.183s][info][gc,ref      ] GC(14) O: Weak References:               89           42            3 
[24.183s][info][gc,ref      ] GC(14) O: Final References:               0            0            0 
[24.183s][info][gc,ref      ] GC(14) O: Phantom References:             1            1            0 
[24.183s][info][gc,reloc    ] GC(14) O:                        Candidates     Selected     In-Place         Size        Empty    Relocated 
[24.183s][info][gc,reloc    ] GC(14) O: Small Pages:                    1            0            0           2M           0M           0M 
[24.183s][info][gc,reloc    ] GC(14) O: Medium Pages:                   0            0            0           0M           0M           0M 
[24.183s][info][gc,reloc    ] GC(14) O: Large Pages:                  113            0            0         226M           0M           0M 
[24.183s][info][gc,reloc    ] GC(14) O: Forwarding Usage: 0M
[24.183s][info][gc,heap     ] GC(14) O: Min Capacity: 8M(3%)
[24.183s][info][gc,heap     ] GC(14) O: Max Capacity: 256M(100%)
[24.183s][info][gc,heap     ] GC(14) O: Soft Max Capacity: 256M(100%)
[24.183s][info][gc,heap     ] GC(14) O: Heap Statistics:
[24.183s][info][gc,heap     ] GC(14) O:                Mark Start          Mark End        Relocate Start      Relocate End           High               Low         
[24.183s][info][gc,heap     ] GC(14) O:  Capacity:      256M (100%)        256M (100%)        256M (100%)        256M (100%)        256M (100%)        256M (100%)   
[24.183s][info][gc,heap     ] GC(14) O:      Free:       10M (4%)           14M (5%)           14M (5%)           14M (5%)           14M (5%)           10M (4%)     
[24.183s][info][gc,heap     ] GC(14) O:      Used:      246M (96%)         242M (95%)         242M (95%)         242M (95%)         246M (96%)         242M (95%)    
[24.183s][info][gc,heap     ] GC(14) O: Old Generation Statistics:
[24.183s][info][gc,heap     ] GC(14) O:                Mark Start          Mark End        Relocate Start      Relocate End    
[24.183s][info][gc,heap     ] GC(14) O:      Used:      228M (89%)         228M (89%)         228M (89%)         228M (89%)    
[24.183s][info][gc,heap     ] GC(14) O:      Live:         -               227M (89%)         227M (89%)         227M (89%)    
[24.183s][info][gc,heap     ] GC(14) O:   Garbage:         -                 0M (0%)            0M (0%)            0M (0%)     
[24.183s][info][gc,heap     ] GC(14) O: Allocated:         -                 0M (0%)            0M (0%)            0M (0%)     
[24.183s][info][gc,heap     ] GC(14) O: Reclaimed:         -                  -                 0M (0%)            0M (0%)     
[24.183s][info][gc,heap     ] GC(14) O: Compacted:         -                  -                  -                 0M (0%)     
[24.183s][info][gc,phases   ] GC(14) O: Old Generation 242M(95%)->242M(95%) 0.004s
[24.183s][info][gc          ] GC(14) Major Collection (Allocation Rate) 246M(96%)->242M(95%) 0.005s
[24.187s][info][gc          ] GC(15) Minor Collection (High Usage)
[24.188s][info][gc,task     ] GC(15) Using 1 Workers for Young Generation
[24.188s][info][gc,phases   ] GC(15) y: Young Generation
[24.188s][info][gc,phases   ] GC(15) y: Pause Mark Start 0.006ms
[24.188s][info][gc,phases   ] GC(15) y: Concurrent Mark 0.718ms
[24.188s][info][gc,phases   ] GC(15) y: Pause Mark End 0.006ms
[24.188s][info][gc,phases   ] GC(15) y: Concurrent Mark Free 0.001ms
[24.188s][info][gc,phases   ] GC(15) y: Concurrent Reset Relocation Set 0.000ms
[24.188s][info][gc,reloc    ] GC(15) y: Using tenuring threshold: 6 (Computed)
[24.188s][info][gc,phases   ] GC(15) y: Concurrent Select Relocation Set 0.057ms
[24.188s][info][gc,phases   ] GC(15) y: Pause Relocate Start 0.003ms
[24.188s][info][gc,phases   ] GC(15) y: Concurrent Relocate 0.031ms
[24.188s][info][gc,alloc    ] GC(15) y:                         Mark Start        Mark End      Relocate Start    Relocate End   
[24.188s][info][gc,alloc    ] GC(15) y: Allocation Stalls:          0                0                0                0         
[24.188s][info][gc,load     ] GC(15) y: Load: 0.00 (0%) / 0.00 (0%) / 0.00 (0%)
[24.189s][info][gc,mmu      ] GC(15) y: MMU: 2ms/97.5%, 5ms/98.8%, 10ms/99.2%, 20ms/99.6%, 50ms/99.8%, 100ms/99.9%
[24.189s][info][gc,marking  ] GC(15) y: Mark: 1 stripe(s), 1 proactive flush(es), 1 terminate flush(es), 0 completion(s), 0 continuation(s) 
[24.189s][info][gc,nmethod  ] GC(15) y: NMethods: 301 registered, 11 unregistered
[24.189s][info][gc,metaspace] GC(15) y: Metaspace: 0M used, 0M committed, 1088M reserved
[24.189s][info][gc,reloc    ] GC(15) y:                        Candidates     Selected     In-Place         Size        Empty    Relocated 
[24.189s][info][gc,reloc    ] GC(15) y: Small Pages:                    0            0            0           0M           0M           0M 
[24.189s][info][gc,reloc    ] GC(15) y: Medium Pages:                   0            0            0           0M           0M           0M 
[24.189s][info][gc,reloc    ] GC(15) y: Large Pages:                    7            0            0          14M           0M           0M 
[24.189s][info][gc,reloc    ] GC(15) y: Forwarding Usage: 0M
[24.189s][info][gc,reloc    ] GC(15) y: Age Table:
[24.189s][info][gc,reloc    ] GC(15) y:                    Live             Garbage             Small              Medium             Large        
[24.189s][info][gc,reloc    ] GC(15) y: Eden                -                 0M (0%)           0 / 0              0 / 0              0 / 0        
[24.189s][info][gc,reloc    ] GC(15) y: Survivor 1          -                 0M (0%)           0 / 0              0 / 0              0 / 0        
[24.189s][info][gc,reloc    ] GC(15) y: Survivor 2         2M (1%)            0M (0%)           0 / 0              0 / 0              1 / 0        
[24.189s][info][gc,reloc    ] GC(15) y: Survivor 3          -                 0M (0%)           0 / 0              0 / 0              0 / 0        
[24.189s][info][gc,reloc    ] GC(15) y: Survivor 4        10M (4%)            0M (0%)           0 / 0              0 / 0              5 / 0        
[24.189s][info][gc,reloc    ] GC(15) y: Survivor 5         2M (1%)            0M (0%)           0 / 0              0 / 0              1 / 0        
[24.189s][info][gc,heap     ] GC(15) y: Min Capacity: 8M(3%)
[24.189s][info][gc,heap     ] GC(15) y: Max Capacity: 256M(100%)
[24.189s][info][gc,heap     ] GC(15) y: Soft Max Capacity: 256M(100%)
[24.189s][info][gc,heap     ] GC(15) y: Heap Statistics:
[24.189s][info][gc,heap     ] GC(15) y:                Mark Start          Mark End        Relocate Start      Relocate End           High               Low         
[24.189s][info][gc,heap     ] GC(15) y:  Capacity:      256M (100%)        256M (100%)        256M (100%)        256M (100%)        256M (100%)        256M (100%)   
[24.189s][info][gc,heap     ] GC(15) y:      Free:       14M (5%)           14M (5%)           14M (5%)           14M (5%)           14M (5%)           14M (5%)     
[24.189s][info][gc,heap     ] GC(15) y:      Used:      242M (95%)         242M (95%)         242M (95%)         242M (95%)         242M (95%)         242M (95%)    
[24.189s][info][gc,heap     ] GC(15) y: Young Generation Statistics:
[24.189s][info][gc,heap     ] GC(15) y:                Mark Start          Mark End        Relocate Start      Relocate End    
[24.189s][info][gc,heap     ] GC(15) y:      Used:       14M (5%)           14M (5%)           14M (5%)           14M (5%)     
[24.189s][info][gc,heap     ] GC(15) y:      Live:         -                14M (5%)           14M (5%)           14M (5%)     
[24.189s][info][gc,heap     ] GC(15) y:   Garbage:         -                 0M (0%)            0M (0%)            0M (0%)     
[24.189s][info][gc,heap     ] GC(15) y: Allocated:         -                 0M (0%)            0M (0%)            0M (0%)     
[24.189s][info][gc,heap     ] GC(15) y: Reclaimed:         -                  -                 0M (0%)            0M (0%)     
[24.189s][info][gc,heap     ] GC(15) y:  Promoted:         -                  -                 0M (0%)            0M (0%)     
[24.189s][info][gc,heap     ] GC(15) y: Compacted:         -                  -                  -                 0M (0%)     
[24.189s][info][gc,phases   ] GC(15) y: Young Generation 242M(95%)->242M(95%) 0.001s
[24.189s][info][gc          ] GC(15) Minor Collection (High Usage) 242M(95%)->242M(95%) 0.001s
[24.189s][info][gc          ] GC(16) Minor Collection (High Usage)
[24.189s][info][gc,task     ] GC(16) Using 1 Workers for Young Generation
[24.189s][info][gc,phases   ] GC(16) y: Young Generation
[24.189s][info][gc,phases   ] GC(16) y: Pause Mark Start 0.003ms
[24.189s][info][gc,phases   ] GC(16) y: Concurrent Mark 0.641ms
[24.189s][info][gc,phases   ] GC(16) y: Pause Mark End 0.004ms
[24.189s][info][gc,phases   ] GC(16) y: Concurrent Mark Free 0.001ms
[24.189s][info][gc,phases   ] GC(16) y: Concurrent Reset Relocation Set 0.000ms
[24.189s][info][gc,reloc    ] GC(16) y: Using tenuring threshold: 6 (Computed)
[24.190s][info][gc,phases   ] GC(16) y: Concurrent Select Relocation Set 0.060ms
[24.190s][info][gc,phases   ] GC(16) y: Pause Relocate Start 0.003ms
[24.190s][info][gc,phases   ] GC(16) y: Concurrent Relocate 0.027ms
[24.190s][info][gc,alloc    ] GC(16) y:                         Mark Start        Mark End      Relocate Start    Relocate End   
[24.190s][info][gc,alloc    ] GC(16) y: Allocation Stalls:          0                0                0                0         
[24.190s][info][gc,load     ] GC(16) y: Load: 0.00 (0%) / 0.00 (0%) / 0.00 (0%)
[24.190s][info][gc,mmu      ] GC(16) y: MMU: 2ms/97.5%, 5ms/98.8%, 10ms/99.2%, 20ms/99.6%, 50ms/99.8%, 100ms/99.9%
[24.190s][info][gc,marking  ] GC(16) y: Mark: 1 stripe(s), 1 proactive flush(es), 1 terminate flush(es), 0 completion(s), 0 continuation(s) 
[24.190s][info][gc,nmethod  ] GC(16) y: NMethods: 301 registered, 11 unregistered
[24.190s][info][gc,metaspace] GC(16) y: Metaspace: 0M used, 0M committed, 1088M reserved
[24.190s][info][gc,reloc    ] GC(16) y:                        Candidates     Selected     In-Place         Size        Empty    Relocated 
[24.190s][info][gc,reloc    ] GC(16) y: Small Pages:                    0            0            0           0M           0M           0M 
[24.190s][info][gc,reloc    ] GC(16) y: Medium Pages:                   0            0            0           0M           0M           0M 
[24.190s][info][gc,reloc    ] GC(16) y: Large Pages:                    7            0            0          14M           0M           0M 
[24.190s][info][gc,reloc    ] GC(16) y: Forwarding Usage: 0M
[24.190s][info][gc,reloc    ] GC(16) y: Age Table:
[24.190s][info][gc,reloc    ] GC(16) y:                    Live             Garbage             Small              Medium             Large        
[24.190s][info][gc,reloc    ] GC(16) y: Eden                -                 0M (0%)           0 / 0              0 / 0              0 / 0        
[24.190s][info][gc,reloc    ] GC(16) y: Survivor 1          -                 0M (0%)           0 / 0              0 / 0              0 / 0        
[24.190s][info][gc,reloc    ] GC(16) y: Survivor 2          -                 0M (0%)           0 / 0              0 / 0              0 / 0        
[24.190s][info][gc,reloc    ] GC(16) y: Survivor 3         2M (1%)            0M (0%)           0 / 0              0 / 0              1 / 0        
[24.190s][info][gc,reloc    ] GC(16) y: Survivor 4          -                 0M (0%)           0 / 0              0 / 0              0 / 0        
[24.190s][info][gc,reloc    ] GC(16) y: Survivor 5        10M (4%)            0M (0%)           0 / 0              0 / 0              5 / 0        
[24.190s][info][gc,reloc    ] GC(16) y: Survivor 6         2M (1%)            0M (0%)           0 / 0              0 / 0              1 / 0        
[24.190s][info][gc,heap     ] GC(16) y: Min Capacity: 8M(3%)
[24.190s][info][gc,heap     ] GC(16) y: Max Capacity: 256M(100%)
[24.190s][info][gc,heap     ] GC(16) y: Soft Max Capacity: 256M(100%)
[24.190s][info][gc,heap     ] GC(16) y: Heap Statistics:
[24.190s][info][gc,heap     ] GC(16) y:                Mark Start          Mark End        Relocate Start      Relocate End           High               Low         
[24.190s][info][gc,heap     ] GC(16) y:  Capacity:      256M (100%)        256M (100%)        256M (100%)        256M (100%)        256M (100%)        256M (100%)   
[24.190s][info][gc,heap     ] GC(16) y:      Free:       14M (5%)           14M (5%)           14M (5%)           14M (5%)           14M (5%)           14M (5%)     
[24.190s][info][gc,heap     ] GC(16) y:      Used:      242M (95%)         242M (95%)         242M (95%)         242M (95%)         242M (95%)         242M (95%)    
[24.190s][info][gc,heap     ] GC(16) y: Young Generation Statistics:
[24.190s][info][gc,heap     ] GC(16) y:                Mark Start          Mark End        Relocate Start      Relocate End    
[24.190s][info][gc,heap     ] GC(16) y:      Used:       14M (5%)           14M (5%)           12M (5%)           12M (5%)     
[24.190s][info][gc,heap     ] GC(16) y:      Live:         -                14M (5%)           12M (5%)           12M (5%)     
[24.190s][info][gc,heap     ] GC(16) y:   Garbage:         -                 0M (0%)            0M (0%)            0M (0%)     
[24.190s][info][gc,heap     ] GC(16) y: Allocated:         -                 0M (0%)            0M (0%)            0M (0%)     
[24.190s][info][gc,heap     ] GC(16) y: Reclaimed:         -                  -                 0M (0%)            0M (0%)     
[24.190s][info][gc,heap     ] GC(16) y:  Promoted:         -                  -                 2M (1%)            2M (1%)     
[24.190s][info][gc,heap     ] GC(16) y: Compacted:         -                  -                  -                 0M (0%)     
[24.190s][info][gc,phases   ] GC(16) y: Young Generation 242M(95%)->242M(95%) 0.001s
[24.190s][info][gc          ] GC(16) Minor Collection (High Usage) 242M(95%)->242M(95%) 0.001s
[24.378s][info][gc          ] GC(17) Major Collection (Allocation Rate)
[24.378s][info][gc,task     ] GC(17) Using 2 Workers for Young Generation
[24.378s][info][gc,task     ] GC(17) Using 1 Workers for Old Generation
[24.378s][info][gc,phases   ] GC(17) Y: Young Generation
[24.378s][info][gc,phases   ] GC(17) Y: Pause Mark Start (Major) 0.017ms
[24.379s][info][gc,phases   ] GC(17) Y: Concurrent Mark 1.328ms
[24.379s][info][gc,phases   ] GC(17) Y: Pause Mark End 0.011ms
[24.380s][info][gc,phases   ] GC(17) Y: Concurrent Mark Free 0.001ms
[24.380s][info][gc,phases   ] GC(17) Y: Concurrent Reset Relocation Set 0.002ms
[24.380s][info][gc,reloc    ] GC(17) Y: Using tenuring threshold: 4 (Computed)
[24.380s][info][gc,phases   ] GC(17) Y: Concurrent Select Relocation Set 0.433ms
[24.380s][info][gc,phases   ] GC(17) Y: Pause Relocate Start 0.056ms
[24.381s][info][gc,phases   ] GC(17) Y: Concurrent Relocate 0.423ms
[24.381s][info][gc,alloc    ] GC(17) Y:                         Mark Start        Mark End      Relocate Start    Relocate End   
[24.381s][info][gc,alloc    ] GC(17) Y: Allocation Stalls:          0                0                0                0         
[24.381s][info][gc,load     ] GC(17) Y: Load: 0.00 (0%) / 0.00 (0%) / 0.00 (0%)
[24.381s][info][gc,mmu      ] GC(17) Y: MMU: 2ms/96.7%, 5ms/98.3%, 10ms/99.2%, 20ms/99.6%, 50ms/99.8%, 100ms/99.9%
[24.381s][info][gc,marking  ] GC(17) Y: Mark: 2 stripe(s), 2 proactive flush(es), 1 terminate flush(es), 0 completion(s), 0 continuation(s) 
[24.381s][info][gc,nmethod  ] GC(17) Y: NMethods: 301 registered, 11 unregistered
[24.381s][info][gc,metaspace] GC(17) Y: Metaspace: 0M used, 0M committed, 1088M reserved
[24.381s][info][gc,reloc    ] GC(17) Y:                        Candidates     Selected     In-Place         Size        Empty    Relocated 
[24.381s][info][gc,reloc    ] GC(17) Y: Small Pages:                    0            0            0           0M           0M           0M 
[24.381s][info][gc,reloc    ] GC(17) Y: Medium Pages:                   0            0            0           0M           0M           0M 
[24.381s][info][gc,reloc    ] GC(17) Y: Large Pages:                    7            0            0          14M           0M           0M 
[24.381s][info][gc,reloc    ] GC(17) Y: Forwarding Usage: 0M
[24.381s][info][gc,reloc    ] GC(17) Y: Age Table:
[24.381s][info][gc,reloc    ] GC(17) Y:                    Live             Garbage             Small              Medium             Large        
[24.381s][info][gc,reloc    ] GC(17) Y: Eden               2M (1%)            0M (0%)           0 / 0              0 / 0              1 / 0        
[24.381s][info][gc,reloc    ] GC(17) Y: Survivor 1          -                 0M (0%)           0 / 0              0 / 0              0 / 0        
[24.381s][info][gc,reloc    ] GC(17) Y: Survivor 2          -                 0M (0%)           0 / 0              0 / 0              0 / 0        
[24.381s][info][gc,reloc    ] GC(17) Y: Survivor 3          -                 0M (0%)           0 / 0              0 / 0              0 / 0        
[24.381s][info][gc,reloc    ] GC(17) Y: Survivor 4         2M (1%)            0M (0%)           0 / 0              0 / 0              1 / 0        
[24.381s][info][gc,reloc    ] GC(17) Y: Survivor 5          -                 0M (0%)           0 / 0              0 / 0              0 / 0        
[24.381s][info][gc,reloc    ] GC(17) Y: Survivor 6        10M (4%)            0M (0%)           0 / 0              0 / 0              5 / 0        
[24.381s][info][gc,heap     ] GC(17) Y: Min Capacity: 8M(3%)
[24.381s][info][gc,heap     ] GC(17) Y: Max Capacity: 256M(100%)
[24.381s][info][gc,heap     ] GC(17) Y: Soft Max Capacity: 256M(100%)
[24.381s][info][gc,heap     ] GC(17) Y: Heap Statistics:
[24.381s][info][gc,heap     ] GC(17) Y:                Mark Start          Mark End        Relocate Start      Relocate End           High               Low         
[24.381s][info][gc,heap     ] GC(17) Y:  Capacity:      256M (100%)        256M (100%)        256M (100%)        256M (100%)        256M (100%)        256M (100%)   
[24.381s][info][gc,heap     ] GC(17) Y:      Free:       12M (5%)           12M (5%)           10M (4%)           10M (4%)           12M (5%)           10M (4%)     
[24.381s][info][gc,heap     ] GC(17) Y:      Used:      244M (95%)         244M (95%)         246M (96%)         246M (96%)         246M (96%)         244M (95%)    
[24.381s][info][gc,heap     ] GC(17) Y: Young Generation Statistics:
[24.381s][info][gc,heap     ] GC(17) Y:                Mark Start          Mark End        Relocate Start      Relocate End    
[24.381s][info][gc,heap     ] GC(17) Y:      Used:       14M (5%)           14M (5%)            4M (2%)            4M (2%)     
[24.381s][info][gc,heap     ] GC(17) Y:      Live:         -                14M (5%)            2M (1%)            2M (1%)     
[24.381s][info][gc,heap     ] GC(17) Y:   Garbage:         -                 0M (0%)            0M (0%)            0M (0%)     
[24.381s][info][gc,heap     ] GC(17) Y: Allocated:         -                 0M (0%)            2M (1%)            2M (1%)     
[24.381s][info][gc,heap     ] GC(17) Y: Reclaimed:         -                  -                 0M (0%)            0M (0%)     
[24.381s][info][gc,heap     ] GC(17) Y:  Promoted:         -                  -                12M (5%)           12M (5%)     
[24.381s][info][gc,heap     ] GC(17) Y: Compacted:         -                  -                  -                 0M (0%)     
[24.381s][info][gc,phases   ] GC(17) Y: Young Generation 244M(95%)->246M(96%) 0.003s
[24.381s][info][gc,phases   ] GC(17) O: Old Generation
[24.383s][info][gc,phases   ] GC(17) O: Concurrent Mark 1.961ms
[24.383s][info][gc,phases   ] GC(17) O: Pause Mark End 0.009ms
[24.384s][info][gc,phases   ] GC(17) O: Concurrent Mark Free 0.001ms
[24.384s][info][gc,phases   ] GC(17) O: Concurrent Process Non-Strong 0.355ms
[24.384s][info][gc,phases   ] GC(17) O: Concurrent Reset Relocation Set 0.000ms
[24.384s][info][gc,phases   ] GC(17) O: Concurrent Select Relocation Set 0.020ms
[24.384s][info][gc,task     ] GC(17) O: Using 2 Workers for Old Generation
[24.384s][info][gc,task     ] GC(17) O: Using 1 Workers for Old Generation
[24.384s][info][gc,phases   ] GC(17) O: Concurrent Remap Roots 0.280ms
[24.384s][info][gc,phases   ] GC(17) O: Pause Relocate Start 0.006ms
[24.384s][info][gc,phases   ] GC(17) O: Concurrent Relocate 0.023ms
[24.384s][info][gc,alloc    ] GC(17) O:                         Mark Start        Mark End      Relocate Start    Relocate End   
[24.384s][info][gc,alloc    ] GC(17) O: Allocation Stalls:          0                0                0                0         
[24.384s][info][gc,load     ] GC(17) O: Load: 0.00 (0%) / 0.00 (0%) / 0.00 (0%)
[24.384s][info][gc,mmu      ] GC(17) O: MMU: 2ms/96.7%, 5ms/98.3%, 10ms/99.0%, 20ms/99.5%, 50ms/99.8%, 100ms/99.9%
[24.384s][info][gc,marking  ] GC(17) O: Mark: 1 stripe(s), 2 proactive flush(es), 1 terminate flush(es), 0 completion(s), 0 continuation(s) 
[24.384s][info][gc,nmethod  ] GC(17) O: NMethods: 301 registered, 11 unregistered
[24.384s][info][gc,metaspace] GC(17) O: Metaspace: 0M used, 0M committed, 1088M reserved
[24.384s][info][gc,ref      ] GC(17) O:                       Encountered   Discovered     Enqueued 
[24.384s][info][gc,ref      ] GC(17) O: Soft References:               42           25            0 
[24.384s][info][gc,ref      ] GC(17) O: Weak References:               86           39            0 
[24.384s][info][gc,ref      ] GC(17) O: Final References:               0            0            0 
[24.384s][info][gc,ref      ] GC(17) O: Phantom References:             1            1            0 
[24.384s][info][gc,reloc    ] GC(17) O:                        Candidates     Selected     In-Place         Size        Empty    Relocated 
[24.384s][info][gc,reloc    ] GC(17) O: Small Pages:                    1            0            0           2M           0M           0M 
[24.384s][info][gc,reloc    ] GC(17) O: Medium Pages:                   0            0            0           0M           0M           0M 
[24.384s][info][gc,reloc    ] GC(17) O: Large Pages:                  114            0            0         228M           0M           0M 
[24.384s][info][gc,reloc    ] GC(17) O: Forwarding Usage: 0M
[24.384s][info][gc,heap     ] GC(17) O: Min Capacity: 8M(3%)
[24.384s][info][gc,heap     ] GC(17) O: Max Capacity: 256M(100%)
[24.384s][info][gc,heap     ] GC(17) O: Soft Max Capacity: 256M(100%)
[24.384s][info][gc,heap     ] GC(17) O: Heap Statistics:
[24.384s][info][gc,heap     ] GC(17) O:                Mark Start          Mark End        Relocate Start      Relocate End           High               Low         
[24.384s][info][gc,heap     ] GC(17) O:  Capacity:      256M (100%)        256M (100%)        256M (100%)        256M (100%)        256M (100%)        256M (100%)   
[24.384s][info][gc,heap     ] GC(17) O:      Free:       12M (5%)           10M (4%)           10M (4%)           10M (4%)           12M (5%)           10M (4%)     
[24.384s][info][gc,heap     ] GC(17) O:      Used:      244M (95%)         246M (96%)         246M (96%)         246M (96%)         246M (96%)         244M (95%)    
[24.384s][info][gc,heap     ] GC(17) O: Old Generation Statistics:
[24.384s][info][gc,heap     ] GC(17) O:                Mark Start          Mark End        Relocate Start      Relocate End    
[24.384s][info][gc,heap     ] GC(17) O:      Used:      230M (90%)         242M (95%)         242M (95%)         242M (95%)    
[24.384s][info][gc,heap     ] GC(17) O:      Live:         -               229M (90%)         229M (90%)         229M (90%)    
[24.384s][info][gc,heap     ] GC(17) O:   Garbage:         -                 0M (0%)            0M (0%)            0M (0%)     
[24.384s][info][gc,heap     ] GC(17) O: Allocated:         -                12M (5%)           12M (5%)           12M (5%)     
[24.384s][info][gc,heap     ] GC(17) O: Reclaimed:         -                  -                 0M (0%)            0M (0%)     
[24.384s][info][gc,heap     ] GC(17) O: Compacted:         -                  -                  -                 0M (0%)     
[24.384s][info][gc,phases   ] GC(17) O: Old Generation 246M(96%)->246M(96%) 0.003s
[24.384s][info][gc          ] GC(17) Major Collection (Allocation Rate) 244M(95%)->246M(96%) 0.007s
[25.396s][info][gc          ] GC(18) Major Collection (Allocation Rate)
[25.396s][info][gc,task     ] GC(18) Using 2 Workers for Young Generation
[25.396s][info][gc,task     ] GC(18) Using 1 Workers for Old Generation
[25.396s][info][gc,phases   ] GC(18) Y: Young Generation
[25.396s][info][gc,phases   ] GC(18) Y: Pause Mark Start (Major) 0.013ms
[25.397s][info][gc,phases   ] GC(18) Y: Concurrent Mark 0.617ms
[25.397s][info][gc,phases   ] GC(18) Y: Pause Mark End 0.006ms
[25.397s][info][gc,phases   ] GC(18) Y: Concurrent Mark Free 0.001ms
[25.397s][info][gc,phases   ] GC(18) Y: Concurrent Reset Relocation Set 0.003ms
[25.397s][info][gc,reloc    ] GC(18) Y: Using tenuring threshold: 2 (Computed)
[25.397s][info][gc          ] Allocation Stall (main) 0.495ms
[25.397s][info][gc,phases   ] GC(18) Y: Concurrent Select Relocation Set 0.087ms
[25.397s][info][gc,phases   ] GC(18) Y: Pause Relocate Start 0.004ms
[25.397s][info][gc,phases   ] GC(18) Y: Concurrent Relocate 0.039ms
[25.397s][info][gc,alloc    ] GC(18) Y:                         Mark Start        Mark End      Relocate Start    Relocate End   
[25.397s][info][gc,alloc    ] GC(18) Y: Allocation Stalls:          0                1                0                0         
[25.397s][info][gc,load     ] GC(18) Y: Load: 0.00 (0%) / 0.00 (0%) / 0.00 (0%)
[25.397s][info][gc,mmu      ] GC(18) Y: MMU: 2ms/96.7%, 5ms/98.3%, 10ms/99.0%, 20ms/99.5%, 50ms/99.8%, 100ms/99.9%
[25.397s][info][gc,marking  ] GC(18) Y: Mark: 2 stripe(s), 2 proactive flush(es), 1 terminate flush(es), 0 completion(s), 0 continuation(s) 
[25.397s][info][gc,nmethod  ] GC(18) Y: NMethods: 303 registered, 11 unregistered
[25.397s][info][gc,metaspace] GC(18) Y: Metaspace: 0M used, 0M committed, 1088M reserved
[25.397s][info][gc,reloc    ] GC(18) Y:                        Candidates     Selected     In-Place         Size        Empty    Relocated 
[25.397s][info][gc,reloc    ] GC(18) Y: Small Pages:                    1            0            0           2M           2M           0M 
[25.397s][info][gc,reloc    ] GC(18) Y: Medium Pages:                   0            0            0           0M           0M           0M 
[25.397s][info][gc,reloc    ] GC(18) Y: Large Pages:                    6            0            0          12M           0M           0M 
[25.397s][info][gc,reloc    ] GC(18) Y: Forwarding Usage: 0M
[25.397s][info][gc,reloc    ] GC(18) Y: Age Table:
[25.397s][info][gc,reloc    ] GC(18) Y:                    Live             Garbage             Small              Medium             Large        
[25.397s][info][gc,reloc    ] GC(18) Y: Eden              10M (4%)            2M (1%)           1 / 0              0 / 0              5 / 0        
[25.397s][info][gc,reloc    ] GC(18) Y: Survivor 1         2M (1%)            0M (0%)           0 / 0              0 / 0              1 / 0        
[25.397s][info][gc,heap     ] GC(18) Y: Min Capacity: 8M(3%)
[25.397s][info][gc,heap     ] GC(18) Y: Max Capacity: 256M(100%)
[25.397s][info][gc,heap     ] GC(18) Y: Soft Max Capacity: 256M(100%)
[25.397s][info][gc,heap     ] GC(18) Y: Heap Statistics:
[25.397s][info][gc,heap     ] GC(18) Y:                Mark Start          Mark End        Relocate Start      Relocate End           High               Low         
[25.397s][info][gc,heap     ] GC(18) Y:  Capacity:      256M (100%)        256M (100%)        256M (100%)        256M (100%)        256M (100%)        256M (100%)   
[25.397s][info][gc,heap     ] GC(18) Y:      Free:        0M (0%)            0M (0%)            0M (0%)            0M (0%)            2M (1%)            0M (0%)     
[25.397s][info][gc,heap     ] GC(18) Y:      Used:      256M (100%)        256M (100%)        256M (100%)        256M (100%)        256M (100%)        254M (99%)    
[25.397s][info][gc,heap     ] GC(18) Y: Young Generation Statistics:
[25.397s][info][gc,heap     ] GC(18) Y:                Mark Start          Mark End        Relocate Start      Relocate End    
[25.397s][info][gc,heap     ] GC(18) Y:      Used:       14M (5%)           14M (5%)           14M (5%)           14M (5%)     
[25.397s][info][gc,heap     ] GC(18) Y:      Live:         -                12M (5%)           12M (5%)           12M (5%)     
[25.397s][info][gc,heap     ] GC(18) Y:   Garbage:         -                 2M (1%)            0M (0%)            0M (0%)     
[25.397s][info][gc,heap     ] GC(18) Y: Allocated:         -                 0M (0%)            2M (1%)            2M (1%)     
[25.397s][info][gc,heap     ] GC(18) Y: Reclaimed:         -                  -                 2M (1%)            2M (1%)     
[25.397s][info][gc,heap     ] GC(18) Y:  Promoted:         -                  -                 0M (0%)            0M (0%)     
[25.397s][info][gc,heap     ] GC(18) Y: Compacted:         -                  -                  -                 0M (0%)     
[25.397s][info][gc,phases   ] GC(18) Y: Young Generation 256M(100%)->256M(100%) 0.001s
[25.397s][info][gc,phases   ] GC(18) O: Old Generation
[25.397s][info][gc          ] GC(19) Minor Collection (Allocation Stall)
[25.397s][info][gc,task     ] GC(19) Using 2 Workers for Young Generation
[25.397s][info][gc,phases   ] GC(19) y: Young Generation
[25.397s][info][gc,phases   ] GC(19) y: Pause Mark Start 0.004ms
[25.398s][info][gc,phases   ] GC(19) y: Concurrent Mark 0.546ms
[25.398s][info][gc,phases   ] GC(19) y: Pause Mark End 0.005ms
[25.398s][info][gc,phases   ] GC(19) y: Concurrent Mark Free 0.001ms
[25.398s][info][gc,phases   ] GC(19) y: Concurrent Reset Relocation Set 0.000ms
[25.398s][info][gc,reloc    ] GC(19) y: Using tenuring threshold: 1 (Computed)
[25.398s][info][gc,phases   ] GC(19) y: Concurrent Select Relocation Set 0.145ms
[25.398s][info][gc,phases   ] GC(19) y: Pause Relocate Start 0.004ms
[25.398s][info][gc,phases   ] GC(19) y: Concurrent Relocate 0.206ms
[25.398s][info][gc,alloc    ] GC(19) y:                         Mark Start        Mark End      Relocate Start    Relocate End   
[25.398s][info][gc,alloc    ] GC(19) y: Allocation Stalls:          0                1                1                1         
[25.398s][info][gc,load     ] GC(19) y: Load: 0.00 (0%) / 0.00 (0%) / 0.00 (0%)
[25.398s][info][gc,mmu      ] GC(19) y: MMU: 2ms/96.7%, 5ms/98.3%, 10ms/99.0%, 20ms/99.5%, 50ms/99.8%, 100ms/99.9%
[25.398s][info][gc,marking  ] GC(19) y: Mark: 2 stripe(s), 2 proactive flush(es), 1 terminate flush(es), 0 completion(s), 0 continuation(s) 
[25.399s][info][gc,nmethod  ] GC(19) y: NMethods: 303 registered, 11 unregistered
[25.399s][info][gc,metaspace] GC(19) y: Metaspace: 0M used, 0M committed, 1088M reserved
[25.399s][info][gc,reloc    ] GC(19) y:                        Candidates     Selected     In-Place         Size        Empty    Relocated 
[25.399s][info][gc,reloc    ] GC(19) y: Small Pages:                    1            0            0           2M           0M           0M 
[25.399s][info][gc,reloc    ] GC(19) y: Medium Pages:                   0            0            0           0M           0M           0M 
[25.399s][info][gc,reloc    ] GC(19) y: Large Pages:                    6            0            0          12M           0M           0M 
[25.399s][info][gc,reloc    ] GC(19) y: Forwarding Usage: 0M
[25.399s][info][gc,reloc    ] GC(19) y: Age Table:
[25.399s][info][gc,reloc    ] GC(19) y:                    Live             Garbage             Small              Medium             Large        
[25.399s][info][gc,reloc    ] GC(19) y: Eden               0M (0%)            1M (1%)           1 / 0              0 / 0              0 / 0        
[25.399s][info][gc,reloc    ] GC(19) y: Survivor 1        10M (4%)            0M (0%)           0 / 0              0 / 0              5 / 0        
[25.399s][info][gc,reloc    ] GC(19) y: Survivor 2         2M (1%)            0M (0%)           0 / 0              0 / 0              1 / 0        
[25.399s][info][gc,heap     ] GC(19) y: Min Capacity: 8M(3%)
[25.399s][info][gc,heap     ] GC(19) y: Max Capacity: 256M(100%)
[25.399s][info][gc,heap     ] GC(19) y: Soft Max Capacity: 256M(100%)
[25.399s][info][gc,heap     ] GC(19) y: Heap Statistics:
[25.399s][info][gc,heap     ] GC(19) y:                Mark Start          Mark End        Relocate Start      Relocate End           High               Low         
[25.399s][info][gc,heap     ] GC(19) y:  Capacity:      256M (100%)        256M (100%)        256M (100%)        256M (100%)        256M (100%)        256M (100%)   
[25.399s][info][gc,heap     ] GC(19) y:      Free:        0M (0%)            0M (0%)            0M (0%)            0M (0%)            0M (0%)            0M (0%)     
[25.399s][info][gc,heap     ] GC(19) y:      Used:      256M (100%)        256M (100%)        256M (100%)        256M (100%)        256M (100%)        256M (100%)   
[25.399s][info][gc,heap     ] GC(19) y: Young Generation Statistics:
[25.399s][info][gc,heap     ] GC(19) y:                Mark Start          Mark End        Relocate Start      Relocate End    
[25.399s][info][gc,heap     ] GC(19) y:      Used:       14M (5%)           14M (5%)            2M (1%)            2M (1%)     
[25.399s][info][gc,heap     ] GC(19) y:      Live:         -                12M (5%)            0M (0%)            0M (0%)     
[25.399s][info][gc,heap     ] GC(19) y:   Garbage:         -                 1M (1%)            1M (1%)            1M (1%)     
[25.399s][info][gc,heap     ] GC(19) y: Allocated:         -                 0M (0%)            0M (0%)            0M (0%)     
[25.399s][info][gc,heap     ] GC(19) y: Reclaimed:         -                  -                 0M (0%)            0M (0%)     
[25.399s][info][gc,heap     ] GC(19) y:  Promoted:         -                  -                12M (5%)           12M (5%)     
[25.399s][info][gc,heap     ] GC(19) y: Compacted:         -                  -                  -                 0M (0%)     
[25.399s][info][gc,phases   ] GC(19) y: Young Generation 256M(100%)->256M(100%) 0.001s
[25.399s][info][gc          ] GC(19) Minor Collection (Allocation Stall) 256M(100%)->256M(100%) 0.001s
[25.399s][info][gc          ] GC(20) Minor Collection (Allocation Stall)
[25.399s][info][gc,task     ] GC(20) Using 2 Workers for Young Generation
[25.399s][info][gc,phases   ] GC(20) y: Young Generation
[25.399s][info][gc,phases   ] GC(20) y: Pause Mark Start 0.007ms
[25.399s][info][gc,phases   ] GC(18) O: Concurrent Mark 1.769ms
[25.399s][info][gc,phases   ] GC(18) O: Pause Mark End 0.007ms
[25.399s][info][gc,phases   ] GC(18) O: Concurrent Mark Free 0.001ms
[25.399s][info][gc,phases   ] GC(20) y: Concurrent Mark 0.589ms
[25.400s][info][gc,phases   ] GC(20) y: Pause Mark End 0.008ms
[25.400s][info][gc,phases   ] GC(20) y: Concurrent Mark Free 0.001ms
[25.400s][info][gc,phases   ] GC(20) y: Concurrent Reset Relocation Set 0.001ms
[25.400s][info][gc,reloc    ] GC(20) y: Using tenuring threshold: 2 (Computed)
[25.400s][info][gc,phases   ] GC(18) O: Concurrent Process Non-Strong 0.617ms
[25.400s][info][gc,phases   ] GC(18) O: Concurrent Reset Relocation Set 0.000ms
[25.400s][info][gc,phases   ] GC(18) O: Concurrent Select Relocation Set 0.024ms
[25.400s][info][gc,phases   ] GC(20) y: Concurrent Select Relocation Set 0.289ms
[25.400s][info][gc,phases   ] GC(20) y: Pause Relocate Start 0.004ms
[25.400s][info][gc,phases   ] GC(20) y: Concurrent Relocate 0.044ms
[25.400s][info][gc,alloc    ] GC(20) y:                         Mark Start        Mark End      Relocate Start    Relocate End   
[25.400s][info][gc,alloc    ] GC(20) y: Allocation Stalls:          1                1                1                1         
[25.400s][info][gc,load     ] GC(20) y: Load: 0.00 (0%) / 0.00 (0%) / 0.00 (0%)
[25.400s][info][gc,mmu      ] GC(20) y: MMU: 2ms/96.7%, 5ms/98.3%, 10ms/99.0%, 20ms/99.5%, 50ms/99.8%, 100ms/99.9%
[25.400s][info][gc,marking  ] GC(20) y: Mark: 2 stripe(s), 1 proactive flush(es), 1 terminate flush(es), 0 completion(s), 0 continuation(s) 
[25.400s][info][gc,nmethod  ] GC(20) y: NMethods: 303 registered, 11 unregistered
[25.400s][info][gc,metaspace] GC(20) y: Metaspace: 0M used, 0M committed, 1088M reserved
[25.400s][info][gc,reloc    ] GC(20) y:                        Candidates     Selected     In-Place         Size        Empty    Relocated 
[25.400s][info][gc,reloc    ] GC(20) y: Small Pages:                    1            0            0           2M           0M           0M 
[25.400s][info][gc,reloc    ] GC(20) y: Medium Pages:                   0            0            0           0M           0M           0M 
[25.400s][info][gc,reloc    ] GC(20) y: Large Pages:                    0            0            0           0M           0M           0M 
[25.400s][info][gc,reloc    ] GC(20) y: Forwarding Usage: 0M
[25.400s][info][gc,reloc    ] GC(20) y: Age Table:
[25.400s][info][gc,reloc    ] GC(20) y:                    Live             Garbage             Small              Medium             Large        
[25.400s][info][gc,reloc    ] GC(20) y: Eden                -                 0M (0%)           0 / 0              0 / 0              0 / 0        
[25.400s][info][gc,reloc    ] GC(20) y: Survivor 1         0M (0%)            1M (1%)           1 / 0              0 / 0              0 / 0        
[25.400s][info][gc,heap     ] GC(20) y: Min Capacity: 8M(3%)
[25.400s][info][gc,heap     ] GC(20) y: Max Capacity: 256M(100%)
[25.400s][info][gc,heap     ] GC(20) y: Soft Max Capacity: 256M(100%)
[25.400s][info][gc,heap     ] GC(20) y: Heap Statistics:
[25.400s][info][gc,heap     ] GC(20) y:                Mark Start          Mark End        Relocate Start      Relocate End           High               Low         
[25.400s][info][gc,heap     ] GC(20) y:  Capacity:      256M (100%)        256M (100%)        256M (100%)        256M (100%)        256M (100%)        256M (100%)   
[25.400s][info][gc,heap     ] GC(20) y:      Free:        0M (0%)            0M (0%)            0M (0%)            0M (0%)            0M (0%)            0M (0%)     
[25.400s][info][gc,heap     ] GC(20) y:      Used:      256M (100%)        256M (100%)        256M (100%)        256M (100%)        256M (100%)        256M (100%)   
[25.400s][info][gc,heap     ] GC(20) y: Young Generation Statistics:
[25.400s][info][gc,heap     ] GC(20) y:                Mark Start          Mark End        Relocate Start      Relocate End    
[25.400s][info][gc,heap     ] GC(20) y:      Used:        2M (1%)            2M (1%)            2M (1%)            2M (1%)     
[25.400s][info][gc,heap     ] GC(20) y:      Live:         -                 0M (0%)            0M (0%)            0M (0%)     
[25.400s][info][gc,heap     ] GC(20) y:   Garbage:         -                 1M (1%)            1M (1%)            1M (1%)     
[25.400s][info][gc,heap     ] GC(20) y: Allocated:         -                 0M (0%)            0M (0%)            0M (0%)     
[25.400s][info][gc,heap     ] GC(20) y: Reclaimed:         -                  -                 0M (0%)            0M (0%)     
[25.400s][info][gc,heap     ] GC(20) y:  Promoted:         -                  -                 0M (0%)            0M (0%)     
[25.400s][info][gc,heap     ] GC(20) y: Compacted:         -                  -                  -                 0M (0%)     
[25.400s][info][gc,phases   ] GC(20) y: Young Generation 256M(100%)->256M(100%) 0.001s
[25.400s][info][gc          ] GC(20) Minor Collection (Allocation Stall) 256M(100%)->256M(100%) 0.002s
[25.400s][info][gc,task     ] GC(18) O: Using 2 Workers for Old Generation
[25.401s][info][gc,task     ] GC(18) O: Using 1 Workers for Old Generation
[25.401s][info][gc,phases   ] GC(18) O: Concurrent Remap Roots 0.353ms
[25.401s][info][gc,phases   ] GC(18) O: Pause Relocate Start 0.005ms
[25.401s][info][gc,phases   ] GC(18) O: Concurrent Relocate 0.026ms
[25.401s][info][gc,alloc    ] GC(18) O:                         Mark Start        Mark End      Relocate Start    Relocate End   
[25.401s][info][gc,alloc    ] GC(18) O: Allocation Stalls:          0                1                1                1         
[25.401s][info][gc,load     ] GC(18) O: Load: 0.00 (0%) / 0.00 (0%) / 0.00 (0%)
[25.401s][info][gc,mmu      ] GC(18) O: MMU: 2ms/96.7%, 5ms/98.3%, 10ms/99.0%, 20ms/99.5%, 50ms/99.8%, 100ms/99.9%
[25.401s][info][gc,marking  ] GC(18) O: Mark: 1 stripe(s), 2 proactive flush(es), 1 terminate flush(es), 0 completion(s), 0 continuation(s) 
[25.401s][info][gc,nmethod  ] GC(18) O: NMethods: 303 registered, 11 unregistered
[25.401s][info][gc,metaspace] GC(18) O: Metaspace: 0M used, 0M committed, 1088M reserved
[25.401s][info][gc,ref      ] GC(18) O:                       Encountered   Discovered     Enqueued 
[25.401s][info][gc,ref      ] GC(18) O: Soft References:               42           25            0 
[25.401s][info][gc,ref      ] GC(18) O: Weak References:               86           39            0 
[25.401s][info][gc,ref      ] GC(18) O: Final References:               0            0            0 
[25.401s][info][gc,ref      ] GC(18) O: Phantom References:             1            1            0 
[25.401s][info][gc,reloc    ] GC(18) O:                        Candidates     Selected     In-Place         Size        Empty    Relocated 
[25.401s][info][gc,reloc    ] GC(18) O: Small Pages:                    1            0            0           2M           0M           0M 
[25.401s][info][gc,reloc    ] GC(18) O: Medium Pages:                   0            0            0           0M           0M           0M 
[25.401s][info][gc,reloc    ] GC(18) O: Large Pages:                  120            0            0         240M           0M           0M 
[25.401s][info][gc,reloc    ] GC(18) O: Forwarding Usage: 0M
[25.401s][info][gc,heap     ] GC(18) O: Min Capacity: 8M(3%)
[25.401s][info][gc,heap     ] GC(18) O: Max Capacity: 256M(100%)
[25.401s][info][gc,heap     ] GC(18) O: Soft Max Capacity: 256M(100%)
[25.401s][info][gc,heap     ] GC(18) O: Heap Statistics:
[25.401s][info][gc,heap     ] GC(18) O:                Mark Start          Mark End        Relocate Start      Relocate End           High               Low         
[25.401s][info][gc,heap     ] GC(18) O:  Capacity:      256M (100%)        256M (100%)        256M (100%)        256M (100%)        256M (100%)        256M (100%)   
[25.401s][info][gc,heap     ] GC(18) O:      Free:        0M (0%)            0M (0%)            0M (0%)            0M (0%)            2M (1%)            0M (0%)     
[25.401s][info][gc,heap     ] GC(18) O:      Used:      256M (100%)        256M (100%)        256M (100%)        256M (100%)        256M (100%)        254M (99%)    
[25.401s][info][gc,heap     ] GC(18) O: Old Generation Statistics:
[25.401s][info][gc,heap     ] GC(18) O:                Mark Start          Mark End        Relocate Start      Relocate End    
[25.401s][info][gc,heap     ] GC(18) O:      Used:      242M (95%)         254M (99%)         254M (99%)         254M (99%)    
[25.401s][info][gc,heap     ] GC(18) O:      Live:         -               241M (94%)         241M (94%)         241M (94%)    
[25.401s][info][gc,heap     ] GC(18) O:   Garbage:         -                 0M (0%)            0M (0%)            0M (0%)     
[25.401s][info][gc,heap     ] GC(18) O: Allocated:         -                12M (5%)           12M (5%)           12M (5%)     
[25.401s][info][gc,heap     ] GC(18) O: Reclaimed:         -                  -                 0M (0%)            0M (0%)     
[25.401s][info][gc,heap     ] GC(18) O: Compacted:         -                  -                  -                 0M (0%)     
[25.401s][info][gc,phases   ] GC(18) O: Old Generation 256M(100%)->256M(100%) 0.004s
[25.401s][info][gc          ] GC(18) Major Collection (Allocation Rate) 256M(100%)->256M(100%) 0.005s
[25.401s][info][gc          ] GC(21) Major Collection (Allocation Stall)
[25.401s][info][gc,task     ] GC(21) Using 2 Workers for Young Generation
[25.401s][info][gc,task     ] GC(21) Using 2 Workers for Old Generation
[25.401s][info][gc,phases   ] GC(21) Y: Young Generation (Promote All)
[25.401s][info][gc,phases   ] GC(21) Y: Pause Mark Start 0.004ms
[25.402s][info][gc,phases   ] GC(21) Y: Concurrent Mark 0.505ms
[25.402s][info][gc,phases   ] GC(21) Y: Pause Mark End 0.004ms
[25.402s][info][gc,phases   ] GC(21) Y: Concurrent Mark Free 0.001ms
[25.402s][info][gc,phases   ] GC(21) Y: Concurrent Reset Relocation Set 0.000ms
[25.402s][info][gc,reloc    ] GC(21) Y: Using tenuring threshold: 0 (Promote All)
[25.402s][info][gc,phases   ] GC(21) Y: Concurrent Select Relocation Set 0.096ms
[25.402s][info][gc,phases   ] GC(21) Y: Pause Relocate Start 0.003ms
[25.402s][info][gc,phases   ] GC(21) Y: Concurrent Relocate 0.045ms
[25.402s][info][gc,alloc    ] GC(21) Y:                         Mark Start        Mark End      Relocate Start    Relocate End   
[25.402s][info][gc,alloc    ] GC(21) Y: Allocation Stalls:          1                1                1                1         
[25.402s][info][gc,load     ] GC(21) Y: Load: 0.00 (0%) / 0.00 (0%) / 0.00 (0%)
[25.402s][info][gc,mmu      ] GC(21) Y: MMU: 2ms/96.7%, 5ms/98.3%, 10ms/99.0%, 20ms/99.5%, 50ms/99.8%, 100ms/99.9%
[25.402s][info][gc,marking  ] GC(21) Y: Mark: 2 stripe(s), 1 proactive flush(es), 1 terminate flush(es), 0 completion(s), 0 continuation(s) 
[25.402s][info][gc,nmethod  ] GC(21) Y: NMethods: 303 registered, 11 unregistered
[25.402s][info][gc,metaspace] GC(21) Y: Metaspace: 0M used, 0M committed, 1088M reserved
[25.402s][info][gc,reloc    ] GC(21) Y:                        Candidates     Selected     In-Place         Size        Empty    Relocated 
[25.402s][info][gc,reloc    ] GC(21) Y: Small Pages:                    1            0            0           2M           0M           0M 
[25.402s][info][gc,reloc    ] GC(21) Y: Medium Pages:                   0            0            0           0M           0M           0M 
[25.402s][info][gc,reloc    ] GC(21) Y: Large Pages:                    0            0            0           0M           0M           0M 
[25.402s][info][gc,reloc    ] GC(21) Y: Forwarding Usage: 0M
[25.402s][info][gc,reloc    ] GC(21) Y: Age Table:
[25.402s][info][gc,reloc    ] GC(21) Y:                    Live             Garbage             Small              Medium             Large        
[25.402s][info][gc,reloc    ] GC(21) Y: Eden                -                 0M (0%)           0 / 0              0 / 0              0 / 0        
[25.402s][info][gc,reloc    ] GC(21) Y: Survivor 1          -                 0M (0%)           0 / 0              0 / 0              0 / 0        
[25.402s][info][gc,reloc    ] GC(21) Y: Survivor 2         0M (0%)            1M (1%)           1 / 0              0 / 0              0 / 0        
[25.402s][info][gc,heap     ] GC(21) Y: Min Capacity: 8M(3%)
[25.402s][info][gc,heap     ] GC(21) Y: Max Capacity: 256M(100%)
[25.402s][info][gc,heap     ] GC(21) Y: Soft Max Capacity: 256M(100%)
[25.402s][info][gc,heap     ] GC(21) Y: Heap Statistics:
[25.402s][info][gc,heap     ] GC(21) Y:                Mark Start          Mark End        Relocate Start      Relocate End           High               Low         
[25.402s][info][gc,heap     ] GC(21) Y:  Capacity:      256M (100%)        256M (100%)        256M (100%)        256M (100%)        256M (100%)        256M (100%)   
[25.402s][info][gc,heap     ] GC(21) Y:      Free:        0M (0%)            0M (0%)            0M (0%)            0M (0%)            0M (0%)            0M (0%)     
[25.402s][info][gc,heap     ] GC(21) Y:      Used:      256M (100%)        256M (100%)        256M (100%)        256M (100%)        256M (100%)        256M (100%)   
[25.402s][info][gc,heap     ] GC(21) Y: Young Generation Statistics:
[25.402s][info][gc,heap     ] GC(21) Y:                Mark Start          Mark End        Relocate Start      Relocate End    
[25.402s][info][gc,heap     ] GC(21) Y:      Used:        2M (1%)            2M (1%)            0M (0%)            0M (0%)     
[25.402s][info][gc,heap     ] GC(21) Y:      Live:         -                 0M (0%)            0M (0%)            0M (0%)     
[25.402s][info][gc,heap     ] GC(21) Y:   Garbage:         -                 1M (1%)            0M (0%)            0M (0%)     
[25.402s][info][gc,heap     ] GC(21) Y: Allocated:         -                 0M (0%)            0M (0%)            0M (0%)     
[25.402s][info][gc,heap     ] GC(21) Y: Reclaimed:         -                  -                 1M (1%)            1M (1%)     
[25.402s][info][gc,heap     ] GC(21) Y:  Promoted:         -                  -                 0M (0%)            0M (0%)     
[25.402s][info][gc,heap     ] GC(21) Y: Compacted:         -                  -                  -                 0M (0%)     
[25.402s][info][gc,phases   ] GC(21) Y: Young Generation (Promote All) 256M(100%)->256M(100%) 0.001s
[25.402s][info][gc,phases   ] GC(21) Y: Young Generation (Collect Roots)
[25.402s][info][gc,phases   ] GC(21) Y: Pause Mark Start (Major) 0.003ms
[25.403s][info][gc,phases   ] GC(21) Y: Concurrent Mark 0.502ms
[25.403s][info][gc,phases   ] GC(21) Y: Pause Mark End 0.003ms
[25.403s][info][gc,phases   ] GC(21) Y: Concurrent Mark Free 0.000ms
[25.403s][info][gc,phases   ] GC(21) Y: Concurrent Reset Relocation Set 0.001ms
[25.403s][info][gc,reloc    ] GC(21) Y: Using tenuring threshold: 0 (Computed)
[25.403s][info][gc,phases   ] GC(21) Y: Concurrent Select Relocation Set 0.075ms
[25.403s][info][gc,phases   ] GC(21) Y: Pause Relocate Start 0.003ms
[25.403s][info][gc,phases   ] GC(21) Y: Concurrent Relocate 0.044ms
[25.403s][info][gc,alloc    ] GC(21) Y:                         Mark Start        Mark End      Relocate Start    Relocate End   
[25.403s][info][gc,alloc    ] GC(21) Y: Allocation Stalls:          1                1                1                1         
[25.403s][info][gc,load     ] GC(21) Y: Load: 0.00 (0%) / 0.00 (0%) / 0.00 (0%)
[25.403s][info][gc,mmu      ] GC(21) Y: MMU: 2ms/96.7%, 5ms/98.3%, 10ms/99.0%, 20ms/99.5%, 50ms/99.8%, 100ms/99.9%
[25.403s][info][gc,marking  ] GC(21) Y: Mark: 2 stripe(s), 1 proactive flush(es), 1 terminate flush(es), 0 completion(s), 0 continuation(s) 
[25.403s][info][gc,nmethod  ] GC(21) Y: NMethods: 303 registered, 11 unregistered
[25.403s][info][gc,metaspace] GC(21) Y: Metaspace: 0M used, 0M committed, 1088M reserved
[25.403s][info][gc,heap     ] GC(21) Y: Min Capacity: 8M(3%)
[25.403s][info][gc,heap     ] GC(21) Y: Max Capacity: 256M(100%)
[25.403s][info][gc,heap     ] GC(21) Y: Soft Max Capacity: 256M(100%)
[25.403s][info][gc,heap     ] GC(21) Y: Heap Statistics:
[25.403s][info][gc,heap     ] GC(21) Y:                Mark Start          Mark End        Relocate Start      Relocate End           High               Low         
[25.403s][info][gc,heap     ] GC(21) Y:  Capacity:      256M (100%)        256M (100%)        256M (100%)        256M (100%)        256M (100%)        256M (100%)   
[25.403s][info][gc,heap     ] GC(21) Y:      Free:        0M (0%)            0M (0%)            0M (0%)            0M (0%)            0M (0%)            0M (0%)     
[25.403s][info][gc,heap     ] GC(21) Y:      Used:      256M (100%)        256M (100%)        256M (100%)        256M (100%)        256M (100%)        256M (100%)   
[25.403s][info][gc,heap     ] GC(21) Y: Young Generation Statistics:
[25.403s][info][gc,heap     ] GC(21) Y:                Mark Start          Mark End        Relocate Start      Relocate End    
[25.403s][info][gc,heap     ] GC(21) Y:      Used:        0M (0%)            0M (0%)            0M (0%)            0M (0%)     
[25.403s][info][gc,heap     ] GC(21) Y:      Live:         -                 0M (0%)            0M (0%)            0M (0%)     
[25.403s][info][gc,heap     ] GC(21) Y:   Garbage:         -                 0M (0%)            0M (0%)            0M (0%)     
[25.403s][info][gc,heap     ] GC(21) Y: Allocated:         -                 0M (0%)            0M (0%)            0M (0%)     
[25.403s][info][gc,heap     ] GC(21) Y: Reclaimed:         -                  -                 0M (0%)            0M (0%)     
[25.403s][info][gc,heap     ] GC(21) Y:  Promoted:         -                  -                 0M (0%)            0M (0%)     
[25.403s][info][gc,heap     ] GC(21) Y: Compacted:         -                  -                  -                 0M (0%)     
[25.403s][info][gc,phases   ] GC(21) Y: Young Generation (Collect Roots) 256M(100%)->256M(100%) 0.001s
[25.403s][info][gc,phases   ] GC(21) O: Old Generation
[25.404s][info][gc,phases   ] GC(21) O: Concurrent Mark 1.134ms
[25.404s][info][gc,phases   ] GC(21) O: Pause Mark End 0.005ms
[25.404s][info][gc,phases   ] GC(21) O: Concurrent Mark Free 0.001ms
[25.404s][info][gc,ref      ] GC(21) O: Clearing All SoftReferences
[25.404s][info][gc,phases   ] GC(21) O: Concurrent Process Non-Strong 0.244ms
[25.404s][info][gc,phases   ] GC(21) O: Concurrent Reset Relocation Set 0.000ms
[25.404s][info][gc,phases   ] GC(21) O: Concurrent Select Relocation Set 0.146ms
[25.405s][info][gc,task     ] GC(21) O: Using 2 Workers for Old Generation
[25.405s][info][gc,task     ] GC(21) O: Using 2 Workers for Old Generation
[25.405s][info][gc,phases   ] GC(21) O: Concurrent Remap Roots 0.319ms
[25.405s][info][gc,phases   ] GC(21) O: Pause Relocate Start 0.005ms
[25.406s][info][gc,phases   ] GC(21) O: Concurrent Relocate 1.145ms
[25.406s][info][gc,alloc    ] GC(21) O:                         Mark Start        Mark End      Relocate Start    Relocate End   
[25.406s][info][gc,alloc    ] GC(21) O: Allocation Stalls:          1                1                1                1         
[25.406s][info][gc,load     ] GC(21) O: Load: 0.00 (0%) / 0.00 (0%) / 0.00 (0%)
[25.406s][info][gc,mmu      ] GC(21) O: MMU: 2ms/96.7%, 5ms/98.3%, 10ms/99.0%, 20ms/99.5%, 50ms/99.8%, 100ms/99.9%
[25.406s][info][gc,marking  ] GC(21) O: Mark: 2 stripe(s), 1 proactive flush(es), 1 terminate flush(es), 0 completion(s), 0 continuation(s) 
[25.406s][info][gc,nmethod  ] GC(21) O: NMethods: 303 registered, 11 unregistered
[25.406s][info][gc,metaspace] GC(21) O: Metaspace: 0M used, 0M committed, 1088M reserved
[25.406s][info][gc,ref      ] GC(21) O:                       Encountered   Discovered     Enqueued 
[25.406s][info][gc,ref      ] GC(21) O: Soft References:               42           24            0 
[25.406s][info][gc,ref      ] GC(21) O: Weak References:               86           23            0 
[25.406s][info][gc,ref      ] GC(21) O: Final References:               0            0            0 
[25.406s][info][gc,ref      ] GC(21) O: Phantom References:             1            1            0 
[25.406s][info][gc,reloc    ] GC(21) O:                        Candidates     Selected     In-Place         Size        Empty    Relocated 
[25.406s][info][gc,reloc    ] GC(21) O: Small Pages:                    2            1            2           4M           0M           1M 
[25.406s][info][gc,reloc    ] GC(21) O: Medium Pages:                   0            0            0           0M           0M           0M 
[25.406s][info][gc,reloc    ] GC(21) O: Large Pages:                  126            0            0         252M           0M           0M 
[25.406s][info][gc,reloc    ] GC(21) O: Forwarding Usage: 0M
[25.406s][info][gc,heap     ] GC(21) O: Min Capacity: 8M(3%)
[25.406s][info][gc,heap     ] GC(21) O: Max Capacity: 256M(100%)
[25.406s][info][gc,heap     ] GC(21) O: Soft Max Capacity: 256M(100%)
[25.406s][info][gc,heap     ] GC(21) O: Heap Statistics:
[25.406s][info][gc,heap     ] GC(21) O:                Mark Start          Mark End        Relocate Start      Relocate End           High               Low         
[25.406s][info][gc,heap     ] GC(21) O:  Capacity:      256M (100%)        256M (100%)        256M (100%)        256M (100%)        256M (100%)        256M (100%)   
[25.406s][info][gc,heap     ] GC(21) O:      Free:        0M (0%)            0M (0%)            0M (0%)            0M (0%)            0M (0%)            0M (0%)     
[25.406s][info][gc,heap     ] GC(21) O:      Used:      256M (100%)        256M (100%)        256M (100%)        256M (100%)        256M (100%)        256M (100%)   
[25.406s][info][gc,heap     ] GC(21) O: Old Generation Statistics:
[25.406s][info][gc,heap     ] GC(21) O:                Mark Start          Mark End        Relocate Start      Relocate End    
[25.406s][info][gc,heap     ] GC(21) O:      Used:      256M (100%)        256M (100%)        256M (100%)        256M (100%)   
[25.406s][info][gc,heap     ] GC(21) O:      Live:         -               253M (99%)         253M (99%)         253M (99%)    
[25.406s][info][gc,heap     ] GC(21) O:   Garbage:         -                 2M (1%)            2M (1%)            0M (0%)     
[25.406s][info][gc,heap     ] GC(21) O: Allocated:         -                 0M (0%)            0M (0%)            2M (1%)     
[25.406s][info][gc,heap     ] GC(21) O: Reclaimed:         -                  -                 0M (0%)            2M (1%)     
[25.406s][info][gc,heap     ] GC(21) O: Compacted:         -                  -                  -                 1M (1%)     
[25.406s][info][gc,phases   ] GC(21) O: Old Generation 256M(100%)->256M(100%) 0.003s
[25.406s][info][gc          ] GC(21) Major Collection (Allocation Stall) 256M(100%)->256M(100%) 0.005s
[25.406s][info][gc          ] Allocation Stall (main) 8.911ms
[25.406s][info][gc          ] GC(22) Minor Collection (Allocation Stall)
[25.406s][info][gc,task     ] GC(22) Using 2 Workers for Young Generation
[25.406s][info][gc,phases   ] GC(22) y: Young Generation
[25.406s][info][gc,phases   ] GC(22) y: Pause Mark Start 0.003ms
[25.407s][info][gc,phases   ] GC(22) y: Concurrent Mark 0.629ms
[25.407s][info][gc,phases   ] GC(22) y: Pause Mark End 0.006ms
[25.407s][info][gc,phases   ] GC(22) y: Concurrent Mark Free 0.000ms
[25.407s][info][gc,phases   ] GC(22) y: Concurrent Reset Relocation Set 0.000ms
[25.407s][info][gc,reloc    ] GC(22) y: Using tenuring threshold: 0 (Computed)
[25.407s][info][gc,phases   ] GC(22) y: Concurrent Select Relocation Set 0.155ms
[25.407s][info][gc,phases   ] GC(22) y: Pause Relocate Start 0.003ms
[25.408s][info][gc,phases   ] GC(22) y: Concurrent Relocate 0.049ms
[25.408s][info][gc,alloc    ] GC(22) y:                         Mark Start        Mark End      Relocate Start    Relocate End   
[25.408s][info][gc,alloc    ] GC(22) y: Allocation Stalls:          1                1                1                1         
[25.408s][info][gc,load     ] GC(22) y: Load: 0.00 (0%) / 0.00 (0%) / 0.00 (0%)
[25.408s][info][gc,mmu      ] GC(22) y: MMU: 2ms/96.7%, 5ms/98.3%, 10ms/99.0%, 20ms/99.5%, 50ms/99.8%, 100ms/99.9%
[25.408s][info][gc,marking  ] GC(22) y: Mark: 2 stripe(s), 1 proactive flush(es), 1 terminate flush(es), 0 completion(s), 0 continuation(s) 
[25.408s][info][gc,nmethod  ] GC(22) y: NMethods: 303 registered, 11 unregistered
[25.408s][info][gc,metaspace] GC(22) y: Metaspace: 0M used, 0M committed, 1088M reserved
[25.408s][info][gc,heap     ] GC(22) y: Min Capacity: 8M(3%)
[25.408s][info][gc,heap     ] GC(22) y: Max Capacity: 256M(100%)
[25.408s][info][gc,heap     ] GC(22) y: Soft Max Capacity: 256M(100%)
[25.408s][info][gc,heap     ] GC(22) y: Heap Statistics:
[25.408s][info][gc,heap     ] GC(22) y:                Mark Start          Mark End        Relocate Start      Relocate End           High               Low         
[25.408s][info][gc,heap     ] GC(22) y:  Capacity:      256M (100%)        256M (100%)        256M (100%)        256M (100%)        256M (100%)        256M (100%)   
[25.408s][info][gc,heap     ] GC(22) y:      Free:        0M (0%)            0M (0%)            0M (0%)            0M (0%)            0M (0%)            0M (0%)     
[25.408s][info][gc,heap     ] GC(22) y:      Used:      256M (100%)        256M (100%)        256M (100%)        256M (100%)        256M (100%)        256M (100%)   
[25.408s][info][gc,heap     ] GC(22) y: Young Generation Statistics:
[25.408s][info][gc,heap     ] GC(22) y:                Mark Start          Mark End        Relocate Start      Relocate End    
[25.408s][info][gc,heap     ] GC(22) y:      Used:        0M (0%)            0M (0%)            0M (0%)            0M (0%)     
[25.408s][info][gc,heap     ] GC(22) y:      Live:         -                 0M (0%)            0M (0%)            0M (0%)     
[25.408s][info][gc,heap     ] GC(22) y:   Garbage:         -                 0M (0%)            0M (0%)            0M (0%)     
[25.408s][info][gc,heap     ] GC(22) y: Allocated:         -                 0M (0%)            0M (0%)            0M (0%)     
[25.408s][info][gc,heap     ] GC(22) y: Reclaimed:         -                  -                 0M (0%)            0M (0%)     
[25.408s][info][gc,heap     ] GC(22) y:  Promoted:         -                  -                 0M (0%)            0M (0%)     
[25.408s][info][gc,heap     ] GC(22) y: Compacted:         -                  -                  -                 0M (0%)     
[25.408s][info][gc,phases   ] GC(22) y: Young Generation 256M(100%)->256M(100%) 0.001s
[25.408s][info][gc          ] GC(22) Minor Collection (Allocation Stall) 256M(100%)->256M(100%) 0.001s
[25.408s][info][gc          ] GC(23) Major Collection (Allocation Stall)
[25.408s][info][gc,task     ] GC(23) Using 2 Workers for Young Generation
[25.408s][info][gc,task     ] GC(23) Using 2 Workers for Old Generation
[25.408s][info][gc,phases   ] GC(23) Y: Young Generation (Promote All)
[25.408s][info][gc,phases   ] GC(23) Y: Pause Mark Start 0.004ms
[25.409s][info][gc,phases   ] GC(23) Y: Concurrent Mark 0.832ms
[25.409s][info][gc,phases   ] GC(23) Y: Pause Mark End 0.006ms
[25.409s][info][gc,phases   ] GC(23) Y: Concurrent Mark Free 0.000ms
[25.409s][info][gc,phases   ] GC(23) Y: Concurrent Reset Relocation Set 0.000ms
[25.409s][info][gc,reloc    ] GC(23) Y: Using tenuring threshold: 0 (Promote All)
[25.409s][info][gc,phases   ] GC(23) Y: Concurrent Select Relocation Set 0.078ms
[25.409s][info][gc,phases   ] GC(23) Y: Pause Relocate Start 0.005ms
[25.409s][info][gc,phases   ] GC(23) Y: Concurrent Relocate 0.043ms
[25.409s][info][gc,alloc    ] GC(23) Y:                         Mark Start        Mark End      Relocate Start    Relocate End   
[25.409s][info][gc,alloc    ] GC(23) Y: Allocation Stalls:          1                1                1                1         
[25.409s][info][gc,load     ] GC(23) Y: Load: 0.00 (0%) / 0.00 (0%) / 0.00 (0%)
[25.409s][info][gc,mmu      ] GC(23) Y: MMU: 2ms/96.7%, 5ms/98.3%, 10ms/99.0%, 20ms/99.4%, 50ms/99.8%, 100ms/99.9%
[25.409s][info][gc,marking  ] GC(23) Y: Mark: 2 stripe(s), 1 proactive flush(es), 1 terminate flush(es), 0 completion(s), 0 continuation(s) 
[25.409s][info][gc,nmethod  ] GC(23) Y: NMethods: 303 registered, 11 unregistered
[25.409s][info][gc,metaspace] GC(23) Y: Metaspace: 0M used, 0M committed, 1088M reserved
[25.409s][info][gc,heap     ] GC(23) Y: Min Capacity: 8M(3%)
[25.409s][info][gc,heap     ] GC(23) Y: Max Capacity: 256M(100%)
[25.409s][info][gc,heap     ] GC(23) Y: Soft Max Capacity: 256M(100%)
[25.409s][info][gc,heap     ] GC(23) Y: Heap Statistics:
[25.409s][info][gc,heap     ] GC(23) Y:                Mark Start          Mark End        Relocate Start      Relocate End           High               Low         
[25.409s][info][gc,heap     ] GC(23) Y:  Capacity:      256M (100%)        256M (100%)        256M (100%)        256M (100%)        256M (100%)        256M (100%)   
[25.409s][info][gc,heap     ] GC(23) Y:      Free:        0M (0%)            0M (0%)            0M (0%)            0M (0%)            0M (0%)            0M (0%)     
[25.409s][info][gc,heap     ] GC(23) Y:      Used:      256M (100%)        256M (100%)        256M (100%)        256M (100%)        256M (100%)        256M (100%)   
[25.409s][info][gc,heap     ] GC(23) Y: Young Generation Statistics:
[25.409s][info][gc,heap     ] GC(23) Y:                Mark Start          Mark End        Relocate Start      Relocate End    
[25.409s][info][gc,heap     ] GC(23) Y:      Used:        0M (0%)            0M (0%)            0M (0%)            0M (0%)     
[25.409s][info][gc,heap     ] GC(23) Y:      Live:         -                 0M (0%)            0M (0%)            0M (0%)     
[25.409s][info][gc,heap     ] GC(23) Y:   Garbage:         -                 0M (0%)            0M (0%)            0M (0%)     
[25.409s][info][gc,heap     ] GC(23) Y: Allocated:         -                 0M (0%)            0M (0%)            0M (0%)     
[25.409s][info][gc,heap     ] GC(23) Y: Reclaimed:         -                  -                 0M (0%)            0M (0%)     
[25.409s][info][gc,heap     ] GC(23) Y:  Promoted:         -                  -                 0M (0%)            0M (0%)     
[25.409s][info][gc,heap     ] GC(23) Y: Compacted:         -                  -                  -                 0M (0%)     
[25.409s][info][gc,phases   ] GC(23) Y: Young Generation (Promote All) 256M(100%)->256M(100%) 0.001s
[25.409s][info][gc,phases   ] GC(23) Y: Young Generation (Collect Roots)
[25.409s][info][gc,phases   ] GC(23) Y: Pause Mark Start (Major) 0.005ms
[25.410s][info][gc,phases   ] GC(23) Y: Concurrent Mark 0.607ms
[25.410s][info][gc,phases   ] GC(23) Y: Pause Mark End 0.004ms
[25.410s][info][gc,phases   ] GC(23) Y: Concurrent Mark Free 0.000ms
[25.410s][info][gc,phases   ] GC(23) Y: Concurrent Reset Relocation Set 0.000ms
[25.410s][info][gc,reloc    ] GC(23) Y: Using tenuring threshold: 0 (Computed)
[25.410s][info][gc,phases   ] GC(23) Y: Concurrent Select Relocation Set 0.071ms
[25.410s][info][gc,phases   ] GC(23) Y: Pause Relocate Start 0.003ms
[25.410s][info][gc,phases   ] GC(23) Y: Concurrent Relocate 0.045ms
[25.410s][info][gc,alloc    ] GC(23) Y:                         Mark Start        Mark End      Relocate Start    Relocate End   
[25.410s][info][gc,alloc    ] GC(23) Y: Allocation Stalls:          1                1                1                1         
[25.410s][info][gc,load     ] GC(23) Y: Load: 0.00 (0%) / 0.00 (0%) / 0.00 (0%)
[25.410s][info][gc,mmu      ] GC(23) Y: MMU: 2ms/96.7%, 5ms/98.3%, 10ms/99.0%, 20ms/99.3%, 50ms/99.7%, 100ms/99.9%
[25.410s][info][gc,marking  ] GC(23) Y: Mark: 2 stripe(s), 1 proactive flush(es), 1 terminate flush(es), 0 completion(s), 0 continuation(s) 
[25.410s][info][gc,nmethod  ] GC(23) Y: NMethods: 303 registered, 11 unregistered
[25.410s][info][gc,metaspace] GC(23) Y: Metaspace: 0M used, 0M committed, 1088M reserved
[25.410s][info][gc,heap     ] GC(23) Y: Min Capacity: 8M(3%)
[25.410s][info][gc,heap     ] GC(23) Y: Max Capacity: 256M(100%)
[25.410s][info][gc,heap     ] GC(23) Y: Soft Max Capacity: 256M(100%)
[25.410s][info][gc,heap     ] GC(23) Y: Heap Statistics:
[25.410s][info][gc,heap     ] GC(23) Y:                Mark Start          Mark End        Relocate Start      Relocate End           High               Low         
[25.410s][info][gc,heap     ] GC(23) Y:  Capacity:      256M (100%)        256M (100%)        256M (100%)        256M (100%)        256M (100%)        256M (100%)   
[25.410s][info][gc,heap     ] GC(23) Y:      Free:        0M (0%)            0M (0%)            0M (0%)            0M (0%)            0M (0%)            0M (0%)     
[25.410s][info][gc,heap     ] GC(23) Y:      Used:      256M (100%)        256M (100%)        256M (100%)        256M (100%)        256M (100%)        256M (100%)   
[25.410s][info][gc,heap     ] GC(23) Y: Young Generation Statistics:
[25.410s][info][gc,heap     ] GC(23) Y:                Mark Start          Mark End        Relocate Start      Relocate End    
[25.410s][info][gc,heap     ] GC(23) Y:      Used:        0M (0%)            0M (0%)            0M (0%)            0M (0%)     
[25.410s][info][gc,heap     ] GC(23) Y:      Live:         -                 0M (0%)            0M (0%)            0M (0%)     
[25.410s][info][gc,heap     ] GC(23) Y:   Garbage:         -                 0M (0%)            0M (0%)            0M (0%)     
[25.410s][info][gc,heap     ] GC(23) Y: Allocated:         -                 0M (0%)            0M (0%)            0M (0%)     
[25.410s][info][gc,heap     ] GC(23) Y: Reclaimed:         -                  -                 0M (0%)            0M (0%)     
[25.410s][info][gc,heap     ] GC(23) Y:  Promoted:         -                  -                 0M (0%)            0M (0%)     
[25.410s][info][gc,heap     ] GC(23) Y: Compacted:         -                  -                  -                 0M (0%)     
[25.410s][info][gc,phases   ] GC(23) Y: Young Generation (Collect Roots) 256M(100%)->256M(100%) 0.001s
[25.410s][info][gc,phases   ] GC(23) O: Old Generation
[25.412s][info][gc,phases   ] GC(23) O: Concurrent Mark 1.395ms
[25.412s][info][gc,phases   ] GC(23) O: Pause Mark End 0.005ms
[25.412s][info][gc,phases   ] GC(23) O: Concurrent Mark Free 0.001ms
[25.412s][info][gc,ref      ] GC(23) O: Clearing All SoftReferences
[25.412s][info][gc,phases   ] GC(23) O: Concurrent Process Non-Strong 0.265ms
[25.412s][info][gc,phases   ] GC(23) O: Concurrent Reset Relocation Set 0.000ms
[25.412s][info][gc,phases   ] GC(23) O: Concurrent Select Relocation Set 0.041ms
[25.412s][info][gc,task     ] GC(23) O: Using 2 Workers for Old Generation
[25.412s][info][gc,task     ] GC(23) O: Using 2 Workers for Old Generation
[25.412s][info][gc,phases   ] GC(23) O: Concurrent Remap Roots 0.371ms
[25.412s][info][gc,phases   ] GC(23) O: Pause Relocate Start 0.007ms
[25.413s][info][gc,phases   ] GC(23) O: Concurrent Relocate 0.615ms
[25.413s][info][gc,alloc    ] GC(23) O:                         Mark Start        Mark End      Relocate Start    Relocate End   
[25.413s][info][gc,alloc    ] GC(23) O: Allocation Stalls:          1                1                1                1         
[25.413s][info][gc,load     ] GC(23) O: Load: 0.00 (0%) / 0.00 (0%) / 0.00 (0%)
[25.413s][info][gc,mmu      ] GC(23) O: MMU: 2ms/96.7%, 5ms/98.3%, 10ms/99.0%, 20ms/99.3%, 50ms/99.7%, 100ms/99.9%
[25.413s][info][gc,marking  ] GC(23) O: Mark: 2 stripe(s), 2 proactive flush(es), 1 terminate flush(es), 0 completion(s), 0 continuation(s) 
[25.413s][info][gc,nmethod  ] GC(23) O: NMethods: 303 registered, 11 unregistered
[25.413s][info][gc,metaspace] GC(23) O: Metaspace: 0M used, 0M committed, 1088M reserved
[25.413s][info][gc,ref      ] GC(23) O:                       Encountered   Discovered     Enqueued 
[25.413s][info][gc,ref      ] GC(23) O: Soft References:               42           19            0 
[25.413s][info][gc,ref      ] GC(23) O: Weak References:               86           37            0 
[25.413s][info][gc,ref      ] GC(23) O: Final References:               0            0            0 
[25.413s][info][gc,ref      ] GC(23) O: Phantom References:             1            1            0 
[25.413s][info][gc,reloc    ] GC(23) O:                        Candidates     Selected     In-Place         Size        Empty    Relocated 
[25.413s][info][gc,reloc    ] GC(23) O: Small Pages:                    2            1            2           4M           0M           1M 
[25.413s][info][gc,reloc    ] GC(23) O: Medium Pages:                   0            0            0           0M           0M           0M 
[25.413s][info][gc,reloc    ] GC(23) O: Large Pages:                  126            0            0         252M           0M           0M 
[25.413s][info][gc,reloc    ] GC(23) O: Forwarding Usage: 0M
[25.413s][info][gc,heap     ] GC(23) O: Min Capacity: 8M(3%)
[25.413s][info][gc,heap     ] GC(23) O: Max Capacity: 256M(100%)
[25.413s][info][gc,heap     ] GC(23) O: Soft Max Capacity: 256M(100%)
[25.413s][info][gc,heap     ] GC(23) O: Heap Statistics:
[25.413s][info][gc,heap     ] GC(23) O:                Mark Start          Mark End        Relocate Start      Relocate End           High               Low         
[25.413s][info][gc,heap     ] GC(23) O:  Capacity:      256M (100%)        256M (100%)        256M (100%)        256M (100%)        256M (100%)        256M (100%)   
[25.413s][info][gc,heap     ] GC(23) O:      Free:        0M (0%)            0M (0%)            0M (0%)            0M (0%)            0M (0%)            0M (0%)     
[25.413s][info][gc,heap     ] GC(23) O:      Used:      256M (100%)        256M (100%)        256M (100%)        256M (100%)        256M (100%)        256M (100%)   
[25.413s][info][gc,heap     ] GC(23) O: Old Generation Statistics:
[25.413s][info][gc,heap     ] GC(23) O:                Mark Start          Mark End        Relocate Start      Relocate End    
[25.413s][info][gc,heap     ] GC(23) O:      Used:      256M (100%)        256M (100%)        256M (100%)        256M (100%)   
[25.413s][info][gc,heap     ] GC(23) O:      Live:         -               253M (99%)         253M (99%)         253M (99%)    
[25.413s][info][gc,heap     ] GC(23) O:   Garbage:         -                 2M (1%)            2M (1%)            0M (0%)     
[25.413s][info][gc,heap     ] GC(23) O: Allocated:         -                 0M (0%)            0M (0%)            2M (1%)     
[25.413s][info][gc,heap     ] GC(23) O: Reclaimed:         -                  -                 0M (0%)            2M (1%)     
[25.413s][info][gc,heap     ] GC(23) O: Compacted:         -                  -                  -                 1M (1%)     
[25.413s][info][gc,phases   ] GC(23) O: Old Generation 256M(100%)->256M(100%) 0.003s
[25.413s][info][gc          ] GC(23) Major Collection (Allocation Stall) 256M(100%)->256M(100%) 0.006s
[25.413s][info][gc          ] Allocation Stall (main) 7.033ms
[25.413s][info][gc          ] Out Of Memory (main)
[25.414s][info][gc          ] GC(24) Minor Collection (Allocation Stall)
[25.414s][info][gc,task     ] GC(24) Using 2 Workers for Young Generation
[25.414s][info][gc,phases   ] GC(24) y: Young Generation
[25.414s][info][gc,phases   ] GC(24) y: Pause Mark Start 0.005ms
[25.414s][info][gc,phases   ] GC(24) y: Concurrent Mark 0.625ms
[25.414s][info][gc,phases   ] GC(24) y: Pause Mark End 0.005ms
[25.414s][info][gc,phases   ] GC(24) y: Concurrent Mark Free 0.000ms
[25.414s][info][gc,phases   ] GC(24) y: Concurrent Reset Relocation Set 0.000ms
[25.414s][info][gc,reloc    ] GC(24) y: Using tenuring threshold: 0 (Computed)
[25.414s][info][gc,phases   ] GC(24) y: Concurrent Select Relocation Set 0.078ms
[25.414s][info][gc,phases   ] GC(24) y: Pause Relocate Start 0.004ms
[25.415s][info][gc,phases   ] GC(24) y: Concurrent Relocate 0.043ms
[25.415s][info][gc,alloc    ] GC(24) y:                         Mark Start        Mark End      Relocate Start    Relocate End   
[25.415s][info][gc,alloc    ] GC(24) y: Allocation Stalls:          1                1                1                1         
[25.415s][info][gc,load     ] GC(24) y: Load: 0.00 (0%) / 0.00 (0%) / 0.00 (0%)
[25.415s][info][gc,mmu      ] GC(24) y: MMU: 2ms/96.7%, 5ms/98.3%, 10ms/99.0%, 20ms/99.2%, 50ms/99.7%, 100ms/99.8%
[25.415s][info][gc,marking  ] GC(24) y: Mark: 2 stripe(s), 1 proactive flush(es), 1 terminate flush(es), 0 completion(s), 0 continuation(s) 
[25.415s][info][gc,nmethod  ] GC(24) y: NMethods: 303 registered, 11 unregistered
[25.415s][info][gc,metaspace] GC(24) y: Metaspace: 0M used, 0M committed, 1088M reserved
[25.415s][info][gc,heap     ] GC(24) y: Min Capacity: 8M(3%)
[25.415s][info][gc,heap     ] GC(24) y: Max Capacity: 256M(100%)
[25.415s][info][gc,heap     ] GC(24) y: Soft Max Capacity: 256M(100%)
[25.415s][info][gc,heap     ] GC(24) y: Heap Statistics:
[25.415s][info][gc,heap     ] GC(24) y:                Mark Start          Mark End        Relocate Start      Relocate End           High               Low         
[25.415s][info][gc,heap     ] GC(24) y:  Capacity:      256M (100%)        256M (100%)        256M (100%)        256M (100%)        256M (100%)        256M (100%)   
[25.415s][info][gc,heap     ] GC(24) y:      Free:        0M (0%)            0M (0%)            0M (0%)            0M (0%)            0M (0%)            0M (0%)     
[25.415s][info][gc,heap     ] GC(24) y:      Used:      256M (100%)        256M (100%)        256M (100%)        256M (100%)        256M (100%)        256M (100%)   
[25.415s][info][gc,heap     ] GC(24) y: Young Generation Statistics:
[25.415s][info][gc,heap     ] GC(24) y:                Mark Start          Mark End        Relocate Start      Relocate End    
[25.415s][info][gc,heap     ] GC(24) y:      Used:        0M (0%)            0M (0%)            0M (0%)            0M (0%)     
[25.415s][info][gc,heap     ] GC(24) y:      Live:         -                 0M (0%)            0M (0%)            0M (0%)     
[25.415s][info][gc,heap     ] GC(24) y:   Garbage:         -                 0M (0%)            0M (0%)            0M (0%)     
[25.415s][info][gc,heap     ] GC(24) y: Allocated:         -                 0M (0%)            0M (0%)            0M (0%)     
[25.415s][info][gc,heap     ] GC(24) y: Reclaimed:         -                  -                 0M (0%)            0M (0%)     
[25.415s][info][gc,heap     ] GC(24) y:  Promoted:         -                  -                 0M (0%)            0M (0%)     
[25.415s][info][gc,heap     ] GC(24) y: Compacted:         -                  -                  -                 0M (0%)     
[25.415s][info][gc,phases   ] GC(24) y: Young Generation 256M(100%)->256M(100%) 0.001s
[25.415s][info][gc          ] GC(24) Minor Collection (Allocation Stall) 256M(100%)->256M(100%) 0.001s
[25.415s][info][gc          ] GC(25) Major Collection (Allocation Stall)
[25.415s][info][gc,task     ] GC(25) Using 2 Workers for Young Generation
[25.415s][info][gc,task     ] GC(25) Using 2 Workers for Old Generation
[25.415s][info][gc,phases   ] GC(25) Y: Young Generation (Promote All)
[25.415s][info][gc,phases   ] GC(25) Y: Pause Mark Start 0.004ms
[25.415s][info][gc,phases   ] GC(25) Y: Concurrent Mark 0.510ms
[25.415s][info][gc,phases   ] GC(25) Y: Pause Mark End 0.006ms
[25.415s][info][gc,phases   ] GC(25) Y: Concurrent Mark Free 0.000ms
[25.415s][info][gc,phases   ] GC(25) Y: Concurrent Reset Relocation Set 0.000ms
[25.415s][info][gc,reloc    ] GC(25) Y: Using tenuring threshold: 0 (Promote All)
[25.415s][info][gc,phases   ] GC(25) Y: Concurrent Select Relocation Set 0.067ms
[25.416s][info][gc,phases   ] GC(25) Y: Pause Relocate Start 0.003ms
[25.416s][info][gc,phases   ] GC(25) Y: Concurrent Relocate 0.069ms
[25.416s][info][gc,alloc    ] GC(25) Y:                         Mark Start        Mark End      Relocate Start    Relocate End   
[25.416s][info][gc,alloc    ] GC(25) Y: Allocation Stalls:          1                1                1                1         
[25.416s][info][gc,load     ] GC(25) Y: Load: 0.00 (0%) / 0.00 (0%) / 0.00 (0%)
[25.416s][info][gc,mmu      ] GC(25) Y: MMU: 2ms/96.7%, 5ms/98.3%, 10ms/99.0%, 20ms/99.1%, 50ms/99.7%, 100ms/99.8%
[25.416s][info][gc,marking  ] GC(25) Y: Mark: 2 stripe(s), 1 proactive flush(es), 1 terminate flush(es), 0 completion(s), 0 continuation(s) 
[25.416s][info][gc,nmethod  ] GC(25) Y: NMethods: 303 registered, 11 unregistered
[25.416s][info][gc,metaspace] GC(25) Y: Metaspace: 0M used, 0M committed, 1088M reserved
[25.416s][info][gc,heap     ] GC(25) Y: Min Capacity: 8M(3%)
[25.416s][info][gc,heap     ] GC(25) Y: Max Capacity: 256M(100%)
[25.416s][info][gc,heap     ] GC(25) Y: Soft Max Capacity: 256M(100%)
[25.416s][info][gc,heap     ] GC(25) Y: Heap Statistics:
[25.416s][info][gc,heap     ] GC(25) Y:                Mark Start          Mark End        Relocate Start      Relocate End           High               Low         
[25.416s][info][gc,heap     ] GC(25) Y:  Capacity:      256M (100%)        256M (100%)        256M (100%)        256M (100%)        256M (100%)        256M (100%)   
[25.416s][info][gc,heap     ] GC(25) Y:      Free:        0M (0%)            0M (0%)            0M (0%)            0M (0%)            0M (0%)            0M (0%)     
[25.416s][info][gc,heap     ] GC(25) Y:      Used:      256M (100%)        256M (100%)        256M (100%)        256M (100%)        256M (100%)        256M (100%)   
[25.416s][info][gc,heap     ] GC(25) Y: Young Generation Statistics:
[25.416s][info][gc,heap     ] GC(25) Y:                Mark Start          Mark End        Relocate Start      Relocate End    
[25.416s][info][gc,heap     ] GC(25) Y:      Used:        0M (0%)            0M (0%)            0M (0%)            0M (0%)     
[25.416s][info][gc,heap     ] GC(25) Y:      Live:         -                 0M (0%)            0M (0%)            0M (0%)     
[25.416s][info][gc,heap     ] GC(25) Y:   Garbage:         -                 0M (0%)            0M (0%)            0M (0%)     
[25.416s][info][gc,heap     ] GC(25) Y: Allocated:         -                 0M (0%)            0M (0%)            0M (0%)     
[25.416s][info][gc,heap     ] GC(25) Y: Reclaimed:         -                  -                 0M (0%)            0M (0%)     
[25.416s][info][gc,heap     ] GC(25) Y:  Promoted:         -                  -                 0M (0%)            0M (0%)     
[25.416s][info][gc,heap     ] GC(25) Y: Compacted:         -                  -                  -                 0M (0%)     
[25.416s][info][gc,phases   ] GC(25) Y: Young Generation (Promote All) 256M(100%)->256M(100%) 0.001s
[25.416s][info][gc,phases   ] GC(25) Y: Young Generation (Collect Roots)
[25.416s][info][gc,phases   ] GC(25) Y: Pause Mark Start (Major) 0.005ms
[25.416s][info][gc,phases   ] GC(25) Y: Concurrent Mark 0.574ms
[25.416s][info][gc,phases   ] GC(25) Y: Pause Mark End 0.006ms
[25.416s][info][gc,phases   ] GC(25) Y: Concurrent Mark Free 0.001ms
[25.416s][info][gc,phases   ] GC(25) Y: Concurrent Reset Relocation Set 0.000ms
[25.417s][info][gc,reloc    ] GC(25) Y: Using tenuring threshold: 0 (Computed)
[25.417s][info][gc,phases   ] GC(25) Y: Concurrent Select Relocation Set 0.088ms
[25.417s][info][gc,phases   ] GC(25) Y: Pause Relocate Start 0.004ms
[25.417s][info][gc,phases   ] GC(25) Y: Concurrent Relocate 0.045ms
[25.417s][info][gc,alloc    ] GC(25) Y:                         Mark Start        Mark End      Relocate Start    Relocate End   
[25.417s][info][gc,alloc    ] GC(25) Y: Allocation Stalls:          1                1                1                1         
[25.417s][info][gc,load     ] GC(25) Y: Load: 0.00 (0%) / 0.00 (0%) / 0.00 (0%)
[25.417s][info][gc,mmu      ] GC(25) Y: MMU: 2ms/96.7%, 5ms/98.3%, 10ms/99.0%, 20ms/99.1%, 50ms/99.6%, 100ms/99.8%
[25.417s][info][gc,marking  ] GC(25) Y: Mark: 2 stripe(s), 1 proactive flush(es), 1 terminate flush(es), 0 completion(s), 0 continuation(s) 
[25.417s][info][gc,nmethod  ] GC(25) Y: NMethods: 303 registered, 11 unregistered
[25.417s][info][gc,metaspace] GC(25) Y: Metaspace: 0M used, 0M committed, 1088M reserved
[25.417s][info][gc,heap     ] GC(25) Y: Min Capacity: 8M(3%)
[25.417s][info][gc,heap     ] GC(25) Y: Max Capacity: 256M(100%)
[25.417s][info][gc,heap     ] GC(25) Y: Soft Max Capacity: 256M(100%)
[25.417s][info][gc,heap     ] GC(25) Y: Heap Statistics:
[25.417s][info][gc,heap     ] GC(25) Y:                Mark Start          Mark End        Relocate Start      Relocate End           High               Low         
[25.417s][info][gc,heap     ] GC(25) Y:  Capacity:      256M (100%)        256M (100%)        256M (100%)        256M (100%)        256M (100%)        256M (100%)   
[25.417s][info][gc,heap     ] GC(25) Y:      Free:        0M (0%)            0M (0%)            0M (0%)            0M (0%)            0M (0%)            0M (0%)     
[25.417s][info][gc,heap     ] GC(25) Y:      Used:      256M (100%)        256M (100%)        256M (100%)        256M (100%)        256M (100%)        256M (100%)   
[25.417s][info][gc,heap     ] GC(25) Y: Young Generation Statistics:
[25.417s][info][gc,heap     ] GC(25) Y:                Mark Start          Mark End        Relocate Start      Relocate End    
[25.417s][info][gc,heap     ] GC(25) Y:      Used:        0M (0%)            0M (0%)            0M (0%)            0M (0%)     
[25.417s][info][gc,heap     ] GC(25) Y:      Live:         -                 0M (0%)            0M (0%)            0M (0%)     
[25.417s][info][gc,heap     ] GC(25) Y:   Garbage:         -                 0M (0%)            0M (0%)            0M (0%)     
[25.417s][info][gc,heap     ] GC(25) Y: Allocated:         -                 0M (0%)            0M (0%)            0M (0%)     
[25.417s][info][gc,heap     ] GC(25) Y: Reclaimed:         -                  -                 0M (0%)            0M (0%)     
[25.417s][info][gc,heap     ] GC(25) Y:  Promoted:         -                  -                 0M (0%)            0M (0%)     
[25.417s][info][gc,heap     ] GC(25) Y: Compacted:         -                  -                  -                 0M (0%)     
[25.417s][info][gc,phases   ] GC(25) Y: Young Generation (Collect Roots) 256M(100%)->256M(100%) 0.001s
[25.417s][info][gc,phases   ] GC(25) O: Old Generation
[25.418s][info][gc,phases   ] GC(25) O: Concurrent Mark 1.339ms
[25.418s][info][gc,phases   ] GC(25) O: Pause Mark End 0.006ms
[25.418s][info][gc,phases   ] GC(25) O: Concurrent Mark Free 0.002ms
[25.418s][info][gc,ref      ] GC(25) O: Clearing All SoftReferences
[25.419s][info][gc,phases   ] GC(25) O: Concurrent Process Non-Strong 0.267ms
[25.419s][info][gc,phases   ] GC(25) O: Concurrent Reset Relocation Set 0.000ms
[25.419s][info][gc,phases   ] GC(25) O: Concurrent Select Relocation Set 0.065ms
[25.419s][info][gc,task     ] GC(25) O: Using 2 Workers for Old Generation
[25.419s][info][gc,task     ] GC(25) O: Using 2 Workers for Old Generation
[25.419s][info][gc,phases   ] GC(25) O: Concurrent Remap Roots 0.342ms
[25.419s][info][gc,phases   ] GC(25) O: Pause Relocate Start 0.006ms
[25.420s][info][gc,phases   ] GC(25) O: Concurrent Relocate 1.020ms
[25.420s][info][gc,alloc    ] GC(25) O:                         Mark Start        Mark End      Relocate Start    Relocate End   
[25.420s][info][gc,alloc    ] GC(25) O: Allocation Stalls:          1                1                1                1         
[25.420s][info][gc,load     ] GC(25) O: Load: 0.00 (0%) / 0.00 (0%) / 0.00 (0%)
[25.420s][info][gc,mmu      ] GC(25) O: MMU: 2ms/96.7%, 5ms/98.3%, 10ms/99.0%, 20ms/99.1%, 50ms/99.6%, 100ms/99.8%
[25.420s][info][gc,marking  ] GC(25) O: Mark: 2 stripe(s), 1 proactive flush(es), 1 terminate flush(es), 0 completion(s), 0 continuation(s) 
[25.420s][info][gc,nmethod  ] GC(25) O: NMethods: 303 registered, 11 unregistered
[25.420s][info][gc,metaspace] GC(25) O: Metaspace: 0M used, 0M committed, 1088M reserved
[25.420s][info][gc,ref      ] GC(25) O:                       Encountered   Discovered     Enqueued 
[25.420s][info][gc,ref      ] GC(25) O: Soft References:               42           21            0 
[25.420s][info][gc,ref      ] GC(25) O: Weak References:               86           42            0 
[25.420s][info][gc,ref      ] GC(25) O: Final References:               0            0            0 
[25.420s][info][gc,ref      ] GC(25) O: Phantom References:             1            1            0 
[25.420s][info][gc,reloc    ] GC(25) O:                        Candidates     Selected     In-Place         Size        Empty    Relocated 
[25.420s][info][gc,reloc    ] GC(25) O: Small Pages:                    2            1            2           4M           0M           1M 
[25.420s][info][gc,reloc    ] GC(25) O: Medium Pages:                   0            0            0           0M           0M           0M 
[25.420s][info][gc,reloc    ] GC(25) O: Large Pages:                  126            0            0         252M           0M           0M 
[25.420s][info][gc,reloc    ] GC(25) O: Forwarding Usage: 0M
[25.420s][info][gc,heap     ] GC(25) O: Min Capacity: 8M(3%)
[25.420s][info][gc,heap     ] GC(25) O: Max Capacity: 256M(100%)
[25.420s][info][gc,heap     ] GC(25) O: Soft Max Capacity: 256M(100%)
[25.420s][info][gc,heap     ] GC(25) O: Heap Statistics:
[25.420s][info][gc,heap     ] GC(25) O:                Mark Start          Mark End        Relocate Start      Relocate End           High               Low         
[25.420s][info][gc,heap     ] GC(25) O:  Capacity:      256M (100%)        256M (100%)        256M (100%)        256M (100%)        256M (100%)        256M (100%)   
[25.420s][info][gc,heap     ] GC(25) O:      Free:        0M (0%)            0M (0%)            0M (0%)            0M (0%)            0M (0%)            0M (0%)     
[25.420s][info][gc,heap     ] GC(25) O:      Used:      256M (100%)        256M (100%)        256M (100%)        256M (100%)        256M (100%)        256M (100%)   
[25.420s][info][gc,heap     ] GC(25) O: Old Generation Statistics:
[25.420s][info][gc,heap     ] GC(25) O:                Mark Start          Mark End        Relocate Start      Relocate End    
[25.420s][info][gc,heap     ] GC(25) O:      Used:      256M (100%)        256M (100%)        256M (100%)        256M (100%)   
[25.420s][info][gc,heap     ] GC(25) O:      Live:         -               253M (99%)         253M (99%)         253M (99%)    
[25.420s][info][gc,heap     ] GC(25) O:   Garbage:         -                 2M (1%)            2M (1%)            0M (0%)     
[25.420s][info][gc,heap     ] GC(25) O: Allocated:         -                 0M (0%)            0M (0%)            2M (1%)     
[25.420s][info][gc,heap     ] GC(25) O: Reclaimed:         -                  -                 0M (0%)            2M (1%)     
[25.420s][info][gc,heap     ] GC(25) O: Compacted:         -                  -                  -                 1M (1%)     
[25.420s][info][gc,phases   ] GC(25) O: Old Generation 256M(100%)->256M(100%) 0.003s
[25.420s][info][gc          ] GC(25) Major Collection (Allocation Stall) 256M(100%)->256M(100%) 0.006s
[25.420s][info][gc          ] Allocation Stall (main) 6.824ms
[25.420s][info][gc          ] GC(26) Minor Collection (Allocation Stall)
[25.420s][info][gc,task     ] GC(26) Using 2 Workers for Young Generation
[25.420s][info][gc,phases   ] GC(26) y: Young Generation
[25.420s][info][gc,phases   ] GC(26) y: Pause Mark Start 0.006ms
[25.421s][info][gc,phases   ] GC(26) y: Concurrent Mark 0.755ms
[25.421s][info][gc,phases   ] GC(26) y: Pause Mark End 0.008ms
[25.421s][info][gc,phases   ] GC(26) y: Concurrent Mark Free 0.001ms
[25.421s][info][gc,phases   ] GC(26) y: Concurrent Reset Relocation Set 0.000ms
[25.421s][info][gc,reloc    ] GC(26) y: Using tenuring threshold: 0 (Computed)
[25.421s][info][gc,phases   ] GC(26) y: Concurrent Select Relocation Set 0.094ms
[25.421s][info][gc,phases   ] GC(26) y: Pause Relocate Start 0.004ms
[25.422s][info][gc,phases   ] GC(26) y: Concurrent Relocate 0.046ms
[25.422s][info][gc,alloc    ] GC(26) y:                         Mark Start        Mark End      Relocate Start    Relocate End   
[25.422s][info][gc,alloc    ] GC(26) y: Allocation Stalls:          1                1                1                1         
[25.422s][info][gc,load     ] GC(26) y: Load: 0.00 (0%) / 0.00 (0%) / 0.00 (0%)
[25.422s][info][gc,mmu      ] GC(26) y: MMU: 2ms/96.7%, 5ms/98.3%, 10ms/99.0%, 20ms/99.1%, 50ms/99.6%, 100ms/99.8%
[25.422s][info][gc,marking  ] GC(26) y: Mark: 2 stripe(s), 1 proactive flush(es), 1 terminate flush(es), 0 completion(s), 0 continuation(s) 
[25.422s][info][gc,nmethod  ] GC(26) y: NMethods: 303 registered, 11 unregistered
[25.422s][info][gc,metaspace] GC(26) y: Metaspace: 0M used, 0M committed, 1088M reserved
[25.422s][info][gc,heap     ] GC(26) y: Min Capacity: 8M(3%)
[25.422s][info][gc,heap     ] GC(26) y: Max Capacity: 256M(100%)
[25.422s][info][gc,heap     ] GC(26) y: Soft Max Capacity: 256M(100%)
[25.422s][info][gc,heap     ] GC(26) y: Heap Statistics:
[25.422s][info][gc,heap     ] GC(26) y:                Mark Start          Mark End        Relocate Start      Relocate End           High               Low         
[25.422s][info][gc,heap     ] GC(26) y:  Capacity:      256M (100%)        256M (100%)        256M (100%)        256M (100%)        256M (100%)        256M (100%)   
[25.422s][info][gc,heap     ] GC(26) y:      Free:        0M (0%)            0M (0%)            0M (0%)            0M (0%)            0M (0%)            0M (0%)     
[25.422s][info][gc,heap     ] GC(26) y:      Used:      256M (100%)        256M (100%)        256M (100%)        256M (100%)        256M (100%)        256M (100%)   
[25.422s][info][gc,heap     ] GC(26) y: Young Generation Statistics:
[25.422s][info][gc,heap     ] GC(26) y:                Mark Start          Mark End        Relocate Start      Relocate End    
[25.422s][info][gc,heap     ] GC(26) y:      Used:        0M (0%)            0M (0%)            0M (0%)            0M (0%)     
[25.422s][info][gc,heap     ] GC(26) y:      Live:         -                 0M (0%)            0M (0%)            0M (0%)     
[25.422s][info][gc,heap     ] GC(26) y:   Garbage:         -                 0M (0%)            0M (0%)            0M (0%)     
[25.422s][info][gc,heap     ] GC(26) y: Allocated:         -                 0M (0%)            0M (0%)            0M (0%)     
[25.422s][info][gc,heap     ] GC(26) y: Reclaimed:         -                  -                 0M (0%)            0M (0%)     
[25.422s][info][gc,heap     ] GC(26) y:  Promoted:         -                  -                 0M (0%)            0M (0%)     
[25.422s][info][gc,heap     ] GC(26) y: Compacted:         -                  -                  -                 0M (0%)     
[25.422s][info][gc,phases   ] GC(26) y: Young Generation 256M(100%)->256M(100%) 0.001s
[25.422s][info][gc          ] GC(26) Minor Collection (Allocation Stall) 256M(100%)->256M(100%) 0.001s
[25.422s][info][gc          ] GC(27) Major Collection (Allocation Stall)
[25.422s][info][gc,task     ] GC(27) Using 2 Workers for Young Generation
[25.422s][info][gc,task     ] GC(27) Using 2 Workers for Old Generation
[25.422s][info][gc,phases   ] GC(27) Y: Young Generation (Promote All)
[25.422s][info][gc,phases   ] GC(27) Y: Pause Mark Start 0.006ms
[25.422s][info][gc,phases   ] GC(27) Y: Concurrent Mark 0.570ms
[25.422s][info][gc,phases   ] GC(27) Y: Pause Mark End 0.005ms
[25.422s][info][gc,phases   ] GC(27) Y: Concurrent Mark Free 0.001ms
[25.422s][info][gc,phases   ] GC(27) Y: Concurrent Reset Relocation Set 0.000ms
[25.422s][info][gc,reloc    ] GC(27) Y: Using tenuring threshold: 0 (Promote All)
[25.423s][info][gc,phases   ] GC(27) Y: Concurrent Select Relocation Set 0.076ms
[25.423s][info][gc,phases   ] GC(27) Y: Pause Relocate Start 0.005ms
[25.423s][info][gc,phases   ] GC(27) Y: Concurrent Relocate 0.084ms
[25.423s][info][gc,alloc    ] GC(27) Y:                         Mark Start        Mark End      Relocate Start    Relocate End   
[25.423s][info][gc,alloc    ] GC(27) Y: Allocation Stalls:          1                1                1                1         
[25.423s][info][gc,load     ] GC(27) Y: Load: 0.00 (0%) / 0.00 (0%) / 0.00 (0%)
[25.423s][info][gc,mmu      ] GC(27) Y: MMU: 2ms/96.7%, 5ms/98.3%, 10ms/99.0%, 20ms/99.1%, 50ms/99.5%, 100ms/99.8%
[25.423s][info][gc,marking  ] GC(27) Y: Mark: 2 stripe(s), 1 proactive flush(es), 1 terminate flush(es), 0 completion(s), 0 continuation(s) 
[25.423s][info][gc,nmethod  ] GC(27) Y: NMethods: 303 registered, 11 unregistered
[25.423s][info][gc,metaspace] GC(27) Y: Metaspace: 0M used, 0M committed, 1088M reserved
[25.423s][info][gc,heap     ] GC(27) Y: Min Capacity: 8M(3%)
[25.423s][info][gc,heap     ] GC(27) Y: Max Capacity: 256M(100%)
[25.423s][info][gc,heap     ] GC(27) Y: Soft Max Capacity: 256M(100%)
[25.423s][info][gc,heap     ] GC(27) Y: Heap Statistics:
[25.423s][info][gc,heap     ] GC(27) Y:                Mark Start          Mark End        Relocate Start      Relocate End           High               Low         
[25.423s][info][gc,heap     ] GC(27) Y:  Capacity:      256M (100%)        256M (100%)        256M (100%)        256M (100%)        256M (100%)        256M (100%)   
[25.423s][info][gc,heap     ] GC(27) Y:      Free:        0M (0%)            0M (0%)            0M (0%)            0M (0%)            0M (0%)            0M (0%)     
[25.423s][info][gc,heap     ] GC(27) Y:      Used:      256M (100%)        256M (100%)        256M (100%)        256M (100%)        256M (100%)        256M (100%)   
[25.423s][info][gc,heap     ] GC(27) Y: Young Generation Statistics:
[25.423s][info][gc,heap     ] GC(27) Y:                Mark Start          Mark End        Relocate Start      Relocate End    
[25.423s][info][gc,heap     ] GC(27) Y:      Used:        0M (0%)            0M (0%)            0M (0%)            0M (0%)     
[25.423s][info][gc,heap     ] GC(27) Y:      Live:         -                 0M (0%)            0M (0%)            0M (0%)     
[25.423s][info][gc,heap     ] GC(27) Y:   Garbage:         -                 0M (0%)            0M (0%)            0M (0%)     
[25.423s][info][gc,heap     ] GC(27) Y: Allocated:         -                 0M (0%)            0M (0%)            0M (0%)     
[25.423s][info][gc,heap     ] GC(27) Y: Reclaimed:         -                  -                 0M (0%)            0M (0%)     
[25.423s][info][gc,heap     ] GC(27) Y:  Promoted:         -                  -                 0M (0%)            0M (0%)     
[25.423s][info][gc,heap     ] GC(27) Y: Compacted:         -                  -                  -                 0M (0%)     
[25.423s][info][gc,phases   ] GC(27) Y: Young Generation (Promote All) 256M(100%)->256M(100%) 0.001s
[25.423s][info][gc,phases   ] GC(27) Y: Young Generation (Collect Roots)
[25.423s][info][gc,phases   ] GC(27) Y: Pause Mark Start (Major) 0.008ms
[25.424s][info][gc,phases   ] GC(27) Y: Concurrent Mark 0.779ms
[25.424s][info][gc,phases   ] GC(27) Y: Pause Mark End 0.011ms
[25.424s][info][gc,phases   ] GC(27) Y: Concurrent Mark Free 0.000ms
[25.424s][info][gc,phases   ] GC(27) Y: Concurrent Reset Relocation Set 0.000ms
[25.424s][info][gc,reloc    ] GC(27) Y: Using tenuring threshold: 0 (Computed)
[25.424s][info][gc,phases   ] GC(27) Y: Concurrent Select Relocation Set 0.107ms
[25.424s][info][gc,phases   ] GC(27) Y: Pause Relocate Start 0.005ms
[25.424s][info][gc,phases   ] GC(27) Y: Concurrent Relocate 0.043ms
[25.424s][info][gc,alloc    ] GC(27) Y:                         Mark Start        Mark End      Relocate Start    Relocate End   
[25.424s][info][gc,alloc    ] GC(27) Y: Allocation Stalls:          1                1                1                1         
[25.424s][info][gc,load     ] GC(27) Y: Load: 0.00 (0%) / 0.00 (0%) / 0.00 (0%)
[25.424s][info][gc,mmu      ] GC(27) Y: MMU: 2ms/96.7%, 5ms/98.3%, 10ms/98.9%, 20ms/99.1%, 50ms/99.5%, 100ms/99.7%
[25.424s][info][gc,marking  ] GC(27) Y: Mark: 2 stripe(s), 1 proactive flush(es), 1 terminate flush(es), 0 completion(s), 0 continuation(s) 
[25.424s][info][gc,nmethod  ] GC(27) Y: NMethods: 303 registered, 11 unregistered
[25.424s][info][gc,metaspace] GC(27) Y: Metaspace: 0M used, 0M committed, 1088M reserved
[25.424s][info][gc,heap     ] GC(27) Y: Min Capacity: 8M(3%)
[25.424s][info][gc,heap     ] GC(27) Y: Max Capacity: 256M(100%)
[25.424s][info][gc,heap     ] GC(27) Y: Soft Max Capacity: 256M(100%)
[25.424s][info][gc,heap     ] GC(27) Y: Heap Statistics:
[25.424s][info][gc,heap     ] GC(27) Y:                Mark Start          Mark End        Relocate Start      Relocate End           High               Low         
[25.424s][info][gc,heap     ] GC(27) Y:  Capacity:      256M (100%)        256M (100%)        256M (100%)        256M (100%)        256M (100%)        256M (100%)   
[25.424s][info][gc,heap     ] GC(27) Y:      Free:        0M (0%)            0M (0%)            0M (0%)            0M (0%)            0M (0%)            0M (0%)     
[25.424s][info][gc,heap     ] GC(27) Y:      Used:      256M (100%)        256M (100%)        256M (100%)        256M (100%)        256M (100%)        256M (100%)   
[25.424s][info][gc,heap     ] GC(27) Y: Young Generation Statistics:
[25.424s][info][gc,heap     ] GC(27) Y:                Mark Start          Mark End        Relocate Start      Relocate End    
[25.424s][info][gc,heap     ] GC(27) Y:      Used:        0M (0%)            0M (0%)            0M (0%)            0M (0%)     
[25.424s][info][gc,heap     ] GC(27) Y:      Live:         -                 0M (0%)            0M (0%)            0M (0%)     
[25.424s][info][gc,heap     ] GC(27) Y:   Garbage:         -                 0M (0%)            0M (0%)            0M (0%)     
[25.424s][info][gc,heap     ] GC(27) Y: Allocated:         -                 0M (0%)            0M (0%)            0M (0%)     
[25.424s][info][gc,heap     ] GC(27) Y: Reclaimed:         -                  -                 0M (0%)            0M (0%)     
[25.424s][info][gc,heap     ] GC(27) Y:  Promoted:         -                  -                 0M (0%)            0M (0%)     
[25.424s][info][gc,heap     ] GC(27) Y: Compacted:         -                  -                  -                 0M (0%)     
[25.424s][info][gc,phases   ] GC(27) Y: Young Generation (Collect Roots) 256M(100%)->256M(100%) 0.001s
[25.424s][info][gc,phases   ] GC(27) O: Old Generation
[25.426s][info][gc,phases   ] GC(27) O: Concurrent Mark 1.540ms
[25.426s][info][gc,phases   ] GC(27) O: Pause Mark End 0.006ms
[25.426s][info][gc,phases   ] GC(27) O: Concurrent Mark Free 0.002ms
[25.426s][info][gc,ref      ] GC(27) O: Clearing All SoftReferences
[25.426s][info][gc,phases   ] GC(27) O: Concurrent Process Non-Strong 0.288ms
[25.426s][info][gc,phases   ] GC(27) O: Concurrent Reset Relocation Set 0.000ms
[25.426s][info][gc,phases   ] GC(27) O: Concurrent Select Relocation Set 0.048ms
[25.426s][info][gc,task     ] GC(27) O: Using 2 Workers for Old Generation
[25.427s][info][gc,task     ] GC(27) O: Using 2 Workers for Old Generation
[25.427s][info][gc,phases   ] GC(27) O: Concurrent Remap Roots 0.393ms
[25.427s][info][gc,phases   ] GC(27) O: Pause Relocate Start 0.004ms
[25.428s][info][gc,phases   ] GC(27) O: Concurrent Relocate 1.019ms
[25.428s][info][gc,alloc    ] GC(27) O:                         Mark Start        Mark End      Relocate Start    Relocate End   
[25.428s][info][gc,alloc    ] GC(27) O: Allocation Stalls:          1                1                1                1         
[25.428s][info][gc,load     ] GC(27) O: Load: 0.00 (0%) / 0.00 (0%) / 0.00 (0%)
[25.428s][info][gc,mmu      ] GC(27) O: MMU: 2ms/96.7%, 5ms/98.3%, 10ms/98.9%, 20ms/99.1%, 50ms/99.5%, 100ms/99.7%
[25.428s][info][gc,marking  ] GC(27) O: Mark: 2 stripe(s), 1 proactive flush(es), 1 terminate flush(es), 0 completion(s), 0 continuation(s) 
[25.428s][info][gc,nmethod  ] GC(27) O: NMethods: 303 registered, 11 unregistered
[25.428s][info][gc,metaspace] GC(27) O: Metaspace: 0M used, 0M committed, 1088M reserved
[25.428s][info][gc,ref      ] GC(27) O:                       Encountered   Discovered     Enqueued 
[25.428s][info][gc,ref      ] GC(27) O: Soft References:               42            9            0 
[25.428s][info][gc,ref      ] GC(27) O: Weak References:               86           23            0 
[25.428s][info][gc,ref      ] GC(27) O: Final References:               0            0            0 
[25.428s][info][gc,ref      ] GC(27) O: Phantom References:             1            1            0 
[25.428s][info][gc,reloc    ] GC(27) O:                        Candidates     Selected     In-Place         Size        Empty    Relocated 
[25.428s][info][gc,reloc    ] GC(27) O: Small Pages:                    2            1            2           4M           0M           1M 
[25.428s][info][gc,reloc    ] GC(27) O: Medium Pages:                   0            0            0           0M           0M           0M 
[25.428s][info][gc,reloc    ] GC(27) O: Large Pages:                  126            0            0         252M           0M           0M 
[25.428s][info][gc,reloc    ] GC(27) O: Forwarding Usage: 0M
[25.428s][info][gc,heap     ] GC(27) O: Min Capacity: 8M(3%)
[25.428s][info][gc,heap     ] GC(27) O: Max Capacity: 256M(100%)
[25.428s][info][gc,heap     ] GC(27) O: Soft Max Capacity: 256M(100%)
[25.428s][info][gc,heap     ] GC(27) O: Heap Statistics:
[25.428s][info][gc,heap     ] GC(27) O:                Mark Start          Mark End        Relocate Start      Relocate End           High               Low         
[25.428s][info][gc,heap     ] GC(27) O:  Capacity:      256M (100%)        256M (100%)        256M (100%)        256M (100%)        256M (100%)        256M (100%)   
[25.428s][info][gc,heap     ] GC(27) O:      Free:        0M (0%)            0M (0%)            0M (0%)            0M (0%)            0M (0%)            0M (0%)     
[25.428s][info][gc,heap     ] GC(27) O:      Used:      256M (100%)        256M (100%)        256M (100%)        256M (100%)        256M (100%)        256M (100%)   
[25.428s][info][gc,heap     ] GC(27) O: Old Generation Statistics:
[25.428s][info][gc,heap     ] GC(27) O:                Mark Start          Mark End        Relocate Start      Relocate End    
[25.428s][info][gc,heap     ] GC(27) O:      Used:      256M (100%)        256M (100%)        256M (100%)        256M (100%)   
[25.428s][info][gc,heap     ] GC(27) O:      Live:         -               253M (99%)         253M (99%)         253M (99%)    
[25.428s][info][gc,heap     ] GC(27) O:   Garbage:         -                 2M (1%)            2M (1%)            0M (0%)     
[25.428s][info][gc,heap     ] GC(27) O: Allocated:         -                 0M (0%)            0M (0%)            2M (1%)     
[25.428s][info][gc,heap     ] GC(27) O: Reclaimed:         -                  -                 0M (0%)            2M (1%)     
[25.428s][info][gc,heap     ] GC(27) O: Compacted:         -                  -                  -                 1M (1%)     
[25.428s][info][gc,phases   ] GC(27) O: Old Generation 256M(100%)->256M(100%) 0.003s
[25.428s][info][gc          ] GC(27) Major Collection (Allocation Stall) 256M(100%)->256M(100%) 0.006s
[25.428s][info][gc          ] Allocation Stall (main) 7.747ms
[25.428s][info][gc          ] Out Of Memory (main)
[25.428s][info][gc          ] GC(28) Minor Collection (Allocation Stall)
[25.428s][info][gc,task     ] GC(28) Using 2 Workers for Young Generation
[25.428s][info][gc,phases   ] GC(28) y: Young Generation
[25.428s][info][gc,phases   ] GC(28) y: Pause Mark Start 0.006ms
[25.429s][info][gc,phases   ] GC(28) y: Concurrent Mark 0.750ms
[25.429s][info][gc,phases   ] GC(28) y: Pause Mark End 0.005ms
[25.429s][info][gc,phases   ] GC(28) y: Concurrent Mark Free 0.001ms
[25.429s][info][gc,phases   ] GC(28) y: Concurrent Reset Relocation Set 0.000ms
[25.429s][info][gc,reloc    ] GC(28) y: Using tenuring threshold: 0 (Computed)
[25.429s][info][gc,phases   ] GC(28) y: Concurrent Select Relocation Set 0.082ms
[25.429s][info][gc,phases   ] GC(28) y: Pause Relocate Start 0.004ms
[25.429s][info][gc,phases   ] GC(28) y: Concurrent Relocate 0.043ms
[25.429s][info][gc,alloc    ] GC(28) y:                         Mark Start        Mark End      Relocate Start    Relocate End   
[25.429s][info][gc,alloc    ] GC(28) y: Allocation Stalls:          1                1                1                1         
[25.429s][info][gc,load     ] GC(28) y: Load: 0.00 (0%) / 0.00 (0%) / 0.00 (0%)
[25.429s][info][gc,mmu      ] GC(28) y: MMU: 2ms/96.7%, 5ms/98.3%, 10ms/98.9%, 20ms/99.1%, 50ms/99.4%, 100ms/99.7%
[25.429s][info][gc,marking  ] GC(28) y: Mark: 2 stripe(s), 1 proactive flush(es), 1 terminate flush(es), 0 completion(s), 0 continuation(s) 
[25.429s][info][gc,nmethod  ] GC(28) y: NMethods: 303 registered, 11 unregistered
[25.429s][info][gc,metaspace] GC(28) y: Metaspace: 0M used, 0M committed, 1088M reserved
[25.429s][info][gc,heap     ] GC(28) y: Min Capacity: 8M(3%)
[25.429s][info][gc,heap     ] GC(28) y: Max Capacity: 256M(100%)
[25.429s][info][gc,heap     ] GC(28) y: Soft Max Capacity: 256M(100%)
[25.429s][info][gc,heap     ] GC(28) y: Heap Statistics:
[25.429s][info][gc,heap     ] GC(28) y:                Mark Start          Mark End        Relocate Start      Relocate End           High               Low         
[25.429s][info][gc,heap     ] GC(28) y:  Capacity:      256M (100%)        256M (100%)        256M (100%)        256M (100%)        256M (100%)        256M (100%)   
[25.429s][info][gc,heap     ] GC(28) y:      Free:        0M (0%)            0M (0%)            0M (0%)            0M (0%)            0M (0%)            0M (0%)     
[25.430s][info][gc,heap     ] GC(28) y:      Used:      256M (100%)        256M (100%)        256M (100%)        256M (100%)        256M (100%)        256M (100%)   
[25.430s][info][gc,heap     ] GC(28) y: Young Generation Statistics:
[25.430s][info][gc,heap     ] GC(28) y:                Mark Start          Mark End        Relocate Start      Relocate End    
[25.430s][info][gc,heap     ] GC(28) y:      Used:        0M (0%)            0M (0%)            0M (0%)            0M (0%)     
[25.430s][info][gc,heap     ] GC(28) y:      Live:         -                 0M (0%)            0M (0%)            0M (0%)     
[25.430s][info][gc,heap     ] GC(28) y:   Garbage:         -                 0M (0%)            0M (0%)            0M (0%)     
[25.430s][info][gc,heap     ] GC(28) y: Allocated:         -                 0M (0%)            0M (0%)            0M (0%)     
[25.430s][info][gc,heap     ] GC(28) y: Reclaimed:         -                  -                 0M (0%)            0M (0%)     
[25.430s][info][gc,heap     ] GC(28) y:  Promoted:         -                  -                 0M (0%)            0M (0%)     
[25.430s][info][gc,heap     ] GC(28) y: Compacted:         -                  -                  -                 0M (0%)     
[25.430s][info][gc,phases   ] GC(28) y: Young Generation 256M(100%)->256M(100%) 0.001s
[25.430s][info][gc          ] GC(28) Minor Collection (Allocation Stall) 256M(100%)->256M(100%) 0.001s
[25.430s][info][gc          ] GC(29) Major Collection (Allocation Stall)
[25.430s][info][gc,task     ] GC(29) Using 2 Workers for Young Generation
[25.430s][info][gc,task     ] GC(29) Using 2 Workers for Old Generation
[25.430s][info][gc,phases   ] GC(29) Y: Young Generation (Promote All)
[25.430s][info][gc,phases   ] GC(29) Y: Pause Mark Start 0.004ms
[25.430s][info][gc,phases   ] GC(29) Y: Concurrent Mark 0.507ms
[25.430s][info][gc,phases   ] GC(29) Y: Pause Mark End 0.004ms
[25.430s][info][gc,phases   ] GC(29) Y: Concurrent Mark Free 0.000ms
[25.430s][info][gc,phases   ] GC(29) Y: Concurrent Reset Relocation Set 0.000ms
[25.430s][info][gc,reloc    ] GC(29) Y: Using tenuring threshold: 0 (Promote All)
[25.430s][info][gc,phases   ] GC(29) Y: Concurrent Select Relocation Set 0.065ms
[25.430s][info][gc,phases   ] GC(29) Y: Pause Relocate Start 0.003ms
[25.430s][info][gc,phases   ] GC(29) Y: Concurrent Relocate 0.041ms
[25.430s][info][gc,alloc    ] GC(29) Y:                         Mark Start        Mark End      Relocate Start    Relocate End   
[25.430s][info][gc,alloc    ] GC(29) Y: Allocation Stalls:          1                1                1                1         
[25.430s][info][gc,load     ] GC(29) Y: Load: 0.00 (0%) / 0.00 (0%) / 0.00 (0%)
[25.430s][info][gc,mmu      ] GC(29) Y: MMU: 2ms/96.7%, 5ms/98.3%, 10ms/98.9%, 20ms/99.1%, 50ms/99.4%, 100ms/99.7%
[25.430s][info][gc,marking  ] GC(29) Y: Mark: 2 stripe(s), 1 proactive flush(es), 1 terminate flush(es), 0 completion(s), 0 continuation(s) 
[25.430s][info][gc,nmethod  ] GC(29) Y: NMethods: 303 registered, 11 unregistered
[25.430s][info][gc,metaspace] GC(29) Y: Metaspace: 0M used, 0M committed, 1088M reserved
[25.430s][info][gc,heap     ] GC(29) Y: Min Capacity: 8M(3%)
[25.430s][info][gc,heap     ] GC(29) Y: Max Capacity: 256M(100%)
[25.430s][info][gc,heap     ] GC(29) Y: Soft Max Capacity: 256M(100%)
[25.430s][info][gc,heap     ] GC(29) Y: Heap Statistics:
[25.430s][info][gc,heap     ] GC(29) Y:                Mark Start          Mark End        Relocate Start      Relocate End           High               Low         
[25.430s][info][gc,heap     ] GC(29) Y:  Capacity:      256M (100%)        256M (100%)        256M (100%)        256M (100%)        256M (100%)        256M (100%)   
[25.430s][info][gc,heap     ] GC(29) Y:      Free:        0M (0%)            0M (0%)            0M (0%)            0M (0%)            0M (0%)            0M (0%)     
[25.430s][info][gc,heap     ] GC(29) Y:      Used:      256M (100%)        256M (100%)        256M (100%)        256M (100%)        256M (100%)        256M (100%)   
[25.430s][info][gc,heap     ] GC(29) Y: Young Generation Statistics:
[25.430s][info][gc,heap     ] GC(29) Y:                Mark Start          Mark End        Relocate Start      Relocate End    
[25.430s][info][gc,heap     ] GC(29) Y:      Used:        0M (0%)            0M (0%)            0M (0%)            0M (0%)     
[25.430s][info][gc,heap     ] GC(29) Y:      Live:         -                 0M (0%)            0M (0%)            0M (0%)     
[25.430s][info][gc,heap     ] GC(29) Y:   Garbage:         -                 0M (0%)            0M (0%)            0M (0%)     
[25.430s][info][gc,heap     ] GC(29) Y: Allocated:         -                 0M (0%)            0M (0%)            0M (0%)     
[25.430s][info][gc,heap     ] GC(29) Y: Reclaimed:         -                  -                 0M (0%)            0M (0%)     
[25.430s][info][gc,heap     ] GC(29) Y:  Promoted:         -                  -                 0M (0%)            0M (0%)     
[25.431s][info][gc,heap     ] GC(29) Y: Compacted:         -                  -                  -                 0M (0%)     
[25.431s][info][gc,phases   ] GC(29) Y: Young Generation (Promote All) 256M(100%)->256M(100%) 0.001s
[25.431s][info][gc,phases   ] GC(29) Y: Young Generation (Collect Roots)
[25.431s][info][gc,phases   ] GC(29) Y: Pause Mark Start (Major) 0.005ms
[25.431s][info][gc,phases   ] GC(29) Y: Concurrent Mark 0.551ms
[25.431s][info][gc,phases   ] GC(29) Y: Pause Mark End 0.004ms
[25.431s][info][gc,phases   ] GC(29) Y: Concurrent Mark Free 0.000ms
[25.431s][info][gc,phases   ] GC(29) Y: Concurrent Reset Relocation Set 0.000ms
[25.431s][info][gc,reloc    ] GC(29) Y: Using tenuring threshold: 0 (Computed)
[25.431s][info][gc,phases   ] GC(29) Y: Concurrent Select Relocation Set 0.062ms
[25.431s][info][gc,phases   ] GC(29) Y: Pause Relocate Start 0.004ms
[25.431s][info][gc,phases   ] GC(29) Y: Concurrent Relocate 0.050ms
[25.431s][info][gc,alloc    ] GC(29) Y:                         Mark Start        Mark End      Relocate Start    Relocate End   
[25.431s][info][gc,alloc    ] GC(29) Y: Allocation Stalls:          1                1                1                1         
[25.431s][info][gc,load     ] GC(29) Y: Load: 0.00 (0%) / 0.00 (0%) / 0.00 (0%)
[25.431s][info][gc,mmu      ] GC(29) Y: MMU: 2ms/96.7%, 5ms/98.3%, 10ms/98.9%, 20ms/99.1%, 50ms/99.4%, 100ms/99.7%
[25.431s][info][gc,marking  ] GC(29) Y: Mark: 2 stripe(s), 1 proactive flush(es), 1 terminate flush(es), 0 completion(s), 0 continuation(s) 
[25.431s][info][gc,nmethod  ] GC(29) Y: NMethods: 303 registered, 11 unregistered
[25.431s][info][gc,metaspace] GC(29) Y: Metaspace: 0M used, 0M committed, 1088M reserved
[25.431s][info][gc,heap     ] GC(29) Y: Min Capacity: 8M(3%)
[25.431s][info][gc,heap     ] GC(29) Y: Max Capacity: 256M(100%)
[25.431s][info][gc,heap     ] GC(29) Y: Soft Max Capacity: 256M(100%)
[25.431s][info][gc,heap     ] GC(29) Y: Heap Statistics:
[25.431s][info][gc,heap     ] GC(29) Y:                Mark Start          Mark End        Relocate Start      Relocate End           High               Low         
[25.431s][info][gc,heap     ] GC(29) Y:  Capacity:      256M (100%)        256M (100%)        256M (100%)        256M (100%)        256M (100%)        256M (100%)   
[25.431s][info][gc,heap     ] GC(29) Y:      Free:        0M (0%)            0M (0%)            0M (0%)            0M (0%)            0M (0%)            0M (0%)     
[25.431s][info][gc,heap     ] GC(29) Y:      Used:      256M (100%)        256M (100%)        256M (100%)        256M (100%)        256M (100%)        256M (100%)   
[25.431s][info][gc,heap     ] GC(29) Y: Young Generation Statistics:
[25.431s][info][gc,heap     ] GC(29) Y:                Mark Start          Mark End        Relocate Start      Relocate End    
[25.431s][info][gc,heap     ] GC(29) Y:      Used:        0M (0%)            0M (0%)            0M (0%)            0M (0%)     
[25.431s][info][gc,heap     ] GC(29) Y:      Live:         -                 0M (0%)            0M (0%)            0M (0%)     
[25.431s][info][gc,heap     ] GC(29) Y:   Garbage:         -                 0M (0%)            0M (0%)            0M (0%)     
[25.431s][info][gc,heap     ] GC(29) Y: Allocated:         -                 0M (0%)            0M (0%)            0M (0%)     
[25.431s][info][gc,heap     ] GC(29) Y: Reclaimed:         -                  -                 0M (0%)            0M (0%)     
[25.431s][info][gc,heap     ] GC(29) Y:  Promoted:         -                  -                 0M (0%)            0M (0%)     
[25.431s][info][gc,heap     ] GC(29) Y: Compacted:         -                  -                  -                 0M (0%)     
[25.431s][info][gc,phases   ] GC(29) Y: Young Generation (Collect Roots) 256M(100%)->256M(100%) 0.001s
[25.431s][info][gc,phases   ] GC(29) O: Old Generation
[25.433s][info][gc,phases   ] GC(29) O: Concurrent Mark 1.432ms
[25.433s][info][gc,phases   ] GC(29) O: Pause Mark End 0.008ms
[25.433s][info][gc,phases   ] GC(29) O: Concurrent Mark Free 0.001ms
[25.433s][info][gc,ref      ] GC(29) O: Clearing All SoftReferences
[25.433s][info][gc,phases   ] GC(29) O: Concurrent Process Non-Strong 0.315ms
[25.433s][info][gc,phases   ] GC(29) O: Concurrent Reset Relocation Set 0.001ms
[25.433s][info][gc,phases   ] GC(29) O: Concurrent Select Relocation Set 0.058ms
[25.433s][info][gc,task     ] GC(29) O: Using 2 Workers for Old Generation
[25.434s][info][gc,task     ] GC(29) O: Using 2 Workers for Old Generation
[25.434s][info][gc,phases   ] GC(29) O: Concurrent Remap Roots 0.310ms
[25.434s][info][gc,phases   ] GC(29) O: Pause Relocate Start 0.007ms
[25.435s][info][gc,phases   ] GC(29) O: Concurrent Relocate 0.811ms
[25.435s][info][gc,alloc    ] GC(29) O:                         Mark Start        Mark End      Relocate Start    Relocate End   
[25.435s][info][gc,alloc    ] GC(29) O: Allocation Stalls:          1                1                1                1         
[25.435s][info][gc,load     ] GC(29) O: Load: 0.00 (0%) / 0.00 (0%) / 0.00 (0%)
[25.435s][info][gc,mmu      ] GC(29) O: MMU: 2ms/96.7%, 5ms/98.3%, 10ms/98.9%, 20ms/99.1%, 50ms/99.4%, 100ms/99.7%
[25.435s][info][gc,marking  ] GC(29) O: Mark: 2 stripe(s), 1 proactive flush(es), 1 terminate flush(es), 0 completion(s), 0 continuation(s) 
[25.435s][info][gc,nmethod  ] GC(29) O: NMethods: 303 registered, 11 unregistered
[25.435s][info][gc,metaspace] GC(29) O: Metaspace: 0M used, 0M committed, 1088M reserved
[25.435s][info][gc,ref      ] GC(29) O:                       Encountered   Discovered     Enqueued 
[25.435s][info][gc,ref      ] GC(29) O: Soft References:               42           15            0 
[25.435s][info][gc,ref      ] GC(29) O: Weak References:               86           37            0 
[25.435s][info][gc,ref      ] GC(29) O: Final References:               0            0            0 
[25.435s][info][gc,ref      ] GC(29) O: Phantom References:             1            1            0 
[25.435s][info][gc,reloc    ] GC(29) O:                        Candidates     Selected     In-Place         Size        Empty    Relocated 
[25.435s][info][gc,reloc    ] GC(29) O: Small Pages:                    2            1            2           4M           0M           1M 
[25.435s][info][gc,reloc    ] GC(29) O: Medium Pages:                   0            0            0           0M           0M           0M 
[25.435s][info][gc,reloc    ] GC(29) O: Large Pages:                  126            0            0         252M           0M           0M 
[25.435s][info][gc,reloc    ] GC(29) O: Forwarding Usage: 0M
[25.435s][info][gc,heap     ] GC(29) O: Min Capacity: 8M(3%)
[25.435s][info][gc,heap     ] GC(29) O: Max Capacity: 256M(100%)
[25.435s][info][gc,heap     ] GC(29) O: Soft Max Capacity: 256M(100%)
[25.435s][info][gc,heap     ] GC(29) O: Heap Statistics:
[25.435s][info][gc,heap     ] GC(29) O:                Mark Start          Mark End        Relocate Start      Relocate End           High               Low         
[25.435s][info][gc,heap     ] GC(29) O:  Capacity:      256M (100%)        256M (100%)        256M (100%)        256M (100%)        256M (100%)        256M (100%)   
[25.435s][info][gc,heap     ] GC(29) O:      Free:        0M (0%)            0M (0%)            0M (0%)            0M (0%)            0M (0%)            0M (0%)     
[25.435s][info][gc,heap     ] GC(29) O:      Used:      256M (100%)        256M (100%)        256M (100%)        256M (100%)        256M (100%)        256M (100%)   
[25.435s][info][gc,heap     ] GC(29) O: Old Generation Statistics:
[25.435s][info][gc,heap     ] GC(29) O:                Mark Start          Mark End        Relocate Start      Relocate End    
[25.435s][info][gc,heap     ] GC(29) O:      Used:      256M (100%)        256M (100%)        256M (100%)        256M (100%)   
[25.435s][info][gc,heap     ] GC(29) O:      Live:         -               253M (99%)         253M (99%)         253M (99%)    
[25.435s][info][gc,heap     ] GC(29) O:   Garbage:         -                 2M (1%)            2M (1%)            0M (0%)     
[25.435s][info][gc,heap     ] GC(29) O: Allocated:         -                 0M (0%)            0M (0%)            2M (1%)     
[25.435s][info][gc,heap     ] GC(29) O: Reclaimed:         -                  -                 0M (0%)            2M (1%)     
[25.435s][info][gc,heap     ] GC(29) O: Compacted:         -                  -                  -                 1M (0%)     
[25.435s][info][gc,phases   ] GC(29) O: Old Generation 256M(100%)->256M(100%) 0.003s
[25.435s][info][gc          ] GC(29) Major Collection (Allocation Stall) 256M(100%)->256M(100%) 0.005s
[25.435s][info][gc          ] Allocation Stall (main) 6.715ms
[25.435s][info][gc          ] GC(30) Minor Collection (Allocation Stall)
[25.435s][info][gc,task     ] GC(30) Using 2 Workers for Young Generation
[25.435s][info][gc,phases   ] GC(30) y: Young Generation
[25.435s][info][gc,phases   ] GC(30) y: Pause Mark Start 0.005ms
[25.436s][info][gc,phases   ] GC(30) y: Concurrent Mark 0.670ms
[25.436s][info][gc,phases   ] GC(30) y: Pause Mark End 0.007ms
[25.436s][info][gc,phases   ] GC(30) y: Concurrent Mark Free 0.000ms
[25.436s][info][gc,phases   ] GC(30) y: Concurrent Reset Relocation Set 0.000ms
[25.436s][info][gc,reloc    ] GC(30) y: Using tenuring threshold: 0 (Computed)
[25.436s][info][gc,phases   ] GC(30) y: Concurrent Select Relocation Set 0.082ms
[25.436s][info][gc,phases   ] GC(30) y: Pause Relocate Start 0.004ms
[25.436s][info][gc,phases   ] GC(30) y: Concurrent Relocate 0.046ms
[25.436s][info][gc,alloc    ] GC(30) y:                         Mark Start        Mark End      Relocate Start    Relocate End   
[25.436s][info][gc,alloc    ] GC(30) y: Allocation Stalls:          1                1                1                1         
[25.436s][info][gc,load     ] GC(30) y: Load: 0.00 (0%) / 0.00 (0%) / 0.00 (0%)
[25.436s][info][gc,mmu      ] GC(30) y: MMU: 2ms/96.7%, 5ms/98.3%, 10ms/98.9%, 20ms/99.1%, 50ms/99.3%, 100ms/99.7%
[25.436s][info][gc,marking  ] GC(30) y: Mark: 2 stripe(s), 1 proactive flush(es), 1 terminate flush(es), 0 completion(s), 0 continuation(s) 
[25.436s][info][gc,nmethod  ] GC(30) y: NMethods: 303 registered, 11 unregistered
[25.436s][info][gc,metaspace] GC(30) y: Metaspace: 0M used, 0M committed, 1088M reserved
[25.436s][info][gc,heap     ] GC(30) y: Min Capacity: 8M(3%)
[25.436s][info][gc,heap     ] GC(30) y: Max Capacity: 256M(100%)
[25.436s][info][gc,heap     ] GC(30) y: Soft Max Capacity: 256M(100%)
[25.436s][info][gc,heap     ] GC(30) y: Heap Statistics:
[25.436s][info][gc,heap     ] GC(30) y:                Mark Start          Mark End        Relocate Start      Relocate End           High               Low         
[25.436s][info][gc,heap     ] GC(30) y:  Capacity:      256M (100%)        256M (100%)        256M (100%)        256M (100%)        256M (100%)        256M (100%)   
[25.436s][info][gc,heap     ] GC(30) y:      Free:        0M (0%)            0M (0%)            0M (0%)            0M (0%)            0M (0%)            0M (0%)     
[25.436s][info][gc,heap     ] GC(30) y:      Used:      256M (100%)        256M (100%)        256M (100%)        256M (100%)        256M (100%)        256M (100%)   
[25.436s][info][gc,heap     ] GC(30) y: Young Generation Statistics:
[25.436s][info][gc,heap     ] GC(30) y:                Mark Start          Mark End        Relocate Start      Relocate End    
[25.436s][info][gc,heap     ] GC(30) y:      Used:        0M (0%)            0M (0%)            0M (0%)            0M (0%)     
[25.436s][info][gc,heap     ] GC(30) y:      Live:         -                 0M (0%)            0M (0%)            0M (0%)     
[25.436s][info][gc,heap     ] GC(30) y:   Garbage:         -                 0M (0%)            0M (0%)            0M (0%)     
[25.436s][info][gc,heap     ] GC(30) y: Allocated:         -                 0M (0%)            0M (0%)            0M (0%)     
[25.436s][info][gc,heap     ] GC(30) y: Reclaimed:         -                  -                 0M (0%)            0M (0%)     
[25.436s][info][gc,heap     ] GC(30) y:  Promoted:         -                  -                 0M (0%)            0M (0%)     
[25.436s][info][gc,heap     ] GC(30) y: Compacted:         -                  -                  -                 0M (0%)     
[25.436s][info][gc,phases   ] GC(30) y: Young Generation 256M(100%)->256M(100%) 0.001s
[25.436s][info][gc          ] GC(30) Minor Collection (Allocation Stall) 256M(100%)->256M(100%) 0.001s
[25.436s][info][gc          ] GC(31) Major Collection (Allocation Stall)
[25.436s][info][gc,task     ] GC(31) Using 2 Workers for Young Generation
[25.436s][info][gc,task     ] GC(31) Using 2 Workers for Old Generation
[25.436s][info][gc,phases   ] GC(31) Y: Young Generation (Promote All)
[25.436s][info][gc,phases   ] GC(31) Y: Pause Mark Start 0.005ms
[25.437s][info][gc,phases   ] GC(31) Y: Concurrent Mark 0.637ms
[25.437s][info][gc,phases   ] GC(31) Y: Pause Mark End 0.005ms
[25.437s][info][gc,phases   ] GC(31) Y: Concurrent Mark Free 0.000ms
[25.437s][info][gc,phases   ] GC(31) Y: Concurrent Reset Relocation Set 0.000ms
[25.437s][info][gc,reloc    ] GC(31) Y: Using tenuring threshold: 0 (Promote All)
[25.437s][info][gc,phases   ] GC(31) Y: Concurrent Select Relocation Set 0.079ms
[25.437s][info][gc,phases   ] GC(31) Y: Pause Relocate Start 0.003ms
[25.437s][info][gc,phases   ] GC(31) Y: Concurrent Relocate 0.049ms
[25.437s][info][gc,alloc    ] GC(31) Y:                         Mark Start        Mark End      Relocate Start    Relocate End   
[25.437s][info][gc,alloc    ] GC(31) Y: Allocation Stalls:          1                1                1                1         
[25.437s][info][gc,load     ] GC(31) Y: Load: 0.00 (0%) / 0.00 (0%) / 0.00 (0%)
[25.437s][info][gc,mmu      ] GC(31) Y: MMU: 2ms/96.7%, 5ms/98.3%, 10ms/98.9%, 20ms/99.1%, 50ms/99.3%, 100ms/99.7%
[25.437s][info][gc,marking  ] GC(31) Y: Mark: 2 stripe(s), 1 proactive flush(es), 1 terminate flush(es), 0 completion(s), 0 continuation(s) 
[25.437s][info][gc,nmethod  ] GC(31) Y: NMethods: 303 registered, 11 unregistered
[25.437s][info][gc,metaspace] GC(31) Y: Metaspace: 0M used, 0M committed, 1088M reserved
[25.438s][info][gc,heap     ] GC(31) Y: Min Capacity: 8M(3%)
[25.438s][info][gc,heap     ] GC(31) Y: Max Capacity: 256M(100%)
[25.438s][info][gc,heap     ] GC(31) Y: Soft Max Capacity: 256M(100%)
[25.438s][info][gc,heap     ] GC(31) Y: Heap Statistics:
[25.438s][info][gc,heap     ] GC(31) Y:                Mark Start          Mark End        Relocate Start      Relocate End           High               Low         
[25.438s][info][gc,heap     ] GC(31) Y:  Capacity:      256M (100%)        256M (100%)        256M (100%)        256M (100%)        256M (100%)        256M (100%)   
[25.438s][info][gc,heap     ] GC(31) Y:      Free:        0M (0%)            0M (0%)            0M (0%)            0M (0%)            0M (0%)            0M (0%)     
[25.438s][info][gc,heap     ] GC(31) Y:      Used:      256M (100%)        256M (100%)        256M (100%)        256M (100%)        256M (100%)        256M (100%)   
[25.438s][info][gc,heap     ] GC(31) Y: Young Generation Statistics:
[25.438s][info][gc,heap     ] GC(31) Y:                Mark Start          Mark End        Relocate Start      Relocate End    
[25.438s][info][gc,heap     ] GC(31) Y:      Used:        0M (0%)            0M (0%)            0M (0%)            0M (0%)     
[25.438s][info][gc,heap     ] GC(31) Y:      Live:         -                 0M (0%)            0M (0%)            0M (0%)     
[25.438s][info][gc,heap     ] GC(31) Y:   Garbage:         -                 0M (0%)            0M (0%)            0M (0%)     
[25.438s][info][gc,heap     ] GC(31) Y: Allocated:         -                 0M (0%)            0M (0%)            0M (0%)     
[25.438s][info][gc,heap     ] GC(31) Y: Reclaimed:         -                  -                 0M (0%)            0M (0%)     
[25.438s][info][gc,heap     ] GC(31) Y:  Promoted:         -                  -                 0M (0%)            0M (0%)     
[25.438s][info][gc,heap     ] GC(31) Y: Compacted:         -                  -                  -                 0M (0%)     
[25.438s][info][gc,phases   ] GC(31) Y: Young Generation (Promote All) 256M(100%)->256M(100%) 0.001s
[25.438s][info][gc,phases   ] GC(31) Y: Young Generation (Collect Roots)
[25.438s][info][gc,phases   ] GC(31) Y: Pause Mark Start (Major) 0.016ms
[25.438s][info][gc,phases   ] GC(31) Y: Concurrent Mark 0.534ms
[25.438s][info][gc,phases   ] GC(31) Y: Pause Mark End 0.004ms
[25.438s][info][gc,phases   ] GC(31) Y: Concurrent Mark Free 0.000ms
[25.438s][info][gc,phases   ] GC(31) Y: Concurrent Reset Relocation Set 0.000ms
[25.438s][info][gc,reloc    ] GC(31) Y: Using tenuring threshold: 0 (Computed)
[25.438s][info][gc,phases   ] GC(31) Y: Concurrent Select Relocation Set 0.082ms
[25.439s][info][gc,phases   ] GC(31) Y: Pause Relocate Start 0.004ms
[25.439s][info][gc,phases   ] GC(31) Y: Concurrent Relocate 0.044ms
[25.439s][info][gc,alloc    ] GC(31) Y:                         Mark Start        Mark End      Relocate Start    Relocate End   
[25.439s][info][gc,alloc    ] GC(31) Y: Allocation Stalls:          1                1                1                1         
[25.439s][info][gc,load     ] GC(31) Y: Load: 0.00 (0%) / 0.00 (0%) / 0.00 (0%)
[25.439s][info][gc,mmu      ] GC(31) Y: MMU: 2ms/96.7%, 5ms/98.3%, 10ms/98.9%, 20ms/99.1%, 50ms/99.3%, 100ms/99.6%
[25.439s][info][gc,marking  ] GC(31) Y: Mark: 2 stripe(s), 1 proactive flush(es), 1 terminate flush(es), 0 completion(s), 0 continuation(s) 
[25.439s][info][gc,nmethod  ] GC(31) Y: NMethods: 303 registered, 11 unregistered
[25.439s][info][gc,metaspace] GC(31) Y: Metaspace: 0M used, 0M committed, 1088M reserved
[25.439s][info][gc,heap     ] GC(31) Y: Min Capacity: 8M(3%)
[25.439s][info][gc,heap     ] GC(31) Y: Max Capacity: 256M(100%)
[25.439s][info][gc,heap     ] GC(31) Y: Soft Max Capacity: 256M(100%)
[25.439s][info][gc,heap     ] GC(31) Y: Heap Statistics:
[25.439s][info][gc,heap     ] GC(31) Y:                Mark Start          Mark End        Relocate Start      Relocate End           High               Low         
[25.439s][info][gc,heap     ] GC(31) Y:  Capacity:      256M (100%)        256M (100%)        256M (100%)        256M (100%)        256M (100%)        256M (100%)   
[25.439s][info][gc,heap     ] GC(31) Y:      Free:        0M (0%)            0M (0%)            0M (0%)            0M (0%)            0M (0%)            0M (0%)     
[25.439s][info][gc,heap     ] GC(31) Y:      Used:      256M (100%)        256M (100%)        256M (100%)        256M (100%)        256M (100%)        256M (100%)   
[25.439s][info][gc,heap     ] GC(31) Y: Young Generation Statistics:
[25.439s][info][gc,heap     ] GC(31) Y:                Mark Start          Mark End        Relocate Start      Relocate End    
[25.439s][info][gc,heap     ] GC(31) Y:      Used:        0M (0%)            0M (0%)            0M (0%)            0M (0%)     
[25.439s][info][gc,heap     ] GC(31) Y:      Live:         -                 0M (0%)            0M (0%)            0M (0%)     
[25.439s][info][gc,heap     ] GC(31) Y:   Garbage:         -                 0M (0%)            0M (0%)            0M (0%)     
[25.439s][info][gc,heap     ] GC(31) Y: Allocated:         -                 0M (0%)            0M (0%)            0M (0%)     
[25.439s][info][gc,heap     ] GC(31) Y: Reclaimed:         -                  -                 0M (0%)            0M (0%)     
[25.439s][info][gc,heap     ] GC(31) Y:  Promoted:         -                  -                 0M (0%)            0M (0%)     
[25.439s][info][gc,heap     ] GC(31) Y: Compacted:         -                  -                  -                 0M (0%)     
[25.439s][info][gc,phases   ] GC(31) Y: Young Generation (Collect Roots) 256M(100%)->256M(100%) 0.001s
[25.439s][info][gc,phases   ] GC(31) O: Old Generation
[25.440s][info][gc,phases   ] GC(31) O: Concurrent Mark 1.511ms
[25.440s][info][gc,phases   ] GC(31) O: Pause Mark End 0.008ms
[25.440s][info][gc,phases   ] GC(31) O: Concurrent Mark Free 0.002ms
[25.440s][info][gc,ref      ] GC(31) O: Clearing All SoftReferences
[25.441s][info][gc,phases   ] GC(31) O: Concurrent Process Non-Strong 0.319ms
[25.441s][info][gc,phases   ] GC(31) O: Concurrent Reset Relocation Set 0.001ms
[25.441s][info][gc,phases   ] GC(31) O: Concurrent Select Relocation Set 0.051ms
[25.441s][info][gc,task     ] GC(31) O: Using 2 Workers for Old Generation
[25.441s][info][gc,task     ] GC(31) O: Using 2 Workers for Old Generation
[25.441s][info][gc,phases   ] GC(31) O: Concurrent Remap Roots 0.389ms
[25.441s][info][gc,phases   ] GC(31) O: Pause Relocate Start 0.007ms
[25.442s][info][gc,phases   ] GC(31) O: Concurrent Relocate 0.752ms
[25.442s][info][gc,alloc    ] GC(31) O:                         Mark Start        Mark End      Relocate Start    Relocate End   
[25.442s][info][gc,alloc    ] GC(31) O: Allocation Stalls:          1                1                1                1         
[25.442s][info][gc,load     ] GC(31) O: Load: 0.00 (0%) / 0.00 (0%) / 0.00 (0%)
[25.442s][info][gc,mmu      ] GC(31) O: MMU: 2ms/96.7%, 5ms/98.3%, 10ms/98.9%, 20ms/99.1%, 50ms/99.2%, 100ms/99.6%
[25.442s][info][gc,marking  ] GC(31) O: Mark: 2 stripe(s), 1 proactive flush(es), 1 terminate flush(es), 0 completion(s), 0 continuation(s) 
[25.442s][info][gc,nmethod  ] GC(31) O: NMethods: 303 registered, 11 unregistered
[25.442s][info][gc,metaspace] GC(31) O: Metaspace: 0M used, 0M committed, 1088M reserved
[25.442s][info][gc,ref      ] GC(31) O:                       Encountered   Discovered     Enqueued 
[25.442s][info][gc,ref      ] GC(31) O: Soft References:               42           25            0 
[25.442s][info][gc,ref      ] GC(31) O: Weak References:               86           65            0 
[25.442s][info][gc,ref      ] GC(31) O: Final References:               0            0            0 
[25.442s][info][gc,ref      ] GC(31) O: Phantom References:             1            0            0 
[25.442s][info][gc,reloc    ] GC(31) O:                        Candidates     Selected     In-Place         Size        Empty    Relocated 
[25.442s][info][gc,reloc    ] GC(31) O: Small Pages:                    2            1            2           4M           0M           1M 
[25.442s][info][gc,reloc    ] GC(31) O: Medium Pages:                   0            0            0           0M           0M           0M 
[25.442s][info][gc,reloc    ] GC(31) O: Large Pages:                  126            0            0         252M           0M           0M 
[25.442s][info][gc,reloc    ] GC(31) O: Forwarding Usage: 0M
[25.442s][info][gc,heap     ] GC(31) O: Min Capacity: 8M(3%)
[25.442s][info][gc,heap     ] GC(31) O: Max Capacity: 256M(100%)
[25.442s][info][gc,heap     ] GC(31) O: Soft Max Capacity: 256M(100%)
[25.442s][info][gc,heap     ] GC(31) O: Heap Statistics:
[25.442s][info][gc,heap     ] GC(31) O:                Mark Start          Mark End        Relocate Start      Relocate End           High               Low         
[25.442s][info][gc,heap     ] GC(31) O:  Capacity:      256M (100%)        256M (100%)        256M (100%)        256M (100%)        256M (100%)        256M (100%)   
[25.442s][info][gc,heap     ] GC(31) O:      Free:        0M (0%)            0M (0%)            0M (0%)            0M (0%)            0M (0%)            0M (0%)     
[25.442s][info][gc,heap     ] GC(31) O:      Used:      256M (100%)        256M (100%)        256M (100%)        256M (100%)        256M (100%)        256M (100%)   
[25.442s][info][gc,heap     ] GC(31) O: Old Generation Statistics:
[25.442s][info][gc,heap     ] GC(31) O:                Mark Start          Mark End        Relocate Start      Relocate End    
[25.442s][info][gc,heap     ] GC(31) O:      Used:      256M (100%)        256M (100%)        256M (100%)        256M (100%)   
[25.442s][info][gc,heap     ] GC(31) O:      Live:         -               253M (99%)         253M (99%)         253M (99%)    
[25.442s][info][gc,heap     ] GC(31) O:   Garbage:         -                 2M (1%)            2M (1%)            0M (0%)     
[25.442s][info][gc,heap     ] GC(31) O: Allocated:         -                 0M (0%)            0M (0%)            2M (1%)     
[25.442s][info][gc,heap     ] GC(31) O: Reclaimed:         -                  -                 0M (0%)            2M (1%)     
[25.442s][info][gc,heap     ] GC(31) O: Compacted:         -                  -                  -                 1M (0%)     
[25.442s][info][gc,phases   ] GC(31) O: Old Generation 256M(100%)->256M(100%) 0.003s
[25.442s][info][gc          ] GC(31) Major Collection (Allocation Stall) 256M(100%)->256M(100%) 0.006s
[25.442s][info][gc          ] Allocation Stall (main) 7.421ms
[25.443s][info][gc          ] Out Of Memory (main)
[25.443s][info][gc          ] GC(32) Minor Collection (Allocation Stall)
[25.443s][info][gc,task     ] GC(32) Using 2 Workers for Young Generation
[25.443s][info][gc,phases   ] GC(32) y: Young Generation
[25.443s][info][gc,phases   ] GC(32) y: Pause Mark Start 0.006ms
[25.443s][info][gc,phases   ] GC(32) y: Concurrent Mark 0.689ms
[25.443s][info][gc,phases   ] GC(32) y: Pause Mark End 0.004ms
[25.443s][info][gc,phases   ] GC(32) y: Concurrent Mark Free 0.000ms
[25.443s][info][gc,phases   ] GC(32) y: Concurrent Reset Relocation Set 0.000ms
[25.443s][info][gc,reloc    ] GC(32) y: Using tenuring threshold: 0 (Computed)
[25.444s][info][gc,phases   ] GC(32) y: Concurrent Select Relocation Set 0.077ms
[25.444s][info][gc,phases   ] GC(32) y: Pause Relocate Start 0.004ms
[25.444s][info][gc,phases   ] GC(32) y: Concurrent Relocate 0.044ms
[25.444s][info][gc,alloc    ] GC(32) y:                         Mark Start        Mark End      Relocate Start    Relocate End   
[25.444s][info][gc,alloc    ] GC(32) y: Allocation Stalls:          1                1                1                1         
[25.444s][info][gc,load     ] GC(32) y: Load: 0.00 (0%) / 0.00 (0%) / 0.00 (0%)
[25.444s][info][gc,mmu      ] GC(32) y: MMU: 2ms/96.7%, 5ms/98.3%, 10ms/98.9%, 20ms/99.1%, 50ms/99.2%, 100ms/99.6%
[25.444s][info][gc,marking  ] GC(32) y: Mark: 2 stripe(s), 1 proactive flush(es), 1 terminate flush(es), 0 completion(s), 0 continuation(s) 
[25.444s][info][gc,nmethod  ] GC(32) y: NMethods: 303 registered, 11 unregistered
[25.444s][info][gc,metaspace] GC(32) y: Metaspace: 0M used, 0M committed, 1088M reserved
[25.444s][info][gc,heap     ] GC(32) y: Min Capacity: 8M(3%)
[25.444s][info][gc,heap     ] GC(32) y: Max Capacity: 256M(100%)
[25.444s][info][gc,heap     ] GC(32) y: Soft Max Capacity: 256M(100%)
[25.444s][info][gc,heap     ] GC(32) y: Heap Statistics:
[25.444s][info][gc,heap     ] GC(32) y:                Mark Start          Mark End        Relocate Start      Relocate End           High               Low         
[25.444s][info][gc,heap     ] GC(32) y:  Capacity:      256M (100%)        256M (100%)        256M (100%)        256M (100%)        256M (100%)        256M (100%)   
[25.444s][info][gc,heap     ] GC(32) y:      Free:        0M (0%)            0M (0%)            0M (0%)            0M (0%)            0M (0%)            0M (0%)     
[25.444s][info][gc,heap     ] GC(32) y:      Used:      256M (100%)        256M (100%)        256M (100%)        256M (100%)        256M (100%)        256M (100%)   
[25.444s][info][gc,heap     ] GC(32) y: Young Generation Statistics:
[25.444s][info][gc,heap     ] GC(32) y:                Mark Start          Mark End        Relocate Start      Relocate End    
[25.444s][info][gc,heap     ] GC(32) y:      Used:        0M (0%)            0M (0%)            0M (0%)            0M (0%)     
[25.444s][info][gc,heap     ] GC(32) y:      Live:         -                 0M (0%)            0M (0%)            0M (0%)     
[25.444s][info][gc,heap     ] GC(32) y:   Garbage:         -                 0M (0%)            0M (0%)            0M (0%)     
[25.444s][info][gc,heap     ] GC(32) y: Allocated:         -                 0M (0%)            0M (0%)            0M (0%)     
[25.444s][info][gc,heap     ] GC(32) y: Reclaimed:         -                  -                 0M (0%)            0M (0%)     
[25.444s][info][gc,heap     ] GC(32) y:  Promoted:         -                  -                 0M (0%)            0M (0%)     
[25.444s][info][gc,heap     ] GC(32) y: Compacted:         -                  -                  -                 0M (0%)     
[25.444s][info][gc,phases   ] GC(32) y: Young Generation 256M(100%)->256M(100%) 0.001s
[25.444s][info][gc          ] GC(32) Minor Collection (Allocation Stall) 256M(100%)->256M(100%) 0.001s
[25.444s][info][gc          ] GC(33) Major Collection (Allocation Stall)
[25.444s][info][gc,task     ] GC(33) Using 2 Workers for Young Generation
[25.444s][info][gc,task     ] GC(33) Using 2 Workers for Old Generation
[25.444s][info][gc,phases   ] GC(33) Y: Young Generation (Promote All)
[25.444s][info][gc,phases   ] GC(33) Y: Pause Mark Start 0.004ms
[25.444s][info][gc,phases   ] GC(33) Y: Concurrent Mark 0.586ms
[25.444s][info][gc,phases   ] GC(33) Y: Pause Mark End 0.004ms
[25.445s][info][gc,phases   ] GC(33) Y: Concurrent Mark Free 0.000ms
[25.445s][info][gc,phases   ] GC(33) Y: Concurrent Reset Relocation Set 0.000ms
[25.445s][info][gc,reloc    ] GC(33) Y: Using tenuring threshold: 0 (Promote All)
[25.445s][info][gc,phases   ] GC(33) Y: Concurrent Select Relocation Set 0.066ms
[25.445s][info][gc,phases   ] GC(33) Y: Pause Relocate Start 0.003ms
[25.445s][info][gc,phases   ] GC(33) Y: Concurrent Relocate 0.041ms
[25.445s][info][gc,alloc    ] GC(33) Y:                         Mark Start        Mark End      Relocate Start    Relocate End   
[25.445s][info][gc,alloc    ] GC(33) Y: Allocation Stalls:          1                1                1                1         
[25.445s][info][gc,load     ] GC(33) Y: Load: 0.00 (0%) / 0.00 (0%) / 0.00 (0%)
[25.445s][info][gc,mmu      ] GC(33) Y: MMU: 2ms/96.7%, 5ms/98.3%, 10ms/98.9%, 20ms/99.1%, 50ms/99.2%, 100ms/99.6%
[25.445s][info][gc,marking  ] GC(33) Y: Mark: 2 stripe(s), 1 proactive flush(es), 1 terminate flush(es), 0 completion(s), 0 continuation(s) 
[25.445s][info][gc,nmethod  ] GC(33) Y: NMethods: 303 registered, 11 unregistered
[25.445s][info][gc,metaspace] GC(33) Y: Metaspace: 0M used, 0M committed, 1088M reserved
[25.445s][info][gc,heap     ] GC(33) Y: Min Capacity: 8M(3%)
[25.445s][info][gc,heap     ] GC(33) Y: Max Capacity: 256M(100%)
[25.445s][info][gc,heap     ] GC(33) Y: Soft Max Capacity: 256M(100%)
[25.445s][info][gc,heap     ] GC(33) Y: Heap Statistics:
[25.445s][info][gc,heap     ] GC(33) Y:                Mark Start          Mark End        Relocate Start      Relocate End           High               Low         
[25.445s][info][gc,heap     ] GC(33) Y:  Capacity:      256M (100%)        256M (100%)        256M (100%)        256M (100%)        256M (100%)        256M (100%)   
[25.445s][info][gc,heap     ] GC(33) Y:      Free:        0M (0%)            0M (0%)            0M (0%)            0M (0%)            0M (0%)            0M (0%)     
[25.445s][info][gc,heap     ] GC(33) Y:      Used:      256M (100%)        256M (100%)        256M (100%)        256M (100%)        256M (100%)        256M (100%)   
[25.445s][info][gc,heap     ] GC(33) Y: Young Generation Statistics:
[25.445s][info][gc,heap     ] GC(33) Y:                Mark Start          Mark End        Relocate Start      Relocate End    
[25.445s][info][gc,heap     ] GC(33) Y:      Used:        0M (0%)            0M (0%)            0M (0%)            0M (0%)     
[25.445s][info][gc,heap     ] GC(33) Y:      Live:         -                 0M (0%)            0M (0%)            0M (0%)     
[25.445s][info][gc,heap     ] GC(33) Y:   Garbage:         -                 0M (0%)            0M (0%)            0M (0%)     
[25.445s][info][gc,heap     ] GC(33) Y: Allocated:         -                 0M (0%)            0M (0%)            0M (0%)     
[25.445s][info][gc,heap     ] GC(33) Y: Reclaimed:         -                  -                 0M (0%)            0M (0%)     
[25.445s][info][gc,heap     ] GC(33) Y:  Promoted:         -                  -                 0M (0%)            0M (0%)     
[25.445s][info][gc,heap     ] GC(33) Y: Compacted:         -                  -                  -                 0M (0%)     
[25.445s][info][gc,phases   ] GC(33) Y: Young Generation (Promote All) 256M(100%)->256M(100%) 0.001s
[25.445s][info][gc,phases   ] GC(33) Y: Young Generation (Collect Roots)
[25.445s][info][gc,phases   ] GC(33) Y: Pause Mark Start (Major) 0.005ms
[25.445s][info][gc,phases   ] GC(33) Y: Concurrent Mark 0.602ms
[25.445s][info][gc,phases   ] GC(33) Y: Pause Mark End 0.005ms
[25.446s][info][gc,phases   ] GC(33) Y: Concurrent Mark Free 0.000ms
[25.446s][info][gc,phases   ] GC(33) Y: Concurrent Reset Relocation Set 0.000ms
[25.446s][info][gc,reloc    ] GC(33) Y: Using tenuring threshold: 0 (Computed)
[25.446s][info][gc,phases   ] GC(33) Y: Concurrent Select Relocation Set 0.085ms
[25.446s][info][gc,phases   ] GC(33) Y: Pause Relocate Start 0.004ms
[25.446s][info][gc,phases   ] GC(33) Y: Concurrent Relocate 0.060ms
[25.446s][info][gc,alloc    ] GC(33) Y:                         Mark Start        Mark End      Relocate Start    Relocate End   
[25.446s][info][gc,alloc    ] GC(33) Y: Allocation Stalls:          1                1                1                1         
[25.446s][info][gc,load     ] GC(33) Y: Load: 0.00 (0%) / 0.00 (0%) / 0.00 (0%)
[25.446s][info][gc,mmu      ] GC(33) Y: MMU: 2ms/96.7%, 5ms/98.3%, 10ms/98.9%, 20ms/99.1%, 50ms/99.2%, 100ms/99.6%
[25.446s][info][gc,marking  ] GC(33) Y: Mark: 2 stripe(s), 1 proactive flush(es), 1 terminate flush(es), 0 completion(s), 0 continuation(s) 
[25.446s][info][gc,nmethod  ] GC(33) Y: NMethods: 303 registered, 11 unregistered
[25.446s][info][gc,metaspace] GC(33) Y: Metaspace: 0M used, 0M committed, 1088M reserved
[25.446s][info][gc,heap     ] GC(33) Y: Min Capacity: 8M(3%)
[25.446s][info][gc,heap     ] GC(33) Y: Max Capacity: 256M(100%)
[25.446s][info][gc,heap     ] GC(33) Y: Soft Max Capacity: 256M(100%)
[25.446s][info][gc,heap     ] GC(33) Y: Heap Statistics:
[25.446s][info][gc,heap     ] GC(33) Y:                Mark Start          Mark End        Relocate Start      Relocate End           High               Low         
[25.446s][info][gc,heap     ] GC(33) Y:  Capacity:      256M (100%)        256M (100%)        256M (100%)        256M (100%)        256M (100%)        256M (100%)   
[25.446s][info][gc,heap     ] GC(33) Y:      Free:        0M (0%)            0M (0%)            0M (0%)            0M (0%)            0M (0%)            0M (0%)     
[25.446s][info][gc,heap     ] GC(33) Y:      Used:      256M (100%)        256M (100%)        256M (100%)        256M (100%)        256M (100%)        256M (100%)   
[25.446s][info][gc,heap     ] GC(33) Y: Young Generation Statistics:
[25.446s][info][gc,heap     ] GC(33) Y:                Mark Start          Mark End        Relocate Start      Relocate End    
[25.446s][info][gc,heap     ] GC(33) Y:      Used:        0M (0%)            0M (0%)            0M (0%)            0M (0%)     
[25.446s][info][gc,heap     ] GC(33) Y:      Live:         -                 0M (0%)            0M (0%)            0M (0%)     
[25.446s][info][gc,heap     ] GC(33) Y:   Garbage:         -                 0M (0%)            0M (0%)            0M (0%)     
[25.446s][info][gc,heap     ] GC(33) Y: Allocated:         -                 0M (0%)            0M (0%)            0M (0%)     
[25.446s][info][gc,heap     ] GC(33) Y: Reclaimed:         -                  -                 0M (0%)            0M (0%)     
[25.446s][info][gc,heap     ] GC(33) Y:  Promoted:         -                  -                 0M (0%)            0M (0%)     
[25.446s][info][gc,heap     ] GC(33) Y: Compacted:         -                  -                  -                 0M (0%)     
[25.446s][info][gc,phases   ] GC(33) Y: Young Generation (Collect Roots) 256M(100%)->256M(100%) 0.001s
[25.446s][info][gc,phases   ] GC(33) O: Old Generation
[25.448s][info][gc,phases   ] GC(33) O: Concurrent Mark 1.499ms
[25.448s][info][gc,phases   ] GC(33) O: Pause Mark End 0.005ms
[25.448s][info][gc,phases   ] GC(33) O: Concurrent Mark Free 0.001ms
[25.448s][info][gc,ref      ] GC(33) O: Clearing All SoftReferences
[25.448s][info][gc,phases   ] GC(33) O: Concurrent Process Non-Strong 0.272ms
[25.448s][info][gc,phases   ] GC(33) O: Concurrent Reset Relocation Set 0.000ms
[25.448s][info][gc          ] Allocation Stall (main) 5.351ms
[25.448s][info][gc,phases   ] GC(33) O: Concurrent Select Relocation Set 0.037ms
[25.448s][info][gc,task     ] GC(33) O: Using 2 Workers for Old Generation
[25.448s][info][gc,task     ] GC(33) O: Using 2 Workers for Old Generation
[25.448s][info][gc,phases   ] GC(33) O: Concurrent Remap Roots 0.353ms
[25.448s][info][gc,phases   ] GC(33) O: Pause Relocate Start 0.005ms
[25.448s][info][gc,phases   ] GC(33) O: Concurrent Relocate 0.031ms
[25.448s][info][gc,alloc    ] GC(33) O:                         Mark Start        Mark End      Relocate Start    Relocate End   
[25.448s][info][gc,alloc    ] GC(33) O: Allocation Stalls:          1                1                0                0         
[25.448s][info][gc,load     ] GC(33) O: Load: 0.00 (0%) / 0.00 (0%) / 0.00 (0%)
[25.448s][info][gc,mmu      ] GC(33) O: MMU: 2ms/96.7%, 5ms/98.3%, 10ms/98.9%, 20ms/99.1%, 50ms/99.2%, 100ms/99.6%
[25.448s][info][gc,marking  ] GC(33) O: Mark: 2 stripe(s), 1 proactive flush(es), 1 terminate flush(es), 0 completion(s), 0 continuation(s) 
[25.449s][info][gc,nmethod  ] GC(33) O: NMethods: 305 registered, 11 unregistered
[25.449s][info][gc,metaspace] GC(33) O: Metaspace: 0M used, 0M committed, 1088M reserved
[25.449s][info][gc,ref      ] GC(33) O:                       Encountered   Discovered     Enqueued 
[25.449s][info][gc,ref      ] GC(33) O: Soft References:               42           25            0 
[25.449s][info][gc,ref      ] GC(33) O: Weak References:               86           40            0 
[25.449s][info][gc,ref      ] GC(33) O: Final References:               0            0            0 
[25.449s][info][gc,ref      ] GC(33) O: Phantom References:             1            0            0 
[25.449s][info][gc,reloc    ] GC(33) O:                        Candidates     Selected     In-Place         Size        Empty    Relocated 
[25.449s][info][gc,reloc    ] GC(33) O: Small Pages:                    2            0            0           4M           2M           0M 
[25.449s][info][gc,reloc    ] GC(33) O: Medium Pages:                   0            0            0           0M           0M           0M 
[25.449s][info][gc,reloc    ] GC(33) O: Large Pages:                  126            0            0         252M           0M           0M 
[25.449s][info][gc,reloc    ] GC(33) O: Forwarding Usage: 0M
[25.449s][info][gc,heap     ] GC(33) O: Min Capacity: 8M(3%)
[25.449s][info][gc,heap     ] GC(33) O: Max Capacity: 256M(100%)
[25.449s][info][gc,heap     ] GC(33) O: Soft Max Capacity: 256M(100%)
[25.449s][info][gc,heap     ] GC(33) O: Heap Statistics:
[25.449s][info][gc,heap     ] GC(33) O:                Mark Start          Mark End        Relocate Start      Relocate End           High               Low         
[25.449s][info][gc,heap     ] GC(33) O:  Capacity:      256M (100%)        256M (100%)        256M (100%)        256M (100%)        256M (100%)        256M (100%)   
[25.449s][info][gc,heap     ] GC(33) O:      Free:        0M (0%)            0M (0%)            0M (0%)            0M (0%)            2M (1%)            0M (0%)     
[25.449s][info][gc,heap     ] GC(33) O:      Used:      256M (100%)        256M (100%)        256M (100%)        256M (100%)        256M (100%)        254M (99%)    
[25.449s][info][gc,heap     ] GC(33) O: Old Generation Statistics:
[25.449s][info][gc,heap     ] GC(33) O:                Mark Start          Mark End        Relocate Start      Relocate End    
[25.449s][info][gc,heap     ] GC(33) O:      Used:      256M (100%)        256M (100%)        254M (99%)         254M (99%)    
[25.449s][info][gc,heap     ] GC(33) O:      Live:         -               253M (99%)         253M (99%)         253M (99%)    
[25.449s][info][gc,heap     ] GC(33) O:   Garbage:         -                 2M (1%)            0M (0%)            0M (0%)     
[25.449s][info][gc,heap     ] GC(33) O: Allocated:         -                 0M (0%)            0M (0%)            0M (0%)     
[25.449s][info][gc,heap     ] GC(33) O: Reclaimed:         -                  -                 2M (1%)            2M (1%)     
[25.449s][info][gc,heap     ] GC(33) O: Compacted:         -                  -                  -                 0M (0%)     
[25.449s][info][gc,phases   ] GC(33) O: Old Generation 256M(100%)->256M(100%) 0.002s
[25.449s][info][gc          ] GC(33) Major Collection (Allocation Stall) 256M(100%)->256M(100%) 0.005s
[25.449s][info][gc,exit     ] Stopping ZGC
[25.450s][info][gc,stats    ] === Garbage Collection Statistics =======================================================================================================================
[25.450s][info][gc,stats    ]                                                              Last 10s              Last 10m              Last 10h                Total
[25.450s][info][gc,stats    ]                                                              Avg / Max             Avg / Max             Avg / Max             Avg / Max
[25.450s][info][gc,stats    ]        Contention: Mark Segment Reset Contention                     0 / 0                 0 / 2                 0 / 2                 0 / 2           ops/s
[25.450s][info][gc,stats    ]        Contention: Mark SeqNum Reset Contention                      0 / 0                 0 / 1                 0 / 1                 0 / 1           ops/s
[25.450s][info][gc,stats    ]          Critical: Allocation Stall                                  0 / 0                 0 / 0                 0 / 0                 0 / 0           ops/s
[25.450s][info][gc,stats    ]          Critical: Allocation Stall                              0.000 / 0.000         0.000 / 0.000         0.000 / 0.000         0.000 / 0.000       ms
[25.450s][info][gc,stats    ]          Critical: JNI Critical Stall                                0 / 0                 0 / 0                 0 / 0                 0 / 0           ops/s
[25.450s][info][gc,stats    ]          Critical: JNI Critical Stall                            0.000 / 0.000         0.000 / 0.000         0.000 / 0.000         0.000 / 0.000       ms
[25.450s][info][gc,stats    ]          Critical: Relocation Stall                                  0 / 0                 0 / 0                 0 / 0                 0 / 0           ops/s
[25.450s][info][gc,stats    ]          Critical: Relocation Stall                              0.000 / 0.000         0.000 / 0.000         0.000 / 0.000         0.000 / 0.000       ms
[25.450s][info][gc,stats    ]  Major Collection: Major Collection                              6.342 / 8.005         6.852 / 10.140        6.852 / 10.140        6.852 / 10.140      ms
[25.450s][info][gc,stats    ]            Memory: Allocation Rate                                  11 / 16               11 / 16               11 / 16               11 / 16          MB/s
[25.450s][info][gc,stats    ]            Memory: Defragment                                        0 / 0                 0 / 0                 0 / 0                 0 / 0           ops/s
[25.450s][info][gc,stats    ]            Memory: Mapped Cache Harvest                              0 / 0                 0 / 0                 0 / 0                 0 / 0           MB/s
[25.450s][info][gc,stats    ]            Memory: Out Of Memory                                     0 / 0                 0 / 0                 0 / 0                 0 / 0           ops/s
[25.450s][info][gc,stats    ]            Memory: Uncommit                                          0 / 0                 0 / 0                 0 / 0                 0 / 0           MB/s
[25.450s][info][gc,stats    ]            Memory: Undo Object Allocation Failed                     0 / 0                 0 / 0                 0 / 0                 0 / 0           ops/s
[25.450s][info][gc,stats    ]            Memory: Undo Object Allocation Succeeded                  0 / 0                 0 / 0                 0 / 0                 0 / 0           ops/s
[25.450s][info][gc,stats    ]            Memory: Undo Page Allocation                              0 / 0                 0 / 0                 0 / 0                 0 / 0           ops/s
[25.450s][info][gc,stats    ]  Minor Collection: Minor Collection                              1.735 / 2.616         1.735 / 2.616         1.735 / 2.616         1.735 / 2.616       ms
[25.450s][info][gc,stats    ]    Old Generation: Old Generation                                3.619 / 5.380         3.258 / 5.380         3.258 / 5.380         3.258 / 5.380       ms
[25.450s][info][gc,stats    ]         Old Pause: Pause Mark End                                0.007 / 0.010         0.006 / 0.010         0.006 / 0.010         0.006 / 0.010       ms
[25.450s][info][gc,stats    ]         Old Pause: Pause Relocate Start                          0.007 / 0.016         0.006 / 0.016         0.006 / 0.016         0.006 / 0.016       ms
[25.450s][info][gc,stats    ]         Old Phase: Concurrent Mark                               2.053 / 2.856         1.809 / 2.856         1.809 / 2.856         1.809 / 2.856       ms
[25.450s][info][gc,stats    ]         Old Phase: Concurrent Mark Continue                      0.000 / 0.000         0.000 / 0.000         0.000 / 0.000         0.000 / 0.000       ms
[25.450s][info][gc,stats    ]         Old Phase: Concurrent Mark Free                          0.001 / 0.002         0.001 / 0.003         0.001 / 0.003         0.001 / 0.003       ms
[25.450s][info][gc,stats    ]         Old Phase: Concurrent Process Non-Strong                 0.506 / 0.829         0.451 / 0.829         0.451 / 0.829         0.451 / 0.829       ms
[25.450s][info][gc,stats    ]         Old Phase: Concurrent Relocate                           0.452 / 1.858         0.445 / 1.858         0.445 / 1.858         0.445 / 1.858       ms
[25.450s][info][gc,stats    ]         Old Phase: Concurrent Remap Roots                        0.309 / 0.422         0.289 / 0.442         0.289 / 0.442         0.289 / 0.442       ms
[25.450s][info][gc,stats    ]         Old Phase: Concurrent Reset Relocation Set               0.000 / 0.001         0.000 / 0.001         0.000 / 0.001         0.000 / 0.001       ms
[25.450s][info][gc,stats    ]         Old Phase: Concurrent Select Relocation Set              0.058 / 0.158         0.054 / 0.183         0.054 / 0.183         0.054 / 0.183       ms
[25.450s][info][gc,stats    ]      Old Subphase: Concurrent Classes Purge                      0.006 / 0.011         0.007 / 0.016         0.007 / 0.016         0.007 / 0.016       ms
[25.450s][info][gc,stats    ]      Old Subphase: Concurrent Classes Unlink                     0.294 / 0.633         0.239 / 0.633         0.239 / 0.633         0.239 / 0.633       ms
[25.450s][info][gc,stats    ]      Old Subphase: Concurrent Mark Follow                        1.985 / 2.784         1.746 / 2.784         1.746 / 2.784         1.746 / 2.784       ms
[25.450s][info][gc,stats    ]      Old Subphase: Concurrent Mark Root Colored                  0.019 / 0.040         0.014 / 0.040         0.014 / 0.040         0.014 / 0.040       ms
[25.450s][info][gc,stats    ]      Old Subphase: Concurrent Mark Root Uncolored                0.024 / 0.041         0.026 / 0.041         0.026 / 0.041         0.026 / 0.041       ms
[25.450s][info][gc,stats    ]      Old Subphase: Concurrent Mark Roots                         0.066 / 0.108         0.061 / 0.108         0.061 / 0.108         0.061 / 0.108       ms
[25.450s][info][gc,stats    ]      Old Subphase: Concurrent References Enqueue                 0.001 / 0.005         0.001 / 0.005         0.001 / 0.005         0.001 / 0.005       ms
[25.450s][info][gc,stats    ]      Old Subphase: Concurrent References Process                 0.019 / 0.044         0.029 / 0.146         0.029 / 0.146         0.029 / 0.146       ms
[25.450s][info][gc,stats    ]      Old Subphase: Concurrent Remap Remembered                   0.183 / 0.277         0.135 / 0.277         0.135 / 0.277         0.135 / 0.277       ms
[25.450s][info][gc,stats    ]      Old Subphase: Concurrent Remap Roots Colored                0.036 / 0.081         0.052 / 0.113         0.052 / 0.113         0.052 / 0.113       ms
[25.450s][info][gc,stats    ]      Old Subphase: Concurrent Remap Roots Uncolored              0.033 / 0.047         0.030 / 0.052         0.030 / 0.052         0.030 / 0.052       ms
[25.450s][info][gc,stats    ]      Old Subphase: Concurrent Roots ClassLoaderDataGraph         0.021 / 0.067         0.030 / 0.099         0.030 / 0.099         0.030 / 0.099       ms
[25.450s][info][gc,stats    ]      Old Subphase: Concurrent Roots CodeCache                    0.032 / 0.046         0.029 / 0.052         0.029 / 0.052         0.029 / 0.052       ms
[25.450s][info][gc,stats    ]      Old Subphase: Concurrent Roots JavaThreads                  0.008 / 0.041         0.008 / 0.041         0.008 / 0.041         0.008 / 0.041       ms
[25.450s][info][gc,stats    ]      Old Subphase: Concurrent Roots OopStorageSet                0.003 / 0.008         0.003 / 0.009         0.003 / 0.009         0.003 / 0.009       ms
[25.450s][info][gc,stats    ]      Old Subphase: Concurrent Weak Roots OopStorageSet           0.047 / 0.129         0.049 / 0.174         0.049 / 0.174         0.049 / 0.174       ms
[25.450s][info][gc,stats    ]            System: Java Threads                                     11 / 11               11 / 11               11 / 11               11 / 11          threads
[25.450s][info][gc,stats    ]  Young Generation: Young Generation                              2.038 / 3.206         2.904 / 8.328         2.904 / 8.328         2.904 / 8.328       ms
[25.450s][info][gc,stats    ]  Young Generation: Young Generation                              1.410 / 2.209         1.410 / 2.209         1.410 / 2.209         1.410 / 2.209       ms
[25.450s][info][gc,stats    ]  Young Generation: Young Generation (Collect Roots)              0.000 / 0.000         0.000 / 0.000         0.000 / 0.000         0.000 / 0.000       ms
[25.450s][info][gc,stats    ]  Young Generation: Young Generation (Promote All)                0.000 / 0.000         0.000 / 0.000         0.000 / 0.000         0.000 / 0.000       ms
[25.450s][info][gc,stats    ]       Young Pause: Pause Mark End                                0.007 / 0.011         0.009 / 0.030         0.009 / 0.030         0.009 / 0.030       ms
[25.450s][info][gc,stats    ]       Young Pause: Pause Mark Start                              0.011 / 0.019         0.011 / 0.019         0.011 / 0.019         0.011 / 0.019       ms
[25.450s][info][gc,stats    ]       Young Pause: Pause Mark Start (Major)                      0.017 / 0.039         0.018 / 0.039         0.018 / 0.039         0.018 / 0.039       ms
[25.450s][info][gc,stats    ]       Young Pause: Pause Relocate Start                          0.010 / 0.056         0.009 / 0.056         0.009 / 0.056         0.009 / 0.056       ms
[25.450s][info][gc,stats    ]       Young Phase: Concurrent Mark                               0.990 / 1.629         1.368 / 4.646         1.368 / 4.646         1.368 / 4.646       ms
[25.450s][info][gc,stats    ]       Young Phase: Concurrent Mark Continue                      0.000 / 0.000         0.000 / 0.000         0.000 / 0.000         0.000 / 0.000       ms
[25.450s][info][gc,stats    ]       Young Phase: Concurrent Mark Free                          0.001 / 0.004         0.001 / 0.005         0.001 / 0.005         0.001 / 0.005       ms
[25.450s][info][gc,stats    ]       Young Phase: Concurrent Relocate                           0.077 / 0.423         0.282 / 2.282         0.282 / 2.282         0.282 / 2.282       ms
[25.450s][info][gc,stats    ]       Young Phase: Concurrent Reset Relocation Set               0.003 / 0.009         0.003 / 0.009         0.003 / 0.009         0.003 / 0.009       ms
[25.450s][info][gc,stats    ]       Young Phase: Concurrent Select Relocation Set              0.237 / 0.522         0.333 / 0.798         0.333 / 0.798         0.333 / 0.798       ms
[25.450s][info][gc,stats    ]    Young Subphase: Concurrent Mark Follow                        0.605 / 1.032         0.773 / 1.906         0.773 / 1.906         0.773 / 1.906       ms
[25.450s][info][gc,stats    ]    Young Subphase: Concurrent Mark Root Colored                  0.228 / 0.672         0.315 / 0.672         0.315 / 0.672         0.315 / 0.672       ms
[25.450s][info][gc,stats    ]    Young Subphase: Concurrent Mark Root Uncolored                0.110 / 0.181         0.272 / 2.030         0.272 / 2.030         0.272 / 2.030       ms
[25.450s][info][gc,stats    ]    Young Subphase: Concurrent Mark Roots                         0.384 / 0.892         0.593 / 2.784         0.593 / 2.784         0.593 / 2.784       ms
[25.450s][info][gc,stats    ]    Young Subphase: Concurrent Relocate Remset FP                 0.032 / 0.253         0.034 / 0.253         0.034 / 0.253         0.034 / 0.253       ms
[25.450s][info][gc,stats    ]    Young Subphase: Concurrent Roots ClassLoaderDataGraph         0.074 / 0.263         0.096 / 0.373         0.096 / 0.373         0.096 / 0.373       ms
[25.450s][info][gc,stats    ]    Young Subphase: Concurrent Roots CodeCache                    0.081 / 0.131         0.084 / 0.157         0.084 / 0.157         0.084 / 0.157       ms
[25.450s][info][gc,stats    ]    Young Subphase: Concurrent Roots JavaThreads                  0.015 / 0.049         0.100 / 2.029         0.100 / 2.029         0.100 / 2.029       ms
[25.450s][info][gc,stats    ]    Young Subphase: Concurrent Roots OopStorageSet                0.004 / 0.016         0.030 / 0.513         0.030 / 0.513         0.030 / 0.513       ms
[25.450s][info][gc,stats    ]    Young Subphase: Concurrent Weak Roots OopStorageSet           0.148 / 0.579         0.207 / 0.579         0.207 / 0.579         0.207 / 0.579       ms
[25.450s][info][gc,stats    ] =========================================================================================================================================================
[25.450s][info][gc,exit     ] Heap
[25.450s][info][gc,exit     ]  ZHeap           used 256M, capacity 256M, max capacity 256M
[25.450s][info][gc,exit     ]   Cache          0M (0)
[25.450s][info][gc,exit     ]  Metaspace       used 495K, committed 704K, reserved 1114112K
[25.450s][info][gc,exit     ]   class space    used 20K, committed 128K, reserved 1048576K
