[2026-01-02T07:37:58.922-0600][0.007s] CardTable entry size: 512
[2026-01-02T07:37:58.922-0600][0.008s] Using G1
[2026-01-02T07:37:58.922-0600][0.008s] Version: 25.0.1+8-LTS-27 (release)
[2026-01-02T07:37:58.922-0600][0.008s] CPUs: 14 total, 14 available
[2026-01-02T07:37:58.922-0600][0.008s] Memory: 32217M
[2026-01-02T07:37:58.922-0600][0.008s] Large Page Support: Disabled
[2026-01-02T07:37:58.922-0600][0.008s] NUMA Support: Disabled
[2026-01-02T07:37:58.922-0600][0.008s] Compressed Oops: Enabled (32-bit)
[2026-01-02T07:37:58.922-0600][0.008s] Heap Region Size: 1M
[2026-01-02T07:37:58.922-0600][0.008s] Heap Min Capacity: 128M
[2026-01-02T07:37:58.922-0600][0.008s] Heap Initial Capacity: 128M
[2026-01-02T07:37:58.922-0600][0.008s] Heap Max Capacity: 256M
[2026-01-02T07:37:58.922-0600][0.009s] Pre-touch: Disabled
[2026-01-02T07:37:58.922-0600][0.009s] Parallel Workers: 11
[2026-01-02T07:37:58.922-0600][0.009s] Concurrent Workers: 3
[2026-01-02T07:37:58.922-0600][0.009s] Concurrent Refinement Workers: 11
[2026-01-02T07:37:58.922-0600][0.009s] Periodic GC: Disabled
[2026-01-02T07:37:58.931-0600][0.016s] CDS archive(s) mapped at: [0x000000008f000000-0x000000008fdd0000-0x000000008fdd0000), size 14483456, SharedBaseAddress: 0x000000008f000000, ArchiveRelocationMode: 1.
[2026-01-02T07:37:58.931-0600][0.016s] Compressed class space mapped at: 0x0000000090000000-0x00000000d0000000, reserved size: 1073741824
[2026-01-02T07:37:58.931-0600][0.016s] UseCompressedClassPointers 1, UseCompactObjectHeaders 0
[2026-01-02T07:37:58.931-0600][0.016s] Narrow klass pointer bits 32, Max shift 3
[2026-01-02T07:37:58.931-0600][0.016s] Narrow klass base: 0x000000008f000000, Narrow klass shift: 0
[2026-01-02T07:37:58.931-0600][0.016s] Encoding Range: [0x000000008f000000 - 0x000000018f000000), (4294967296 bytes)
[2026-01-02T07:37:58.931-0600][0.016s] Klass Range:    [0x000000008f010000 - 0x00000000d0000000), (1090453504 bytes)
[2026-01-02T07:37:58.931-0600][0.016s] Klass ID Range:  [65536 - 1090519033) (1090453497)
[2026-01-02T07:37:58.931-0600][0.016s] Protection zone: [0x000000008f000000 - 0x000000008f010000), (65536 bytes)
[2026-01-02T07:38:04.624-0600][5.709s] GC(0) Pause Young (Concurrent Start) (G1 Humongous Allocation)
[2026-01-02T07:38:04.624-0600][5.709s] GC(0) Using 3 workers of 11 for evacuation
[2026-01-02T07:38:04.627-0600][5.711s] GC(0)   Pre Evacuate Collection Set: 0.50ms
[2026-01-02T07:38:04.627-0600][5.711s] GC(0)   Merge Heap Roots: 0.16ms
[2026-01-02T07:38:04.627-0600][5.711s] GC(0)   Evacuate Collection Set: 1.12ms
[2026-01-02T07:38:04.627-0600][5.711s] GC(0)   Post Evacuate Collection Set: 0.35ms
[2026-01-02T07:38:04.627-0600][5.711s] GC(0)   Other: 0.32ms
[2026-01-02T07:38:04.627-0600][5.711s] GC(0) Eden regions: 2->0(29)
[2026-01-02T07:38:04.627-0600][5.711s] GC(0) Survivor regions: 0->1(6)
[2026-01-02T07:38:04.627-0600][5.711s] GC(0) Old regions: 2->2
[2026-01-02T07:38:04.627-0600][5.711s] GC(0) Humongous regions: 56->56
[2026-01-02T07:38:04.627-0600][5.711s] GC(0) Metaspace: 403K(576K)->403K(576K) NonClass: 383K(448K)->383K(448K) Class: 19K(128K)->19K(128K)
[2026-01-02T07:38:04.627-0600][5.712s] GC(0) Pause Young (Concurrent Start) (G1 Humongous Allocation) 59M->57M(130M) 2.948ms
[2026-01-02T07:38:04.627-0600][5.712s] GC(0) User=0.00s Sys=0.00s Real=0.00s
[2026-01-02T07:38:04.627-0600][5.712s] GC(1) Concurrent Mark Cycle
[2026-01-02T07:38:04.627-0600][5.712s] GC(1) Concurrent Scan Root Regions
[2026-01-02T07:38:04.627-0600][5.712s] GC(1) Concurrent Scan Root Regions 0.576ms
[2026-01-02T07:38:04.627-0600][5.712s] GC(1) Concurrent Mark
[2026-01-02T07:38:04.627-0600][5.712s] GC(1) Concurrent Mark From Roots
[2026-01-02T07:38:04.628-0600][5.712s] GC(1) Using 3 workers of 3 for marking
[2026-01-02T07:38:04.629-0600][5.714s] GC(1) Concurrent Mark From Roots 1.637ms
[2026-01-02T07:38:04.629-0600][5.714s] GC(1) Concurrent Preclean
[2026-01-02T07:38:04.629-0600][5.714s] GC(1) Concurrent Preclean 0.011ms
[2026-01-02T07:38:04.629-0600][5.714s] GC(1) Pause Remark
[2026-01-02T07:38:04.630-0600][5.714s] GC(1) Pause Remark 60M->60M(130M) 0.438ms
[2026-01-02T07:38:04.630-0600][5.715s] GC(1) User=0.00s Sys=0.00s Real=0.00s
[2026-01-02T07:38:04.630-0600][5.715s] GC(1) Concurrent Mark 2.305ms
[2026-01-02T07:38:04.630-0600][5.715s] GC(1) Concurrent Rebuild Remembered Sets and Scrub Regions
[2026-01-02T07:38:04.630-0600][5.715s] GC(1) Concurrent Rebuild Remembered Sets and Scrub Regions 0.379ms
[2026-01-02T07:38:04.630-0600][5.715s] GC(1) Pause Cleanup
[2026-01-02T07:38:04.630-0600][5.715s] GC(1) Pause Cleanup 60M->60M(130M) 0.021ms
[2026-01-02T07:38:04.630-0600][5.715s] GC(1) User=0.00s Sys=0.00s Real=0.00s
[2026-01-02T07:38:04.630-0600][5.715s] GC(1) Concurrent Clear Claimed Marks
[2026-01-02T07:38:04.630-0600][5.715s] GC(1) Concurrent Clear Claimed Marks 0.008ms
[2026-01-02T07:38:04.630-0600][5.715s] GC(1) Concurrent Cleanup for Next Mark
[2026-01-02T07:38:04.630-0600][5.715s] GC(1) Concurrent Cleanup for Next Mark 0.351ms
[2026-01-02T07:38:04.630-0600][5.715s] GC(1) Concurrent Mark Cycle 3.831ms
[2026-01-02T07:38:24.255-0600][25.340s] GC(2) Pause Young (Prepare Mixed) (G1 Humongous Allocation)
[2026-01-02T07:38:24.255-0600][25.340s] GC(2) Using 6 workers of 11 for evacuation
[2026-01-02T07:38:24.257-0600][25.342s] GC(2)   Pre Evacuate Collection Set: 0.22ms
[2026-01-02T07:38:24.257-0600][25.342s] GC(2)   Merge Heap Roots: 0.09ms
[2026-01-02T07:38:24.257-0600][25.342s] GC(2)   Evacuate Collection Set: 0.87ms
[2026-01-02T07:38:24.257-0600][25.342s] GC(2)   Post Evacuate Collection Set: 0.28ms
[2026-01-02T07:38:24.257-0600][25.342s] GC(2)   Other: 0.39ms
[2026-01-02T07:38:24.257-0600][25.342s] GC(2) Eden regions: 1->0(3)
[2026-01-02T07:38:24.257-0600][25.342s] GC(2) Survivor regions: 1->1(2)
[2026-01-02T07:38:24.257-0600][25.342s] GC(2) Old regions: 2->2
[2026-01-02T07:38:24.257-0600][25.342s] GC(2) Humongous regions: 250->250
[2026-01-02T07:38:24.257-0600][25.342s] GC(2) Metaspace: 451K(640K)->451K(640K) NonClass: 431K(512K)->431K(512K) Class: 19K(128K)->19K(128K)
[2026-01-02T07:38:24.257-0600][25.342s] GC(2) Pause Young (Prepare Mixed) (G1 Humongous Allocation) 252M->251M(256M) 2.180ms
[2026-01-02T07:38:24.257-0600][25.342s] GC(2) User=0.00s Sys=0.00s Real=0.00s
[2026-01-02T07:38:24.459-0600][25.544s] GC(3) Pause Young (Mixed) (G1 Humongous Allocation)
[2026-01-02T07:38:24.459-0600][25.544s] GC(3) Using 6 workers of 11 for evacuation
[2026-01-02T07:38:24.461-0600][25.546s] GC(3)   Pre Evacuate Collection Set: 0.35ms
[2026-01-02T07:38:24.461-0600][25.546s] GC(3)   Merge Heap Roots: 0.25ms
[2026-01-02T07:38:24.461-0600][25.546s] GC(3)   Evacuate Collection Set: 0.69ms
[2026-01-02T07:38:24.461-0600][25.546s] GC(3)   Post Evacuate Collection Set: 0.56ms
[2026-01-02T07:38:24.461-0600][25.546s] GC(3)   Other: 0.09ms
[2026-01-02T07:38:24.461-0600][25.546s] GC(3) Eden regions: 1->0(1)
[2026-01-02T07:38:24.461-0600][25.546s] GC(3) Survivor regions: 1->0(0)
[2026-01-02T07:38:24.461-0600][25.546s] GC(3) Old regions: 2->3
[2026-01-02T07:38:24.461-0600][25.546s] GC(3) Humongous regions: 252->252
[2026-01-02T07:38:24.461-0600][25.546s] GC(3) Metaspace: 451K(640K)->451K(640K) NonClass: 431K(512K)->431K(512K) Class: 19K(128K)->19K(128K)
[2026-01-02T07:38:24.461-0600][25.546s] GC(3) Pause Young (Mixed) (G1 Humongous Allocation) (Evacuation Failure: Allocation) 253M->253M(256M) 2.286ms
[2026-01-02T07:38:24.461-0600][25.546s] GC(3) User=0.00s Sys=0.00s Real=0.00s
[2026-01-02T07:38:24.461-0600][25.546s] Attempting full compaction
[2026-01-02T07:38:24.461-0600][25.546s] GC(4) Pause Full (G1 Compaction Pause)
[2026-01-02T07:38:24.461-0600][25.546s] GC(4) Using 6 workers of 11 for full compaction
[2026-01-02T07:38:24.461-0600][25.546s] GC(4) Phase 1: Mark live objects
[2026-01-02T07:38:24.462-0600][25.548s] GC(4) Phase 1: Mark live objects 1.300ms
[2026-01-02T07:38:24.462-0600][25.548s] GC(4) Phase 2: Prepare compaction
[2026-01-02T07:38:24.463-0600][25.548s] GC(4) Phase 2: Prepare compaction 0.175ms
[2026-01-02T07:38:24.463-0600][25.548s] GC(4) Phase 3: Adjust pointers
[2026-01-02T07:38:24.463-0600][25.548s] GC(4) Phase 3: Adjust pointers 0.350ms
[2026-01-02T07:38:24.463-0600][25.548s] GC(4) Phase 4: Compact heap
[2026-01-02T07:38:24.463-0600][25.548s] GC(4) Phase 4: Compact heap 0.157ms
[2026-01-02T07:38:24.463-0600][25.548s] GC(4) Phase 5: Reset Metadata
[2026-01-02T07:38:24.463-0600][25.549s] GC(4) Phase 5: Reset Metadata 0.182ms
[2026-01-02T07:38:24.465-0600][25.549s] GC(4) Eden regions: 0->0(2)
[2026-01-02T07:38:24.465-0600][25.549s] GC(4) Survivor regions: 0->0(0)
[2026-01-02T07:38:24.465-0600][25.549s] GC(4) Old regions: 3->2
[2026-01-02T07:38:24.465-0600][25.549s] GC(4) Humongous regions: 252->252
[2026-01-02T07:38:24.465-0600][25.549s] GC(4) Metaspace: 451K(640K)->449K(640K) NonClass: 431K(512K)->430K(512K) Class: 19K(128K)->19K(128K)
[2026-01-02T07:38:24.465-0600][25.549s] GC(4) Pause Full (G1 Compaction Pause) 253M->253M(256M) 3.376ms
[2026-01-02T07:38:24.465-0600][25.549s] GC(4) User=0.00s Sys=0.09s Real=0.00s
[2026-01-02T07:38:24.465-0600][25.549s] Attempting maximal full compaction clearing soft references
[2026-01-02T07:38:24.465-0600][25.550s] GC(5) Pause Full (G1 Compaction Pause)
[2026-01-02T07:38:24.465-0600][25.550s] GC(5) Using 6 workers of 11 for full compaction
[2026-01-02T07:38:24.465-0600][25.550s] GC(5) Phase 1: Mark live objects
[2026-01-02T07:38:24.466-0600][25.550s] GC(5) Phase 1: Mark live objects 0.799ms
[2026-01-02T07:38:24.466-0600][25.551s] GC(5) Phase 2: Prepare compaction
[2026-01-02T07:38:24.466-0600][25.551s] GC(5) Phase 2: Prepare compaction 0.505ms
[2026-01-02T07:38:24.466-0600][25.551s] GC(5) Phase 3: Adjust pointers
[2026-01-02T07:38:24.467-0600][25.552s] GC(5) Phase 3: Adjust pointers 0.507ms
[2026-01-02T07:38:24.467-0600][25.552s] GC(5) Phase 4: Compact heap
[2026-01-02T07:38:24.467-0600][25.552s] GC(5) Phase 4: Compact heap 0.336ms
[2026-01-02T07:38:24.467-0600][25.552s] GC(5) Phase 5: Reset Metadata
[2026-01-02T07:38:24.467-0600][25.552s] GC(5) Phase 5: Reset Metadata 0.089ms
[2026-01-02T07:38:24.468-0600][25.552s] GC(5) Eden regions: 0->0(2)
[2026-01-02T07:38:24.468-0600][25.552s] GC(5) Survivor regions: 0->0(0)
[2026-01-02T07:38:24.468-0600][25.552s] GC(5) Old regions: 2->2
[2026-01-02T07:38:24.468-0600][25.552s] GC(5) Humongous regions: 252->252
[2026-01-02T07:38:24.468-0600][25.552s] GC(5) Metaspace: 449K(640K)->449K(640K) NonClass: 430K(512K)->430K(512K) Class: 19K(128K)->19K(128K)
[2026-01-02T07:38:24.468-0600][25.552s] GC(5) Pause Full (G1 Compaction Pause) 253M->253M(256M) 2.916ms
[2026-01-02T07:38:24.468-0600][25.552s] GC(5) User=0.00s Sys=0.00s Real=0.00s
[2026-01-02T07:38:24.468-0600][25.553s] GC(6) Pause Young (Concurrent Start) (G1 Evacuation Pause)
[2026-01-02T07:38:24.468-0600][25.553s] GC(6) Using 6 workers of 11 for evacuation
[2026-01-02T07:38:24.468-0600][25.553s] GC(6)   Pre Evacuate Collection Set: 0.10ms
[2026-01-02T07:38:24.468-0600][25.553s] GC(6)   Merge Heap Roots: 0.09ms
[2026-01-02T07:38:24.468-0600][25.553s] GC(6)   Evacuate Collection Set: 0.12ms
[2026-01-02T07:38:24.468-0600][25.553s] GC(6)   Post Evacuate Collection Set: 0.07ms
[2026-01-02T07:38:24.468-0600][25.553s] GC(6)   Other: 0.03ms
[2026-01-02T07:38:24.468-0600][25.553s] GC(6) Eden regions: 0->0(1)
[2026-01-02T07:38:24.468-0600][25.553s] GC(6) Survivor regions: 0->0(0)
[2026-01-02T07:38:24.468-0600][25.553s] GC(6) Old regions: 2->2
[2026-01-02T07:38:24.468-0600][25.553s] GC(6) Humongous regions: 254->254
[2026-01-02T07:38:24.468-0600][25.553s] GC(6) Metaspace: 449K(640K)->449K(640K) NonClass: 430K(512K)->430K(512K) Class: 19K(128K)->19K(128K)
[2026-01-02T07:38:24.468-0600][25.553s] GC(6) Pause Young (Concurrent Start) (G1 Evacuation Pause) 255M->255M(256M) 0.489ms
[2026-01-02T07:38:24.468-0600][25.553s] GC(6) User=0.00s Sys=0.00s Real=0.00s
[2026-01-02T07:38:24.468-0600][25.553s] GC(7) Concurrent Mark Cycle
[2026-01-02T07:38:24.468-0600][25.553s] Attempting full compaction
[2026-01-02T07:38:24.468-0600][25.553s] GC(7) Concurrent Scan Root Regions
[2026-01-02T07:38:24.468-0600][25.553s] GC(8) Pause Full (G1 Compaction Pause)
[2026-01-02T07:38:24.468-0600][25.553s] GC(7) Concurrent Scan Root Regions 0.024ms
[2026-01-02T07:38:24.468-0600][25.553s] GC(8) Using 6 workers of 11 for full compaction
[2026-01-02T07:38:24.468-0600][25.553s] GC(7) Concurrent Mark
[2026-01-02T07:38:24.468-0600][25.553s] GC(7) Concurrent Mark From Roots
[2026-01-02T07:38:24.468-0600][25.553s] GC(7) Using 3 workers of 3 for marking
[2026-01-02T07:38:24.469-0600][25.553s] GC(8) Phase 1: Mark live objects
[2026-01-02T07:38:24.469-0600][25.554s] GC(8) Phase 1: Mark live objects 0.621ms
[2026-01-02T07:38:24.469-0600][25.554s] GC(8) Phase 2: Prepare compaction
[2026-01-02T07:38:24.469-0600][25.554s] GC(8) Phase 2: Prepare compaction 0.078ms
[2026-01-02T07:38:24.469-0600][25.554s] GC(8) Phase 3: Adjust pointers
[2026-01-02T07:38:24.470-0600][25.554s] GC(8) Phase 3: Adjust pointers 0.320ms
[2026-01-02T07:38:24.470-0600][25.554s] GC(8) Phase 4: Compact heap
[2026-01-02T07:38:24.470-0600][25.554s] GC(8) Phase 4: Compact heap 0.065ms
[2026-01-02T07:38:24.470-0600][25.554s] GC(8) Phase 5: Reset Metadata
[2026-01-02T07:38:24.470-0600][25.555s] GC(8) Phase 5: Reset Metadata 0.155ms
[2026-01-02T07:38:24.470-0600][25.555s] GC(8) Eden regions: 0->0(1)
[2026-01-02T07:38:24.470-0600][25.555s] GC(8) Survivor regions: 0->0(0)
[2026-01-02T07:38:24.470-0600][25.555s] GC(8) Old regions: 2->2
[2026-01-02T07:38:24.470-0600][25.555s] GC(8) Humongous regions: 254->254
[2026-01-02T07:38:24.470-0600][25.555s] GC(8) Metaspace: 449K(640K)->449K(640K) NonClass: 430K(512K)->430K(512K) Class: 19K(128K)->19K(128K)
[2026-01-02T07:38:24.470-0600][25.555s] GC(8) Pause Full (G1 Compaction Pause) 255M->255M(256M) 1.789ms
[2026-01-02T07:38:24.470-0600][25.555s] GC(8) User=0.00s Sys=0.00s Real=0.00s
[2026-01-02T07:38:24.470-0600][25.555s] Attempting maximal full compaction clearing soft references
[2026-01-02T07:38:24.470-0600][25.555s] GC(9) Pause Full (G1 Compaction Pause)
[2026-01-02T07:38:24.470-0600][25.555s] GC(9) Using 6 workers of 11 for full compaction
[2026-01-02T07:38:24.470-0600][25.555s] GC(9) Phase 1: Mark live objects
[2026-01-02T07:38:24.471-0600][25.556s] GC(9) Phase 1: Mark live objects 0.573ms
[2026-01-02T07:38:24.471-0600][25.556s] GC(9) Phase 2: Prepare compaction
[2026-01-02T07:38:24.471-0600][25.556s] GC(9) Phase 2: Prepare compaction 0.216ms
[2026-01-02T07:38:24.471-0600][25.556s] GC(9) Phase 3: Adjust pointers
[2026-01-02T07:38:24.471-0600][25.556s] GC(9) Phase 3: Adjust pointers 0.308ms
[2026-01-02T07:38:24.471-0600][25.556s] GC(9) Phase 4: Compact heap
[2026-01-02T07:38:24.472-0600][25.556s] GC(9) Phase 4: Compact heap 0.174ms
[2026-01-02T07:38:24.472-0600][25.556s] GC(9) Phase 5: Reset Metadata
[2026-01-02T07:38:24.472-0600][25.556s] GC(9) Phase 5: Reset Metadata 0.041ms
[2026-01-02T07:38:24.472-0600][25.557s] GC(9) Eden regions: 0->0(1)
[2026-01-02T07:38:24.472-0600][25.557s] GC(9) Survivor regions: 0->0(0)
[2026-01-02T07:38:24.472-0600][25.557s] GC(9) Old regions: 2->2
[2026-01-02T07:38:24.472-0600][25.557s] GC(9) Humongous regions: 254->254
[2026-01-02T07:38:24.472-0600][25.557s] GC(9) Metaspace: 449K(640K)->449K(640K) NonClass: 430K(512K)->430K(512K) Class: 19K(128K)->19K(128K)
[2026-01-02T07:38:24.472-0600][25.557s] GC(9) Pause Full (G1 Compaction Pause) 255M->255M(256M) 1.752ms
[2026-01-02T07:38:24.472-0600][25.557s] GC(9) User=0.00s Sys=0.00s Real=0.00s
[2026-01-02T07:38:24.472-0600][25.557s] GC(7) Concurrent Mark From Roots 3.544ms
[2026-01-02T07:38:24.472-0600][25.557s] GC(7) Concurrent Mark Abort
[2026-01-02T07:38:24.472-0600][25.557s] GC(7) Concurrent Mark Cycle 3.656ms
[2026-01-02T07:38:24.472-0600][25.557s] GC(10) Pause Young (Normal) (G1 Evacuation Pause)
[2026-01-02T07:38:24.472-0600][25.557s] GC(10) Using 6 workers of 11 for evacuation
[2026-01-02T07:38:24.472-0600][25.557s] GC(10)   Pre Evacuate Collection Set: 0.13ms
[2026-01-02T07:38:24.472-0600][25.557s] GC(10)   Merge Heap Roots: 0.02ms
[2026-01-02T07:38:24.472-0600][25.557s] GC(10)   Evacuate Collection Set: 0.05ms
[2026-01-02T07:38:24.472-0600][25.557s] GC(10)   Post Evacuate Collection Set: 0.07ms
[2026-01-02T07:38:24.472-0600][25.557s] GC(10)   Other: 0.03ms
[2026-01-02T07:38:24.472-0600][25.557s] GC(10) Eden regions: 0->0(1)
[2026-01-02T07:38:24.472-0600][25.557s] GC(10) Survivor regions: 0->0(0)
[2026-01-02T07:38:24.472-0600][25.557s] GC(10) Old regions: 2->2
[2026-01-02T07:38:24.472-0600][25.557s] GC(10) Humongous regions: 254->254
[2026-01-02T07:38:24.472-0600][25.557s] GC(10) Metaspace: 449K(640K)->449K(640K) NonClass: 430K(512K)->430K(512K) Class: 19K(128K)->19K(128K)
[2026-01-02T07:38:24.473-0600][25.557s] GC(10) Pause Young (Normal) (G1 Evacuation Pause) 255M->255M(256M) 0.540ms
[2026-01-02T07:38:24.473-0600][25.557s] GC(10) User=0.00s Sys=0.00s Real=0.00s
[2026-01-02T07:38:24.473-0600][25.557s] Attempting full compaction
[2026-01-02T07:38:24.473-0600][25.557s] GC(11) Pause Full (G1 Compaction Pause)
[2026-01-02T07:38:24.473-0600][25.557s] GC(11) Using 6 workers of 11 for full compaction
[2026-01-02T07:38:24.473-0600][25.557s] GC(11) Phase 1: Mark live objects
[2026-01-02T07:38:24.473-0600][25.558s] GC(11) Phase 1: Mark live objects 0.621ms
[2026-01-02T07:38:24.473-0600][25.558s] GC(11) Phase 2: Prepare compaction
[2026-01-02T07:38:24.473-0600][25.558s] GC(11) Phase 2: Prepare compaction 0.072ms
[2026-01-02T07:38:24.473-0600][25.558s] GC(11) Phase 3: Adjust pointers
[2026-01-02T07:38:24.474-0600][25.558s] GC(11) Phase 3: Adjust pointers 0.316ms
[2026-01-02T07:38:24.474-0600][25.558s] GC(11) Phase 4: Compact heap
[2026-01-02T07:38:24.474-0600][25.559s] GC(11) Phase 4: Compact heap 0.080ms
[2026-01-02T07:38:24.474-0600][25.559s] GC(11) Phase 5: Reset Metadata
[2026-01-02T07:38:24.474-0600][25.559s] GC(11) Phase 5: Reset Metadata 0.160ms
[2026-01-02T07:38:24.474-0600][25.559s] GC(11) Eden regions: 0->0(1)
[2026-01-02T07:38:24.474-0600][25.559s] GC(11) Survivor regions: 0->0(0)
[2026-01-02T07:38:24.474-0600][25.559s] GC(11) Old regions: 2->2
[2026-01-02T07:38:24.474-0600][25.559s] GC(11) Humongous regions: 254->254
[2026-01-02T07:38:24.474-0600][25.559s] GC(11) Metaspace: 449K(640K)->449K(640K) NonClass: 430K(512K)->430K(512K) Class: 19K(128K)->19K(128K)
[2026-01-02T07:38:24.474-0600][25.559s] GC(11) Pause Full (G1 Compaction Pause) 255M->255M(256M) 1.672ms
[2026-01-02T07:38:24.474-0600][25.559s] GC(11) User=0.00s Sys=0.00s Real=0.00s
[2026-01-02T07:38:24.474-0600][25.559s] Attempting maximal full compaction clearing soft references
[2026-01-02T07:38:24.474-0600][25.559s] GC(12) Pause Full (G1 Compaction Pause)
[2026-01-02T07:38:24.474-0600][25.559s] GC(12) Using 6 workers of 11 for full compaction
[2026-01-02T07:38:24.474-0600][25.559s] GC(12) Phase 1: Mark live objects
[2026-01-02T07:38:24.474-0600][25.560s] GC(12) Phase 1: Mark live objects 0.539ms
[2026-01-02T07:38:24.474-0600][25.560s] GC(12) Phase 2: Prepare compaction
[2026-01-02T07:38:24.475-0600][25.560s] GC(12) Phase 2: Prepare compaction 0.287ms
[2026-01-02T07:38:24.475-0600][25.560s] GC(12) Phase 3: Adjust pointers
[2026-01-02T07:38:24.475-0600][25.560s] GC(12) Phase 3: Adjust pointers 0.439ms
[2026-01-02T07:38:24.475-0600][25.560s] GC(12) Phase 4: Compact heap
[2026-01-02T07:38:24.475-0600][25.561s] GC(12) Phase 4: Compact heap 0.199ms
[2026-01-02T07:38:24.475-0600][25.561s] GC(12) Phase 5: Reset Metadata
[2026-01-02T07:38:24.475-0600][25.561s] GC(12) Phase 5: Reset Metadata 0.051ms
[2026-01-02T07:38:24.475-0600][25.561s] GC(12) Eden regions: 0->0(1)
[2026-01-02T07:38:24.475-0600][25.561s] GC(12) Survivor regions: 0->0(0)
[2026-01-02T07:38:24.475-0600][25.561s] GC(12) Old regions: 2->2
[2026-01-02T07:38:24.475-0600][25.561s] GC(12) Humongous regions: 254->254
[2026-01-02T07:38:24.475-0600][25.561s] GC(12) Metaspace: 449K(640K)->449K(640K) NonClass: 430K(512K)->430K(512K) Class: 19K(128K)->19K(128K)
[2026-01-02T07:38:24.477-0600][25.561s] GC(12) Pause Full (G1 Compaction Pause) 255M->255M(256M) 1.919ms
[2026-01-02T07:38:24.477-0600][25.561s] GC(12) User=0.00s Sys=0.00s Real=0.00s
[2026-01-02T07:38:24.477-0600][25.561s] GC(13) Pause Young (Concurrent Start) (G1 Evacuation Pause)
[2026-01-02T07:38:24.477-0600][25.561s] GC(13) Using 6 workers of 11 for evacuation
[2026-01-02T07:38:24.477-0600][25.561s] GC(13)   Pre Evacuate Collection Set: 0.09ms
[2026-01-02T07:38:24.477-0600][25.561s] GC(13)   Merge Heap Roots: 0.02ms
[2026-01-02T07:38:24.477-0600][25.561s] GC(13)   Evacuate Collection Set: 0.06ms
[2026-01-02T07:38:24.477-0600][25.561s] GC(13)   Post Evacuate Collection Set: 0.07ms
[2026-01-02T07:38:24.477-0600][25.561s] GC(13)   Other: 0.03ms
[2026-01-02T07:38:24.477-0600][25.561s] GC(13) Eden regions: 0->0(1)
[2026-01-02T07:38:24.477-0600][25.561s] GC(13) Survivor regions: 0->0(0)
[2026-01-02T07:38:24.477-0600][25.561s] GC(13) Old regions: 2->2
[2026-01-02T07:38:24.477-0600][25.561s] GC(13) Humongous regions: 254->254
[2026-01-02T07:38:24.477-0600][25.561s] GC(13) Metaspace: 449K(640K)->449K(640K) NonClass: 430K(512K)->430K(512K) Class: 19K(128K)->19K(128K)
[2026-01-02T07:38:24.477-0600][25.561s] GC(13) Pause Young (Concurrent Start) (G1 Evacuation Pause) 255M->255M(256M) 0.360ms
[2026-01-02T07:38:24.477-0600][25.561s] GC(13) User=0.00s Sys=0.00s Real=0.00s
[2026-01-02T07:38:24.477-0600][25.561s] GC(14) Concurrent Mark Cycle
[2026-01-02T07:38:24.477-0600][25.561s] Attempting full compaction
[2026-01-02T07:38:24.477-0600][25.561s] GC(14) Concurrent Scan Root Regions
[2026-01-02T07:38:24.477-0600][25.561s] GC(15) Pause Full (G1 Compaction Pause)
[2026-01-02T07:38:24.477-0600][25.561s] GC(14) Concurrent Scan Root Regions 0.024ms
[2026-01-02T07:38:24.477-0600][25.561s] GC(15) Using 6 workers of 11 for full compaction
[2026-01-02T07:38:24.477-0600][25.561s] GC(14) Concurrent Mark
[2026-01-02T07:38:24.477-0600][25.561s] GC(14) Concurrent Mark From Roots
[2026-01-02T07:38:24.477-0600][25.561s] GC(14) Using 3 workers of 3 for marking
[2026-01-02T07:38:24.477-0600][25.562s] GC(15) Phase 1: Mark live objects
[2026-01-02T07:38:24.478-0600][25.562s] GC(15) Phase 1: Mark live objects 0.517ms
[2026-01-02T07:38:24.478-0600][25.562s] GC(15) Phase 2: Prepare compaction
[2026-01-02T07:38:24.478-0600][25.562s] GC(15) Phase 2: Prepare compaction 0.069ms
[2026-01-02T07:38:24.478-0600][25.562s] GC(15) Phase 3: Adjust pointers
[2026-01-02T07:38:24.478-0600][25.563s] GC(15) Phase 3: Adjust pointers 0.427ms
[2026-01-02T07:38:24.478-0600][25.563s] GC(15) Phase 4: Compact heap
[2026-01-02T07:38:24.478-0600][25.563s] GC(15) Phase 4: Compact heap 0.088ms
[2026-01-02T07:38:24.478-0600][25.563s] GC(15) Phase 5: Reset Metadata
[2026-01-02T07:38:24.478-0600][25.563s] GC(15) Phase 5: Reset Metadata 0.151ms
[2026-01-02T07:38:24.479-0600][25.563s] GC(15) Eden regions: 0->0(1)
[2026-01-02T07:38:24.479-0600][25.563s] GC(15) Survivor regions: 0->0(0)
[2026-01-02T07:38:24.479-0600][25.563s] GC(15) Old regions: 2->2
[2026-01-02T07:38:24.479-0600][25.563s] GC(15) Humongous regions: 254->254
[2026-01-02T07:38:24.479-0600][25.563s] GC(15) Metaspace: 449K(640K)->449K(640K) NonClass: 430K(512K)->430K(512K) Class: 19K(128K)->19K(128K)
[2026-01-02T07:38:24.479-0600][25.563s] GC(15) Pause Full (G1 Compaction Pause) 255M->255M(256M) 1.725ms
[2026-01-02T07:38:24.479-0600][25.563s] GC(15) User=0.00s Sys=0.00s Real=0.00s
[2026-01-02T07:38:24.479-0600][25.563s] Attempting maximal full compaction clearing soft references
[2026-01-02T07:38:24.479-0600][25.563s] GC(16) Pause Full (G1 Compaction Pause)
[2026-01-02T07:38:24.479-0600][25.563s] GC(16) Using 6 workers of 11 for full compaction
[2026-01-02T07:38:24.479-0600][25.563s] GC(16) Phase 1: Mark live objects
[2026-01-02T07:38:24.479-0600][25.564s] GC(16) Phase 1: Mark live objects 0.485ms
[2026-01-02T07:38:24.479-0600][25.564s] GC(16) Phase 2: Prepare compaction
[2026-01-02T07:38:24.480-0600][25.564s] GC(16) Phase 2: Prepare compaction 0.212ms
[2026-01-02T07:38:24.480-0600][25.564s] GC(16) Phase 3: Adjust pointers
[2026-01-02T07:38:24.480-0600][25.564s] GC(16) Phase 3: Adjust pointers 0.422ms
[2026-01-02T07:38:24.480-0600][25.564s] GC(16) Phase 4: Compact heap
[2026-01-02T07:38:24.480-0600][25.565s] GC(16) Phase 4: Compact heap 0.193ms
[2026-01-02T07:38:24.480-0600][25.565s] GC(16) Phase 5: Reset Metadata
[2026-01-02T07:38:24.480-0600][25.565s] GC(16) Phase 5: Reset Metadata 0.042ms
[2026-01-02T07:38:24.480-0600][25.565s] GC(16) Eden regions: 0->0(1)
[2026-01-02T07:38:24.480-0600][25.565s] GC(16) Survivor regions: 0->0(0)
[2026-01-02T07:38:24.480-0600][25.565s] GC(16) Old regions: 2->2
[2026-01-02T07:38:24.480-0600][25.565s] GC(16) Humongous regions: 254->254
[2026-01-02T07:38:24.481-0600][25.565s] GC(16) Metaspace: 449K(640K)->449K(640K) NonClass: 430K(512K)->430K(512K) Class: 19K(128K)->19K(128K)
[2026-01-02T07:38:24.481-0600][25.565s] GC(16) Pause Full (G1 Compaction Pause) 255M->255M(256M) 1.774ms
[2026-01-02T07:38:24.481-0600][25.565s] GC(16) User=0.02s Sys=0.00s Real=0.00s
[2026-01-02T07:38:24.481-0600][25.565s] GC(14) Concurrent Mark From Roots 3.509ms
[2026-01-02T07:38:24.481-0600][25.565s] GC(17) Pause Young (Normal) (G1 Evacuation Pause)
[2026-01-02T07:38:24.481-0600][25.565s] GC(17) Using 6 workers of 11 for evacuation
[2026-01-02T07:38:24.481-0600][25.565s] GC(17)   Pre Evacuate Collection Set: 0.04ms
[2026-01-02T07:38:24.481-0600][25.565s] GC(17)   Merge Heap Roots: 0.02ms
[2026-01-02T07:38:24.481-0600][25.565s] GC(17)   Evacuate Collection Set: 0.04ms
[2026-01-02T07:38:24.481-0600][25.565s] GC(17)   Post Evacuate Collection Set: 0.07ms
[2026-01-02T07:38:24.481-0600][25.565s] GC(17)   Other: 0.02ms
[2026-01-02T07:38:24.481-0600][25.565s] GC(17) Eden regions: 0->0(1)
[2026-01-02T07:38:24.481-0600][25.565s] GC(17) Survivor regions: 0->0(0)
[2026-01-02T07:38:24.481-0600][25.565s] GC(17) Old regions: 2->2
[2026-01-02T07:38:24.481-0600][25.565s] GC(17) Humongous regions: 254->254
[2026-01-02T07:38:24.481-0600][25.565s] GC(17) Metaspace: 449K(640K)->449K(640K) NonClass: 430K(512K)->430K(512K) Class: 19K(128K)->19K(128K)
[2026-01-02T07:38:24.481-0600][25.565s] GC(17) Pause Young (Normal) (G1 Evacuation Pause) 255M->255M(256M) 0.292ms
[2026-01-02T07:38:24.481-0600][25.565s] GC(17) User=0.00s Sys=0.00s Real=0.00s
[2026-01-02T07:38:24.481-0600][25.565s] Attempting full compaction
[2026-01-02T07:38:24.481-0600][25.565s] GC(18) Pause Full (G1 Compaction Pause)
[2026-01-02T07:38:24.481-0600][25.565s] GC(18) Using 6 workers of 11 for full compaction
[2026-01-02T07:38:24.481-0600][25.565s] GC(18) Phase 1: Mark live objects
[2026-01-02T07:38:24.482-0600][25.566s] GC(18) Phase 1: Mark live objects 0.816ms
[2026-01-02T07:38:24.482-0600][25.566s] GC(18) Phase 2: Prepare compaction
[2026-01-02T07:38:24.482-0600][25.566s] GC(18) Phase 2: Prepare compaction 0.089ms
[2026-01-02T07:38:24.482-0600][25.566s] GC(18) Phase 3: Adjust pointers
[2026-01-02T07:38:24.482-0600][25.567s] GC(18) Phase 3: Adjust pointers 0.345ms
[2026-01-02T07:38:24.482-0600][25.567s] GC(18) Phase 4: Compact heap
[2026-01-02T07:38:24.482-0600][25.567s] GC(18) Phase 4: Compact heap 0.108ms
[2026-01-02T07:38:24.482-0600][25.567s] GC(18) Phase 5: Reset Metadata
[2026-01-02T07:38:24.482-0600][25.567s] GC(18) Phase 5: Reset Metadata 0.166ms
[2026-01-02T07:38:24.483-0600][25.567s] GC(18) Eden regions: 0->0(1)
[2026-01-02T07:38:24.483-0600][25.567s] GC(18) Survivor regions: 0->0(0)
[2026-01-02T07:38:24.483-0600][25.567s] GC(18) Old regions: 2->2
[2026-01-02T07:38:24.483-0600][25.567s] GC(18) Humongous regions: 254->254
[2026-01-02T07:38:24.483-0600][25.567s] GC(18) Metaspace: 449K(640K)->449K(640K) NonClass: 430K(512K)->430K(512K) Class: 19K(128K)->19K(128K)
[2026-01-02T07:38:24.483-0600][25.567s] GC(18) Pause Full (G1 Compaction Pause) 255M->255M(256M) 2.079ms
[2026-01-02T07:38:24.483-0600][25.567s] GC(18) User=0.00s Sys=0.00s Real=0.00s
[2026-01-02T07:38:24.483-0600][25.567s] Attempting maximal full compaction clearing soft references
[2026-01-02T07:38:24.483-0600][25.567s] GC(19) Pause Full (G1 Compaction Pause)
[2026-01-02T07:38:24.483-0600][25.567s] GC(19) Using 6 workers of 11 for full compaction
[2026-01-02T07:38:24.483-0600][25.568s] GC(19) Phase 1: Mark live objects
[2026-01-02T07:38:24.483-0600][25.568s] GC(19) Phase 1: Mark live objects 0.516ms
[2026-01-02T07:38:24.483-0600][25.568s] GC(19) Phase 2: Prepare compaction
[2026-01-02T07:38:24.484-0600][25.568s] GC(19) Phase 2: Prepare compaction 0.211ms
[2026-01-02T07:38:24.484-0600][25.568s] GC(19) Phase 3: Adjust pointers
[2026-01-02T07:38:24.484-0600][25.569s] GC(19) Phase 3: Adjust pointers 0.432ms
[2026-01-02T07:38:24.484-0600][25.569s] GC(19) Phase 4: Compact heap
[2026-01-02T07:38:24.484-0600][25.569s] GC(19) Phase 4: Compact heap 0.188ms
[2026-01-02T07:38:24.484-0600][25.569s] GC(19) Phase 5: Reset Metadata
[2026-01-02T07:38:24.484-0600][25.569s] GC(19) Phase 5: Reset Metadata 0.043ms
[2026-01-02T07:38:24.484-0600][25.569s] GC(19) Eden regions: 0->0(1)
[2026-01-02T07:38:24.484-0600][25.569s] GC(19) Survivor regions: 0->0(0)
[2026-01-02T07:38:24.484-0600][25.569s] GC(19) Old regions: 2->2
[2026-01-02T07:38:24.484-0600][25.569s] GC(19) Humongous regions: 254->254
[2026-01-02T07:38:24.485-0600][25.569s] GC(19) Metaspace: 449K(640K)->449K(640K) NonClass: 430K(512K)->430K(512K) Class: 19K(128K)->19K(128K)
[2026-01-02T07:38:24.485-0600][25.569s] GC(19) Pause Full (G1 Compaction Pause) 255M->255M(256M) 1.885ms
[2026-01-02T07:38:24.485-0600][25.569s] GC(19) User=0.00s Sys=0.00s Real=0.00s
[2026-01-02T07:38:24.485-0600][25.569s] GC(14) Concurrent Mark Abort
[2026-01-02T07:38:24.485-0600][25.569s] GC(14) Concurrent Mark Cycle 7.969ms
[2026-01-02T07:38:24.485-0600][25.569s] GC(20) Pause Young (Normal) (G1 Evacuation Pause)
[2026-01-02T07:38:24.485-0600][25.569s] GC(20) Using 6 workers of 11 for evacuation
[2026-01-02T07:38:24.485-0600][25.570s] GC(20)   Pre Evacuate Collection Set: 0.04ms
[2026-01-02T07:38:24.485-0600][25.570s] GC(20)   Merge Heap Roots: 0.02ms
[2026-01-02T07:38:24.485-0600][25.570s] GC(20)   Evacuate Collection Set: 0.05ms
[2026-01-02T07:38:24.485-0600][25.570s] GC(20)   Post Evacuate Collection Set: 0.07ms
[2026-01-02T07:38:24.485-0600][25.570s] GC(20)   Other: 0.03ms
[2026-01-02T07:38:24.485-0600][25.570s] GC(20) Eden regions: 0->0(1)
[2026-01-02T07:38:24.485-0600][25.570s] GC(20) Survivor regions: 0->0(0)
[2026-01-02T07:38:24.485-0600][25.570s] GC(20) Old regions: 2->2
[2026-01-02T07:38:24.485-0600][25.570s] GC(20) Humongous regions: 254->254
[2026-01-02T07:38:24.485-0600][25.570s] GC(20) Metaspace: 449K(640K)->449K(640K) NonClass: 430K(512K)->430K(512K) Class: 19K(128K)->19K(128K)
[2026-01-02T07:38:24.485-0600][25.570s] GC(20) Pause Young (Normal) (G1 Evacuation Pause) 255M->255M(256M) 0.282ms
[2026-01-02T07:38:24.485-0600][25.570s] GC(20) User=0.00s Sys=0.00s Real=0.00s
[2026-01-02T07:38:24.485-0600][25.570s] Attempting full compaction
[2026-01-02T07:38:24.485-0600][25.570s] GC(21) Pause Full (G1 Compaction Pause)
[2026-01-02T07:38:24.485-0600][25.570s] GC(21) Using 6 workers of 11 for full compaction
[2026-01-02T07:38:24.485-0600][25.570s] GC(21) Phase 1: Mark live objects
[2026-01-02T07:38:24.485-0600][25.570s] GC(21) Phase 1: Mark live objects 0.469ms
[2026-01-02T07:38:24.485-0600][25.570s] GC(21) Phase 2: Prepare compaction
[2026-01-02T07:38:24.486-0600][25.570s] GC(21) Phase 2: Prepare compaction 0.154ms
[2026-01-02T07:38:24.486-0600][25.570s] GC(21) Phase 3: Adjust pointers
[2026-01-02T07:38:24.486-0600][25.571s] GC(21) Phase 3: Adjust pointers 0.487ms
[2026-01-02T07:38:24.486-0600][25.571s] GC(21) Phase 4: Compact heap
[2026-01-02T07:38:24.486-0600][25.571s] GC(21) Phase 4: Compact heap 0.108ms
[2026-01-02T07:38:24.486-0600][25.571s] GC(21) Phase 5: Reset Metadata
[2026-01-02T07:38:24.486-0600][25.571s] GC(21) Phase 5: Reset Metadata 0.147ms
[2026-01-02T07:38:24.487-0600][25.571s] GC(21) Eden regions: 0->0(68)
[2026-01-02T07:38:24.487-0600][25.571s] GC(21) Survivor regions: 0->0(0)
[2026-01-02T07:38:24.487-0600][25.571s] GC(21) Old regions: 2->2
[2026-01-02T07:38:24.487-0600][25.571s] GC(21) Humongous regions: 254->0
[2026-01-02T07:38:24.487-0600][25.572s] GC(21) Metaspace: 449K(640K)->449K(640K) NonClass: 430K(512K)->430K(512K) Class: 19K(128K)->19K(128K)
[2026-01-02T07:38:24.487-0600][25.572s] GC(21) Pause Full (G1 Compaction Pause) 255M->1M(128M) 1.810ms
[2026-01-02T07:38:24.487-0600][25.572s] GC(21) User=0.00s Sys=0.00s Real=0.00s
[2026-01-02T07:38:24.491-0600][25.576s] Heap
[2026-01-02T07:38:24.491-0600][25.576s]  garbage-first heap   total reserved 262144K, committed 131072K, used 2009K [0x00000000f0000000, 0x0000000100000000)
[2026-01-02T07:38:24.491-0600][25.576s]   region size 1024K, 1 young (1024K), 0 survivors (0K)
[2026-01-02T07:38:24.491-0600][25.576s]  Metaspace       used 454K, committed 640K, reserved 1114112K
[2026-01-02T07:38:24.491-0600][25.576s]   class space    used 19K, committed 128K, reserved 1048576K
